Archive member included to satisfy reference by file (symbol)

/Applications/Simplicity Studio.app/Contents/Eclipse/developer/toolchains/gnu_arm/10.2_2020q4/bin/../lib/gcc/arm-none-eabi/10.2.1/thumb/v6-m/nofp/libgcc.a(_udivsi3.o)
                              ./timer.o (__aeabi_uidiv)
/Applications/Simplicity Studio.app/Contents/Eclipse/developer/toolchains/gnu_arm/10.2_2020q4/bin/../lib/gcc/arm-none-eabi/10.2.1/thumb/v6-m/nofp/libgcc.a(_dvmd_tls.o)
                              /Applications/Simplicity Studio.app/Contents/Eclipse/developer/toolchains/gnu_arm/10.2_2020q4/bin/../lib/gcc/arm-none-eabi/10.2.1/thumb/v6-m/nofp/libgcc.a(_udivsi3.o) (__aeabi_idiv0)
/Applications/Simplicity Studio.app/Contents/Eclipse/developer/toolchains/gnu_arm/10.2_2020q4/bin/../lib/gcc/arm-none-eabi/10.2.1/thumb/v6-m/nofp/libgcc.a(_arm_cmpsf2.o)
                              ./app.o (__aeabi_fcmplt)
/Applications/Simplicity Studio.app/Contents/Eclipse/developer/toolchains/gnu_arm/10.2_2020q4/bin/../lib/gcc/arm-none-eabi/10.2.1/thumb/v6-m/nofp/libgcc.a(_clzsi2.o)
                              ./gecko_sdk_3.2.3/platform/emlib/src/em_cmu.o (__clzsi2)
/Applications/Simplicity Studio.app/Contents/Eclipse/developer/toolchains/gnu_arm/10.2_2020q4/bin/../lib/gcc/arm-none-eabi/10.2.1/thumb/v6-m/nofp/libgcc.a(_aeabi_uldivmod.o)
                              ./gecko_sdk_3.2.3/platform/emlib/src/em_usart.o (__aeabi_uldivmod)
/Applications/Simplicity Studio.app/Contents/Eclipse/developer/toolchains/gnu_arm/10.2_2020q4/bin/../lib/gcc/arm-none-eabi/10.2.1/thumb/v6-m/nofp/libgcc.a(_muldi3.o)
                              ./gecko_sdk_3.2.3/platform/emlib/src/em_usart.o (__aeabi_lmul)
/Applications/Simplicity Studio.app/Contents/Eclipse/developer/toolchains/gnu_arm/10.2_2020q4/bin/../lib/gcc/arm-none-eabi/10.2.1/thumb/v6-m/nofp/libgcc.a(_fixunsdfsi.o)
                              ./timer.o (__aeabi_d2uiz)
/Applications/Simplicity Studio.app/Contents/Eclipse/developer/toolchains/gnu_arm/10.2_2020q4/bin/../lib/gcc/arm-none-eabi/10.2.1/thumb/v6-m/nofp/libgcc.a(_udivmoddi4.o)
                              /Applications/Simplicity Studio.app/Contents/Eclipse/developer/toolchains/gnu_arm/10.2_2020q4/bin/../lib/gcc/arm-none-eabi/10.2.1/thumb/v6-m/nofp/libgcc.a(_aeabi_uldivmod.o) (__udivmoddi4)
/Applications/Simplicity Studio.app/Contents/Eclipse/developer/toolchains/gnu_arm/10.2_2020q4/bin/../lib/gcc/arm-none-eabi/10.2.1/thumb/v6-m/nofp/libgcc.a(addsf3.o)
                              ./app.o (__aeabi_fadd)
/Applications/Simplicity Studio.app/Contents/Eclipse/developer/toolchains/gnu_arm/10.2_2020q4/bin/../lib/gcc/arm-none-eabi/10.2.1/thumb/v6-m/nofp/libgcc.a(divsf3.o)
                              ./app.o (__aeabi_fdiv)
/Applications/Simplicity Studio.app/Contents/Eclipse/developer/toolchains/gnu_arm/10.2_2020q4/bin/../lib/gcc/arm-none-eabi/10.2.1/thumb/v6-m/nofp/libgcc.a(eqsf2.o)
                              /Applications/Simplicity Studio.app/Contents/Eclipse/developer/toolchains/gnu_arm/10.2_2020q4/bin/../lib/gcc/arm-none-eabi/10.2.1/thumb/v6-m/nofp/libgcc.a(_arm_cmpsf2.o) (__eqsf2)
/Applications/Simplicity Studio.app/Contents/Eclipse/developer/toolchains/gnu_arm/10.2_2020q4/bin/../lib/gcc/arm-none-eabi/10.2.1/thumb/v6-m/nofp/libgcc.a(gesf2.o)
                              /Applications/Simplicity Studio.app/Contents/Eclipse/developer/toolchains/gnu_arm/10.2_2020q4/bin/../lib/gcc/arm-none-eabi/10.2.1/thumb/v6-m/nofp/libgcc.a(_arm_cmpsf2.o) (__gesf2)
/Applications/Simplicity Studio.app/Contents/Eclipse/developer/toolchains/gnu_arm/10.2_2020q4/bin/../lib/gcc/arm-none-eabi/10.2.1/thumb/v6-m/nofp/libgcc.a(lesf2.o)
                              /Applications/Simplicity Studio.app/Contents/Eclipse/developer/toolchains/gnu_arm/10.2_2020q4/bin/../lib/gcc/arm-none-eabi/10.2.1/thumb/v6-m/nofp/libgcc.a(_arm_cmpsf2.o) (__lesf2)
/Applications/Simplicity Studio.app/Contents/Eclipse/developer/toolchains/gnu_arm/10.2_2020q4/bin/../lib/gcc/arm-none-eabi/10.2.1/thumb/v6-m/nofp/libgcc.a(mulsf3.o)
                              ./app.o (__aeabi_fmul)
/Applications/Simplicity Studio.app/Contents/Eclipse/developer/toolchains/gnu_arm/10.2_2020q4/bin/../lib/gcc/arm-none-eabi/10.2.1/thumb/v6-m/nofp/libgcc.a(subsf3.o)
                              ./app.o (__aeabi_fsub)
/Applications/Simplicity Studio.app/Contents/Eclipse/developer/toolchains/gnu_arm/10.2_2020q4/bin/../lib/gcc/arm-none-eabi/10.2.1/thumb/v6-m/nofp/libgcc.a(fixsfsi.o)
                              ./app.o (__aeabi_f2iz)
/Applications/Simplicity Studio.app/Contents/Eclipse/developer/toolchains/gnu_arm/10.2_2020q4/bin/../lib/gcc/arm-none-eabi/10.2.1/thumb/v6-m/nofp/libgcc.a(floatunsisf.o)
                              ./app.o (__aeabi_ui2f)
/Applications/Simplicity Studio.app/Contents/Eclipse/developer/toolchains/gnu_arm/10.2_2020q4/bin/../lib/gcc/arm-none-eabi/10.2.1/thumb/v6-m/nofp/libgcc.a(divdf3.o)
                              ./timer.o (__aeabi_ddiv)
[...]
Memory Configuration

Name             Origin             Length             Attributes
FLASH            0x0000000000000000 0x0000000000010000 xr
RAM              0x0000000020000000 0x0000000000002000 xrw
*default*        0x0000000000000000 0xffffffffffffffff

Linker script and memory map

LOAD /Applications/Simplicity Studio.app/Contents/Eclipse/developer/toolchains/gnu_arm/10.2_2020q4/bin/../lib/gcc/arm-none-eabi/10.2.1/thumb/v6-m/nofp/crti.o
LOAD /Applications/Simplicity Studio.app/Contents/Eclipse/developer/toolchains/gnu_arm/10.2_2020q4/bin/../lib/gcc/arm-none-eabi/10.2.1/thumb/v6-m/nofp/crtbegin.o
LOAD /Applications/Simplicity Studio.app/Contents/Eclipse/developer/toolchains/gnu_arm/10.2_2020q4/bin/../lib/gcc/arm-none-eabi/10.2.1/../../../../arm-none-eabi/lib/thumb/v6-m/nofp/crt0.o
START GROUP
LOAD ./app.o
LOAD ./blink.o
LOAD ./gpio.o
LOAD ./i2c.o
LOAD ./leuart.o
LOAD ./main.o
LOAD ./max17043.o
LOAD ./mfrc522.o
LOAD ./motor.o
LOAD ./path.o
LOAD ./timer.o
LOAD ./usart.o
LOAD ./autogen/sl_device_init_clocks.o
LOAD ./autogen/sl_event_handler.o
LOAD ./autogen/sl_simple_led_instances.o
LOAD ./gecko_sdk_3.2.3/platform/Device/SiliconLabs/EFM32HG/Source/GCC/startup_efm32hg.o
LOAD ./gecko_sdk_3.2.3/platform/Device/SiliconLabs/EFM32HG/Source/system_efm32hg.o
LOAD ./gecko_sdk_3.2.3/platform/common/toolchain/src/sl_memory.o
LOAD ./gecko_sdk_3.2.3/platform/driver/leddrv/src/sl_led.o
LOAD ./gecko_sdk_3.2.3/platform/driver/leddrv/src/sl_simple_led.o
LOAD ./gecko_sdk_3.2.3/platform/emlib/src/em_assert.o
LOAD ./gecko_sdk_3.2.3/platform/emlib/src/em_cmu.o
LOAD ./gecko_sdk_3.2.3/platform/emlib/src/em_core.o
LOAD ./gecko_sdk_3.2.3/platform/emlib/src/em_emu.o
LOAD ./gecko_sdk_3.2.3/platform/emlib/src/em_gpio.o
LOAD ./gecko_sdk_3.2.3/platform/emlib/src/em_i2c.o
LOAD ./gecko_sdk_3.2.3/platform/emlib/src/em_leaurt.o
LOAD ./gecko_sdk_3.2.3/platform/emlib/src/em_rtc.o
LOAD ./gecko_sdk_3.2.3/platform/emlib/src/em_system.o
LOAD ./gecko_sdk_3.2.3/platform/emlib/src/em_timer.o
LOAD ./gecko_sdk_3.2.3/platform/emlib/src/em_usart.o
LOAD ./gecko_sdk_3.2.3/platform/service/device_init/src/sl_device_init_emu_s0.o
LOAD ./gecko_sdk_3.2.3/platform/service/device_init/src/sl_device_init_nvic.o
LOAD ./gecko_sdk_3.2.3/platform/service/sleeptimer/src/sl_sleeptimer.o
LOAD ./gecko_sdk_3.2.3/platform/service/sleeptimer/src/sl_sleeptimer_hal_rtc.o
LOAD ./gecko_sdk_3.2.3/platform/service/system/src/sl_system_init.o
LOAD ./gecko_sdk_3.2.3/platform/service/system/src/sl_system_process_action.o
LOAD /Applications/Simplicity Studio.app/Contents/Eclipse/developer/toolchains/gnu_arm/10.2_2020q4/bin/../lib/gcc/arm-none-eabi/10.2.1/thumb/v6-m/nofp/libgcc.a
LOAD /Applications/Simplicity Studio.app/Contents/Eclipse/developer/toolchains/gnu_arm/10.2_2020q4/bin/../lib/gcc/arm-none-eabi/10.2.1/../../../../arm-none-eabi/lib/thumb/v6-m/nofp/libc_nano.a
LOAD /Applications/Simplicity Studio.app/Contents/Eclipse/developer/toolchains/gnu_arm/10.2_2020q4/bin/../lib/gcc/arm-none-eabi/10.2.1/../../../../arm-none-eabi/lib/thumb/v6-m/nofp/libm.a
LOAD /Applications/Simplicity Studio.app/Contents/Eclipse/developer/toolchains/gnu_arm/10.2_2020q4/bin/../lib/gcc/arm-none-eabi/10.2.1/../../../../arm-none-eabi/lib/thumb/v6-m/nofp/libnosys.a
END GROUP
START GROUP
LOAD /Applications/Simplicity Studio.app/Contents/Eclipse/developer/toolchains/gnu_arm/10.2_2020q4/bin/../lib/gcc/arm-none-eabi/10.2.1/thumb/v6-m/nofp/libgcc.a
LOAD /Applications/Simplicity Studio.app/Contents/Eclipse/developer/toolchains/gnu_arm/10.2_2020q4/bin/../lib/gcc/arm-none-eabi/10.2.1/../../../../arm-none-eabi/lib/thumb/v6-m/nofp/libc_nano.a
LOAD /Applications/Simplicity Studio.app/Contents/Eclipse/developer/toolchains/gnu_arm/10.2_2020q4/bin/../lib/gcc/arm-none-eabi/10.2.1/../../../../arm-none-eabi/lib/thumb/v6-m/nofp/libnosys.a
END GROUP
START GROUP
LOAD /Applications/Simplicity Studio.app/Contents/Eclipse/developer/toolchains/gnu_arm/10.2_2020q4/bin/../lib/gcc/arm-none-eabi/10.2.1/thumb/v6-m/nofp/libgcc.a
LOAD /Applications/Simplicity Studio.app/Contents/Eclipse/developer/toolchains/gnu_arm/10.2_2020q4/bin/../lib/gcc/arm-none-eabi/10.2.1/../../../../arm-none-eabi/lib/thumb/v6-m/nofp/libg_nano.a
LOAD /Applications/Simplicity Studio.app/Contents/Eclipse/developer/toolchains/gnu_arm/10.2_2020q4/bin/../lib/gcc/arm-none-eabi/10.2.1/../../../../arm-none-eabi/lib/thumb/v6-m/nofp/libc_nano.a
END GROUP
START GROUP
LOAD /Applications/Simplicity Studio.app/Contents/Eclipse/developer/toolchains/gnu_arm/10.2_2020q4/bin/../lib/gcc/arm-none-eabi/10.2.1/thumb/v6-m/nofp/libgcc.a
LOAD /Applications/Simplicity Studio.app/Contents/Eclipse/developer/toolchains/gnu_arm/10.2_2020q4/bin/../lib/gcc/arm-none-eabi/10.2.1/../../../../arm-none-eabi/lib/thumb/v6-m/nofp/libc_nano.a
END GROUP
LOAD /Applications/Simplicity Studio.app/Contents/Eclipse/developer/toolchains/gnu_arm/10.2_2020q4/bin/../lib/gcc/arm-none-eabi/10.2.1/thumb/v6-m/nofp/crtend.o
LOAD /Applications/Simplicity Studio.app/Contents/Eclipse/developer/toolchains/gnu_arm/10.2_2020q4/bin/../lib/gcc/arm-none-eabi/10.2.1/thumb/v6-m/nofp/crtn.o

.text           0x0000000000000000     0xa5d0
                0x0000000000000000                linker_vectors_begin = .
 *(.vectors)
 .vectors       0x0000000000000000       0x94 ./gecko_sdk_3.2.3/platform/Device/SiliconLabs/EFM32HG/Source/GCC/startup_efm32hg.o
                0x0000000000000000                __Vectors
                0x0000000000000094                linker_vectors_end = .
                0x0000000000000094                __Vectors_End = .
                0x0000000000000094                __Vectors_Size = (__Vectors_End - __Vectors)
                0x0000000000000094                linker_code_begin = .
 *(.text*)
 .text          0x0000000000000094       0x48 /Applications/Simplicity Studio.app/Contents/Eclipse/developer/toolchains/gnu_arm/10.2_2020q4/bin/../lib/gcc/arm-none-eabi/10.2.1/thumb/v6-m/nofp/crtbegin.o
 .text          0x00000000000000dc       0x80 /Applications/Simplicity Studio.app/Contents/Eclipse/developer/toolchains/gnu_arm/10.2_2020q4/bin/../lib/gcc/arm-none-eabi/10.2.1/../../../../arm-none-eabi/lib/thumb/v6-m/nofp/crt0.o
                0x00000000000000dc                _stack_init
                0x00000000000000e8                _mainCRTStartup
                0x00000000000000e8                _start
 .text.app_init
                0x000000000000015c       0x48 ./app.o
                0x000000000000015c                app_init
 .text.app_process_action
                0x00000000000001a4      0x134 ./app.o
                0x00000000000001a4                app_process_action
 .text.app_send_battery
                0x00000000000002d8       0xf0 ./app.o
                0x00000000000002d8                app_send_battery
 .text.app_pwm_open
                0x00000000000003c8       0xec ./app.o
                0x00000000000003c8                app_pwm_open
 .text.app_leuart_open
                0x00000000000004b4       0x64 ./app.o
                0x00000000000004b4                app_leuart_open
 .text.sl_sleeptimer_start_periodic_timer_ms
                0x0000000000000518       0x48 ./blink.o
 .text.blink_init
                0x0000000000000560       0x28 ./blink.o
                0x0000000000000560                blink_init
 .text.on_timeout
                0x0000000000000588       0x18 ./blink.o
 .text.GPIO_PinOutClear
                0x00000000000005a0       0xb4 ./gpio.o
 .text.GPIO_PinOutSet
                0x0000000000000654       0xb4 ./gpio.o
 .text.gpio_init
                0x0000000000000708       0xd4 ./gpio.o
                0x0000000000000708                gpio_init
 .text.charge_on
                0x00000000000007dc        0xe ./gpio.o
                0x00000000000007dc                charge_on
 .text.charge_off
                0x00000000000007ea        0xe ./gpio.o
                0x00000000000007ea                charge_off
 .text.__NVIC_EnableIRQ
                0x00000000000007f8       0x34 ./i2c.o
 .text.i2c_is_busy
                0x000000000000082c       0x24 ./i2c.o
                0x000000000000082c                i2c_is_busy
 .text.i2c_open
                0x0000000000000850      0x110 ./i2c.o
                0x0000000000000850                i2c_open
 .text.i2c_bus_reset
                0x0000000000000960       0x52 ./i2c.o
 *fill*         0x00000000000009b2        0x2 
 .text.i2c_start
                0x00000000000009b4       0xbc ./i2c.o
                0x00000000000009b4                i2c_start
 .text.I2C0_IRQHandler
                0x0000000000000a70       0xa8 ./i2c.o
                0x0000000000000a70                I2C0_IRQHandler
 .text.ack_received
                0x0000000000000b18       0xf0 ./i2c.o
 .text.nack_received
                0x0000000000000c08       0x30 ./i2c.o
 .text.rxdatav_received
                0x0000000000000c38       0xa0 ./i2c.o
 .text.mstop_received
                0x0000000000000cd8       0x40 ./i2c.o
 .text.__NVIC_EnableIRQ
                0x0000000000000d18       0x34 ./leuart.o
 .text.leuart_open
                0x0000000000000d4c      0x134 ./leuart.o
                0x0000000000000d4c                leuart_open
 .text.LEUART0_IRQHandler
                0x0000000000000e80       0xa4 ./leuart.o
                0x0000000000000e80                LEUART0_IRQHandler
 .text.txbl_recevied
                0x0000000000000f24       0x8c ./leuart.o
 .text.txc_recevied
                0x0000000000000fb0       0x58 ./leuart.o
 .text.startframe_recevied
                0x0000000000001008       0x58 ./leuart.o
                0x0000000000001008                startframe_recevied
 .text.sigframe_recevied
                0x0000000000001060       0x90 ./leuart.o
 .text.rxdatav_recevied
                0x00000000000010f0       0xc8 ./leuart.o
 .text.leuart_start
                0x00000000000011b8       0xb0 ./leuart.o
                0x00000000000011b8                leuart_start
 .text.leuart_tx_busy
                0x0000000000001268       0x28 ./leuart.o
                0x0000000000001268                leuart_tx_busy
 .text.leuart_newData
                0x0000000000001290       0x10 ./leuart.o
                0x0000000000001290                leuart_newData
 .text.leuart_read
                0x00000000000012a0       0x28 ./leuart.o
                0x00000000000012a0                leuart_read
 .text.leuart_write
                0x00000000000012c8       0x1c ./leuart.o
                0x00000000000012c8                leuart_write
 .text.main     0x00000000000012e4       0x14 ./main.o
                0x00000000000012e4                main
 .text.max17043_open
                0x00000000000012f8       0x44 ./max17043.o
                0x00000000000012f8                max17043_open
 .text.max17043_read
                0x000000000000133c       0x50 ./max17043.o
                0x000000000000133c                max17043_read
 .text.max17043_soc
                0x000000000000138c       0x2c ./max17043.o
                0x000000000000138c                max17043_soc
 .text.mfrc522_open
                0x00000000000013b8       0x68 ./mfrc522.o
                0x00000000000013b8                mfrc522_open
 .text.mfrc522_write
                0x0000000000001420       0x3c ./mfrc522.o
                0x0000000000001420                mfrc522_write
 .text.mfrc522_read
                0x000000000000145c       0x3c ./mfrc522.o
                0x000000000000145c                mfrc522_read
 .text.mfrc522_transceive
                0x0000000000001498       0xc0 ./mfrc522.o
 .text.mfrc522_card
                0x0000000000001558       0xec ./mfrc522.o
                0x0000000000001558                mfrc522_card
 .text.mfrc522_config
                0x0000000000001644       0xc8 ./mfrc522.o
                0x0000000000001644                mfrc522_config
 .text.clear_collreg
                0x000000000000170c       0x44 ./mfrc522.o
 .text.GPIO_PinOutClear
                0x0000000000001750       0xb4 ./motor.o
 .text.GPIO_PinOutSet
                0x0000000000001804       0xb4 ./motor.o
 .text.left_turn
                0x00000000000018b8       0x38 ./motor.o
                0x00000000000018b8                left_turn
 .text.right_turn
                0x00000000000018f0       0x38 ./motor.o
                0x00000000000018f0                right_turn
 .text.straight
                0x0000000000001928       0x38 ./motor.o
                0x0000000000001928                straight
 .text.stop_motor
                0x0000000000001960       0x34 ./motor.o
                0x0000000000001960                stop_motor
 .text.execute_cmd
                0x0000000000001994       0x68 ./motor.o
                0x0000000000001994                execute_cmd
 .text.parse    0x00000000000019fc       0x88 ./path.o
                0x00000000000019fc                parse
 .text.get_currID
                0x0000000000001a84       0x3c ./path.o
                0x0000000000001a84                get_currID
 .text.get_target
                0x0000000000001ac0       0x54 ./path.o
                0x0000000000001ac0                get_target
 .text.push     0x0000000000001b14       0x5c ./path.o
                0x0000000000001b14                push
 .text.clear_after
                0x0000000000001b70       0x2c ./path.o
                0x0000000000001b70                clear_after
 .text.clear_all
                0x0000000000001b9c       0x1c ./path.o
                0x0000000000001b9c                clear_all
 .text.popLL    0x0000000000001bb8       0x28 ./path.o
                0x0000000000001bb8                popLL
 .text.__NVIC_EnableIRQ
                0x0000000000001be0       0x34 ./timer.o
 .text.TIMER_Valid
                0x0000000000001c14       0x3c ./timer.o
 .text.TIMER_MaxCount
                0x0000000000001c50       0x10 ./timer.o
 .text.TIMER_CompareSet
                0x0000000000001c60       0x44 ./timer.o
 .text.TIMER_Enable
                0x0000000000001ca4       0x4c ./timer.o
 .text.TIMER_TopSet
                0x0000000000001cf0       0x38 ./timer.o
 .text.timer_pwm_open
                0x0000000000001d28      0x2ac ./timer.o
                0x0000000000001d28                timer_pwm_open
 .text.timer_start
                0x0000000000001fd4       0x24 ./timer.o
                0x0000000000001fd4                timer_start
 .text.timer_dc_set
                0x0000000000001ff8       0x40 ./timer.o
                0x0000000000001ff8                timer_dc_set
 .text.timeout_open
                0x0000000000002038       0xf4 ./timer.o
                0x0000000000002038                timeout_open
 .text.TIMER0_IRQHandler
                0x000000000000212c       0x30 ./timer.o
                0x000000000000212c                TIMER0_IRQHandler
 .text.TIMER1_IRQHandler
                0x000000000000215c       0x2c ./timer.o
                0x000000000000215c                TIMER1_IRQHandler
 .text.timeout_ctrl
                0x0000000000002188       0x10 ./timer.o
                0x0000000000002188                timeout_ctrl
 .text.timeout_reset
                0x0000000000002198       0x28 ./timer.o
                0x0000000000002198                timeout_reset
 .text.get_timer_flag
                0x00000000000021c0       0x38 ./timer.o
                0x00000000000021c0                get_timer_flag
 .text.clear_timer_flag
                0x00000000000021f8       0x38 ./timer.o
                0x00000000000021f8                clear_timer_flag
 .text.__NVIC_EnableIRQ
                0x0000000000002230       0x34 ./usart.o
 .text.GPIO_PinOutClear
                0x0000000000002264       0xb4 ./usart.o
 .text.GPIO_PinOutSet
                0x0000000000002318       0xb4 ./usart.o
 .text.spi_open
                0x00000000000023cc      0x158 ./usart.o
                0x00000000000023cc                spi_open
 .text.spi_start
                0x0000000000002524       0xfc ./usart.o
                0x0000000000002524                spi_start
 .text.spi_isbusy
                0x0000000000002620       0x40 ./usart.o
                0x0000000000002620                spi_isbusy
 .text.USART0_RX_IRQHandler
                0x0000000000002660       0x34 ./usart.o
                0x0000000000002660                USART0_RX_IRQHandler
 .text.USART1_RX_IRQHandler
                0x0000000000002694       0x34 ./usart.o
                0x0000000000002694                USART1_RX_IRQHandler
 .text.USART0_TX_IRQHandler
                0x00000000000026c8       0x5c ./usart.o
                0x00000000000026c8                USART0_TX_IRQHandler
 .text.USART1_TX_IRQHandler
                0x0000000000002724       0x5c ./usart.o
                0x0000000000002724                USART1_TX_IRQHandler
 .text.txbl_recevied
                0x0000000000002780      0x110 ./usart.o
 .text.txc_recevied
                0x0000000000002890       0x58 ./usart.o
 .text.rxdatav_recevied
                0x00000000000028e8       0xb8 ./usart.o
 .text.sl_device_init_clocks
                0x00000000000029a0       0x3c ./autogen/sl_device_init_clocks.o
                0x00000000000029a0                sl_device_init_clocks
 .text.SYSTEM_GetProdRev
                0x00000000000029dc       0x10 ./autogen/sl_event_handler.o
 .text.CHIP_Init
                0x00000000000029ec       0x4c ./autogen/sl_event_handler.o
 .text.sl_platform_init
                0x0000000000002a38       0x16 ./autogen/sl_event_handler.o
                0x0000000000002a38                sl_platform_init
 .text.sl_driver_init
                0x0000000000002a4e        0xa ./autogen/sl_event_handler.o
                0x0000000000002a4e                sl_driver_init
 .text.sl_service_init
                0x0000000000002a58        0xa ./autogen/sl_event_handler.o
                0x0000000000002a58                sl_service_init
 .text.sl_stack_init
                0x0000000000002a62        0x4 ./autogen/sl_event_handler.o
                0x0000000000002a62                sl_stack_init
 .text.sl_internal_app_init
                0x0000000000002a66        0x4 ./autogen/sl_event_handler.o
                0x0000000000002a66                sl_internal_app_init
 .text.sl_platform_process_action
                0x0000000000002a6a        0x4 ./autogen/sl_event_handler.o
                0x0000000000002a6a                sl_platform_process_action
 .text.sl_service_process_action
                0x0000000000002a6e        0x4 ./autogen/sl_event_handler.o
                0x0000000000002a6e                sl_service_process_action
 .text.sl_stack_process_action
                0x0000000000002a72        0x4 ./autogen/sl_event_handler.o
                0x0000000000002a72                sl_stack_process_action
 .text.sl_internal_app_process_action
                0x0000000000002a76        0x4 ./autogen/sl_event_handler.o
                0x0000000000002a76                sl_internal_app_process_action
 *fill*         0x0000000000002a7a        0x2 
 .text.sl_simple_led_init_instances
                0x0000000000002a7c       0x14 ./autogen/sl_simple_led_instances.o
                0x0000000000002a7c                sl_simple_led_init_instances
 .text.Reset_Handler
                0x0000000000002a90       0x48 ./gecko_sdk_3.2.3/platform/Device/SiliconLabs/EFM32HG/Source/GCC/startup_efm32hg.o
                0x0000000000002a90                Reset_Handler
 .text.Default_Handler
                0x0000000000002ad8        0x2 ./gecko_sdk_3.2.3/platform/Device/SiliconLabs/EFM32HG/Source/GCC/startup_efm32hg.o
                0x0000000000002ad8                DMA_IRQHandler
                0x0000000000002ad8                HardFault_Handler
                0x0000000000002ad8                SysTick_Handler
                0x0000000000002ad8                PendSV_Handler
                0x0000000000002ad8                NMI_Handler
                0x0000000000002ad8                MSC_IRQHandler
                0x0000000000002ad8                ADC0_IRQHandler
                0x0000000000002ad8                GPIO_EVEN_IRQHandler
                0x0000000000002ad8                Default_Handler
                0x0000000000002ad8                PCNT0_IRQHandler
                0x0000000000002ad8                sl_app_properties
                0x0000000000002ad8                USB_IRQHandler
                0x0000000000002ad8                ACMP0_IRQHandler
                0x0000000000002ad8                SVC_Handler
                0x0000000000002ad8                CMU_IRQHandler
                0x0000000000002ad8                GPIO_ODD_IRQHandler
                0x0000000000002ad8                AES_IRQHandler
                0x0000000000002ad8                VCMP_IRQHandler
                0x0000000000002ad8                TIMER2_IRQHandler
 *fill*         0x0000000000002ada        0x2 
 .text.SystemCoreClockGet
                0x0000000000002adc       0x34 ./gecko_sdk_3.2.3/platform/Device/SiliconLabs/EFM32HG/Source/system_efm32hg.o
                0x0000000000002adc                SystemCoreClockGet
 .text.SystemMaxCoreClockGet
                0x0000000000002b10        0xc ./gecko_sdk_3.2.3/platform/Device/SiliconLabs/EFM32HG/Source/system_efm32hg.o
                0x0000000000002b10                SystemMaxCoreClockGet
 .text.SystemHFClockGet
                0x0000000000002b1c      0x110 ./gecko_sdk_3.2.3/platform/Device/SiliconLabs/EFM32HG/Source/system_efm32hg.o
                0x0000000000002b1c                SystemHFClockGet
 .text.SystemInit
                0x0000000000002c2c       0x14 ./gecko_sdk_3.2.3/platform/Device/SiliconLabs/EFM32HG/Source/system_efm32hg.o
                0x0000000000002c2c                SystemInit
 .text.SystemLFRCOClockGet
                0x0000000000002c40        0x8 ./gecko_sdk_3.2.3/platform/Device/SiliconLabs/EFM32HG/Source/system_efm32hg.o
                0x0000000000002c40                SystemLFRCOClockGet
 .text.SystemULFRCOClockGet
                0x0000000000002c48        0x8 ./gecko_sdk_3.2.3/platform/Device/SiliconLabs/EFM32HG/Source/system_efm32hg.o
                0x0000000000002c48                SystemULFRCOClockGet
 .text.SystemLFXOClockGet
                0x0000000000002c50        0xc ./gecko_sdk_3.2.3/platform/Device/SiliconLabs/EFM32HG/Source/system_efm32hg.o
                0x0000000000002c50                SystemLFXOClockGet
 .text._sbrk    0x0000000000002c5c       0x3c ./gecko_sdk_3.2.3/platform/common/toolchain/src/sl_memory.o
                0x0000000000002c5c                _sbrk
 .text.sl_led_init
                0x0000000000002c98       0x1a ./gecko_sdk_3.2.3/platform/driver/leddrv/src/sl_led.o
                0x0000000000002c98                sl_led_init
 .text.BUS_RegBitRead
                0x0000000000002cb2       0x1a ./gecko_sdk_3.2.3/platform/driver/leddrv/src/sl_simple_led.o
 .text.GPIO_PinOutClear
                0x0000000000002ccc       0xb4 ./gecko_sdk_3.2.3/platform/driver/leddrv/src/sl_simple_led.o
 .text.GPIO_PinOutGet
                0x0000000000002d80       0xbc ./gecko_sdk_3.2.3/platform/driver/leddrv/src/sl_simple_led.o
 .text.GPIO_PinOutSet
                0x0000000000002e3c       0xb4 ./gecko_sdk_3.2.3/platform/driver/leddrv/src/sl_simple_led.o
 .text.GPIO_PinOutToggle
                0x0000000000002ef0       0xb4 ./gecko_sdk_3.2.3/platform/driver/leddrv/src/sl_simple_led.o
 .text.sl_simple_led_init
                0x0000000000002fa4       0x48 ./gecko_sdk_3.2.3/platform/driver/leddrv/src/sl_simple_led.o
                0x0000000000002fa4                sl_simple_led_init
 .text.sl_simple_led_turn_on
                0x0000000000002fec       0x3a ./gecko_sdk_3.2.3/platform/driver/leddrv/src/sl_simple_led.o
                0x0000000000002fec                sl_simple_led_turn_on
 .text.sl_simple_led_turn_off
                0x0000000000003026       0x3a ./gecko_sdk_3.2.3/platform/driver/leddrv/src/sl_simple_led.o
                0x0000000000003026                sl_simple_led_turn_off
 .text.sl_simple_led_toggle
                0x0000000000003060       0x20 ./gecko_sdk_3.2.3/platform/driver/leddrv/src/sl_simple_led.o
                0x0000000000003060                sl_simple_led_toggle
 .text.sl_simple_led_get_state
                0x0000000000003080       0x44 ./gecko_sdk_3.2.3/platform/driver/leddrv/src/sl_simple_led.o
                0x0000000000003080                sl_simple_led_get_state
 .text.assertEFM
                0x00000000000030c4        0x8 ./gecko_sdk_3.2.3/platform/emlib/src/em_assert.o
                0x00000000000030c4                assertEFM
 .text.SL_Log2ToDiv
                0x00000000000030cc       0x30 ./gecko_sdk_3.2.3/platform/emlib/src/em_cmu.o
 .text.BUS_RegBitWrite
                0x00000000000030fc       0x4c ./gecko_sdk_3.2.3/platform/emlib/src/em_cmu.o
 .text.BUS_RegBitRead
                0x0000000000003148       0x1a ./gecko_sdk_3.2.3/platform/emlib/src/em_cmu.o
 *fill*         0x0000000000003162        0x2 
 .text.CMU_DivToLog2
                0x0000000000003164       0x44 ./gecko_sdk_3.2.3/platform/emlib/src/em_cmu.o
 .text.SYSTEM_GetProdRev
                0x00000000000031a8       0x10 ./gecko_sdk_3.2.3/platform/emlib/src/em_cmu.o
 .text.auxClkGet
                0x00000000000031b8       0xcc ./gecko_sdk_3.2.3/platform/emlib/src/em_cmu.o
 .text.dbgClkGet
                0x0000000000003284       0x5c ./gecko_sdk_3.2.3/platform/emlib/src/em_cmu.o
 .text.flashWaitStateControl
                0x00000000000032e0       0x50 ./gecko_sdk_3.2.3/platform/emlib/src/em_cmu.o
 .text.flashWaitStateMax
                0x0000000000003330       0x44 ./gecko_sdk_3.2.3/platform/emlib/src/em_cmu.o
 .text.CMU_UpdateWaitStates
                0x0000000000003374       0x48 ./gecko_sdk_3.2.3/platform/emlib/src/em_cmu.o
                0x0000000000003374                CMU_UpdateWaitStates
 .text.lfClkGet
                0x00000000000033bc      0x154 ./gecko_sdk_3.2.3/platform/emlib/src/em_cmu.o
 .text.syncReg  0x0000000000003510       0x28 ./gecko_sdk_3.2.3/platform/emlib/src/em_cmu.o
 .text.hfperClkSafePrescaler
                0x0000000000003538        0x4 ./gecko_sdk_3.2.3/platform/emlib/src/em_cmu.o
 .text.hfperClkOptimizedPrescaler
                0x000000000000353c        0x4 ./gecko_sdk_3.2.3/platform/emlib/src/em_cmu.o
 .text.CMU_ClockDivGet
                0x0000000000003540      0x120 ./gecko_sdk_3.2.3/platform/emlib/src/em_cmu.o
                0x0000000000003540                CMU_ClockDivGet
 .text.CMU_ClockDivSet
                0x0000000000003660      0x214 ./gecko_sdk_3.2.3/platform/emlib/src/em_cmu.o
                0x0000000000003660                CMU_ClockDivSet
 .text.CMU_ClockEnable
                0x0000000000003874       0xc4 ./gecko_sdk_3.2.3/platform/emlib/src/em_cmu.o
                0x0000000000003874                CMU_ClockEnable
 .text.CMU_ClockFreqGet
                0x0000000000003938      0x194 ./gecko_sdk_3.2.3/platform/emlib/src/em_cmu.o
                0x0000000000003938                CMU_ClockFreqGet
 .text.CMU_ClockSelectGet
                0x0000000000003acc      0x1ac ./gecko_sdk_3.2.3/platform/emlib/src/em_cmu.o
                0x0000000000003acc                CMU_ClockSelectGet
 .text.CMU_ClockSelectSet
                0x0000000000003c78      0x240 ./gecko_sdk_3.2.3/platform/emlib/src/em_cmu.o
                0x0000000000003c78                CMU_ClockSelectSet
 .text.CMU_OscillatorEnable
                0x0000000000003eb8       0xec ./gecko_sdk_3.2.3/platform/emlib/src/em_cmu.o
                0x0000000000003eb8                CMU_OscillatorEnable
 .text.CORE_EnterCritical
                0x0000000000003fa4       0x18 ./gecko_sdk_3.2.3/platform/emlib/src/em_core.o
                0x0000000000003fa4                CORE_EnterCritical
 .text.CORE_ExitCritical
                0x0000000000003fbc       0x14 ./gecko_sdk_3.2.3/platform/emlib/src/em_core.o
                0x0000000000003fbc                CORE_ExitCritical
 .text.CORE_EnterAtomic
                0x0000000000003fd0       0x18 ./gecko_sdk_3.2.3/platform/emlib/src/em_core.o
                0x0000000000003fd0                CORE_EnterAtomic
 .text.CORE_ExitAtomic
                0x0000000000003fe8       0x14 ./gecko_sdk_3.2.3/platform/emlib/src/em_core.o
                0x0000000000003fe8                CORE_ExitAtomic
 .text.GPIO_PinOutClear
                0x0000000000003ffc       0xb4 ./gecko_sdk_3.2.3/platform/emlib/src/em_gpio.o
 .text.GPIO_PinOutSet
                0x00000000000040b0       0xb4 ./gecko_sdk_3.2.3/platform/emlib/src/em_gpio.o
 .text.GPIO_PinModeSet
                0x0000000000004164      0x1ac ./gecko_sdk_3.2.3/platform/emlib/src/em_gpio.o
                0x0000000000004164                GPIO_PinModeSet
 .text.I2C_IntClear
                0x0000000000004310       0x12 ./gecko_sdk_3.2.3/platform/emlib/src/em_i2c.o
 *fill*         0x0000000000004322        0x2 
 .text.BUS_RegBitWrite
                0x0000000000004324       0x4c ./gecko_sdk_3.2.3/platform/emlib/src/em_i2c.o
 .text.BUS_RegMaskedWrite
                0x0000000000004370       0x36 ./gecko_sdk_3.2.3/platform/emlib/src/em_i2c.o
 *fill*         0x00000000000043a6        0x2 
 .text.I2C_BusFreqSet
                0x00000000000043a8      0x1d0 ./gecko_sdk_3.2.3/platform/emlib/src/em_i2c.o
                0x00000000000043a8                I2C_BusFreqSet
 .text.I2C_Enable
                0x0000000000004578       0x44 ./gecko_sdk_3.2.3/platform/emlib/src/em_i2c.o
                0x0000000000004578                I2C_Enable
 .text.I2C_Init
                0x00000000000045bc       0x78 ./gecko_sdk_3.2.3/platform/emlib/src/em_i2c.o
                0x00000000000045bc                I2C_Init
 .text.LEUART_Sync
                0x0000000000004634       0x24 ./gecko_sdk_3.2.3/platform/emlib/src/em_leaurt.o
 .text.LEUART_BaudrateSet
                0x0000000000004658       0xac ./gecko_sdk_3.2.3/platform/emlib/src/em_leaurt.o
                0x0000000000004658                LEUART_BaudrateSet
 .text.LEUART_Enable
                0x0000000000004704       0x68 ./gecko_sdk_3.2.3/platform/emlib/src/em_leaurt.o
                0x0000000000004704                LEUART_Enable
 .text.LEUART_FreezeEnable
                0x000000000000476c       0x34 ./gecko_sdk_3.2.3/platform/emlib/src/em_leaurt.o
                0x000000000000476c                LEUART_FreezeEnable
 .text.LEUART_Init
                0x00000000000047a0       0x88 ./gecko_sdk_3.2.3/platform/emlib/src/em_leaurt.o
                0x00000000000047a0                LEUART_Init
 .text.RTC_CompareSet
                0x0000000000004828       0x5c ./gecko_sdk_3.2.3/platform/emlib/src/em_rtc.o
                0x0000000000004828                RTC_CompareSet
 .text.RTC_Init
                0x0000000000004884       0x48 ./gecko_sdk_3.2.3/platform/emlib/src/em_rtc.o
                0x0000000000004884                RTC_Init
 .text.TIMER_Valid
                0x00000000000048cc       0x3c ./gecko_sdk_3.2.3/platform/emlib/src/em_timer.o
 .text.TIMER_Init
                0x0000000000004908       0xf8 ./gecko_sdk_3.2.3/platform/emlib/src/em_timer.o
                0x0000000000004908                TIMER_Init
 .text.TIMER_InitCC
                0x0000000000004a00       0xc8 ./gecko_sdk_3.2.3/platform/emlib/src/em_timer.o
                0x0000000000004a00                TIMER_InitCC
 .text.prsRxInput
                0x0000000000004ac8       0x24 ./gecko_sdk_3.2.3/platform/emlib/src/em_usart.o
 .text.USART_BaudrateSyncSet
                0x0000000000004aec       0x7c ./gecko_sdk_3.2.3/platform/emlib/src/em_usart.o
                0x0000000000004aec                USART_BaudrateSyncSet
 .text.USART_Enable
                0x0000000000004b68       0x64 ./gecko_sdk_3.2.3/platform/emlib/src/em_usart.o
                0x0000000000004b68                USART_Enable
 .text.USART_InitSync
                0x0000000000004bcc       0xe8 ./gecko_sdk_3.2.3/platform/emlib/src/em_usart.o
                0x0000000000004bcc                USART_InitSync
 .text.USART_Reset
                0x0000000000004cb4       0xa8 ./gecko_sdk_3.2.3/platform/emlib/src/em_usart.o
                0x0000000000004cb4                USART_Reset
 .text.sl_device_init_emu
                0x0000000000004d5c        0x6 ./gecko_sdk_3.2.3/platform/service/device_init/src/sl_device_init_emu_s0.o
                0x0000000000004d5c                sl_device_init_emu
 *fill*         0x0000000000004d62        0x2 
 .text.__NVIC_SetPriority
                0x0000000000004d64       0xec ./gecko_sdk_3.2.3/platform/service/device_init/src/sl_device_init_nvic.o
 .text.sl_device_init_nvic
                0x0000000000004e50       0x46 ./gecko_sdk_3.2.3/platform/service/device_init/src/sl_device_init_nvic.o
                0x0000000000004e50                sl_device_init_nvic
 *fill*         0x0000000000004e96        0x2 
 .text.sl_sleeptimer_init
                0x0000000000004e98       0xa8 ./gecko_sdk_3.2.3/platform/service/sleeptimer/src/sl_sleeptimer.o
                0x0000000000004e98                sl_sleeptimer_init
 .text.sl_sleeptimer_start_periodic_timer
                0x0000000000004f40       0x60 ./gecko_sdk_3.2.3/platform/service/sleeptimer/src/sl_sleeptimer.o
                0x0000000000004f40                sl_sleeptimer_start_periodic_timer
 .text.sl_sleeptimer_is_timer_running
                0x0000000000004fa0       0x6c ./gecko_sdk_3.2.3/platform/service/sleeptimer/src/sl_sleeptimer.o
                0x0000000000004fa0                sl_sleeptimer_is_timer_running
 .text.sl_sleeptimer_ms32_to_tick
                0x000000000000500c       0x60 ./gecko_sdk_3.2.3/platform/service/sleeptimer/src/sl_sleeptimer.o
                0x000000000000500c                sl_sleeptimer_ms32_to_tick
 .text.process_timer_irq
                0x000000000000506c      0x228 ./gecko_sdk_3.2.3/platform/service/sleeptimer/src/sl_sleeptimer.o
                0x000000000000506c                process_timer_irq
 .text.delta_list_insert_timer
                0x0000000000005294       0xb0 ./gecko_sdk_3.2.3/platform/service/sleeptimer/src/sl_sleeptimer.o
 .text.delta_list_remove_timer
                0x0000000000005344       0x74 ./gecko_sdk_3.2.3/platform/service/sleeptimer/src/sl_sleeptimer.o
 .text.set_comparator_for_next_timer
                0x00000000000053b8       0x34 ./gecko_sdk_3.2.3/platform/service/sleeptimer/src/sl_sleeptimer.o
 .text.update_delta_list
                0x00000000000053ec       0x70 ./gecko_sdk_3.2.3/platform/service/sleeptimer/src/sl_sleeptimer.o
 .text.create_timer
                0x000000000000545c       0xb0 ./gecko_sdk_3.2.3/platform/service/sleeptimer/src/sl_sleeptimer.o
 .text.update_next_timer_to_expire_is_power_manager
                0x000000000000550c       0x58 ./gecko_sdk_3.2.3/platform/service/sleeptimer/src/sl_sleeptimer.o
 .text.__NVIC_EnableIRQ
                0x0000000000005564       0x34 ./gecko_sdk_3.2.3/platform/service/sleeptimer/src/sl_sleeptimer_hal_rtc.o
 .text.__NVIC_ClearPendingIRQ
                0x0000000000005598       0x38 ./gecko_sdk_3.2.3/platform/service/sleeptimer/src/sl_sleeptimer_hal_rtc.o
 .text.RTC_CounterGet
                0x00000000000055d0        0xc ./gecko_sdk_3.2.3/platform/service/sleeptimer/src/sl_sleeptimer_hal_rtc.o
 .text.RTC_CounterSet
                0x00000000000055dc       0x14 ./gecko_sdk_3.2.3/platform/service/sleeptimer/src/sl_sleeptimer_hal_rtc.o
 .text.RTC_IntClear
                0x00000000000055f0       0x14 ./gecko_sdk_3.2.3/platform/service/sleeptimer/src/sl_sleeptimer_hal_rtc.o
 .text.RTC_IntDisable
                0x0000000000005604       0x1c ./gecko_sdk_3.2.3/platform/service/sleeptimer/src/sl_sleeptimer_hal_rtc.o
 .text.RTC_IntEnable
                0x0000000000005620       0x1c ./gecko_sdk_3.2.3/platform/service/sleeptimer/src/sl_sleeptimer_hal_rtc.o
 .text.RTC_IntGet
                0x000000000000563c        0xc ./gecko_sdk_3.2.3/platform/service/sleeptimer/src/sl_sleeptimer_hal_rtc.o
 .text.sleeptimer_hal_init_timer
                0x0000000000005648       0x64 ./gecko_sdk_3.2.3/platform/service/sleeptimer/src/sl_sleeptimer_hal_rtc.o
                0x0000000000005648                sleeptimer_hal_init_timer
 .text.sleeptimer_hal_get_counter
                0x00000000000056ac       0x50 ./gecko_sdk_3.2.3/platform/service/sleeptimer/src/sl_sleeptimer_hal_rtc.o
                0x00000000000056ac                sleeptimer_hal_get_counter
 .text.sleeptimer_hal_set_compare
                0x00000000000056fc       0x94 ./gecko_sdk_3.2.3/platform/service/sleeptimer/src/sl_sleeptimer_hal_rtc.o
                0x00000000000056fc                sleeptimer_hal_set_compare
 .text.sleeptimer_hal_enable_int
                0x0000000000005790       0x60 ./gecko_sdk_3.2.3/platform/service/sleeptimer/src/sl_sleeptimer_hal_rtc.o
                0x0000000000005790                sleeptimer_hal_enable_int
 .text.sleeptimer_hal_disable_int
                0x00000000000057f0       0x50 ./gecko_sdk_3.2.3/platform/service/sleeptimer/src/sl_sleeptimer_hal_rtc.o
                0x00000000000057f0                sleeptimer_hal_disable_int
 .text.sleeptimer_hal_get_timer_frequency
                0x0000000000005840       0x14 ./gecko_sdk_3.2.3/platform/service/sleeptimer/src/sl_sleeptimer_hal_rtc.o
                0x0000000000005840                sleeptimer_hal_get_timer_frequency
 .text.RTC_IRQHandler
                0x0000000000005854       0xd8 ./gecko_sdk_3.2.3/platform/service/sleeptimer/src/sl_sleeptimer_hal_rtc.o
                0x0000000000005854                RTC_IRQHandler
 .text.get_time_diff
                0x000000000000592c       0x12 ./gecko_sdk_3.2.3/platform/service/sleeptimer/src/sl_sleeptimer_hal_rtc.o
 .text.sl_system_init
                0x000000000000593e       0x1a ./gecko_sdk_3.2.3/platform/service/system/src/sl_system_init.o
                0x000000000000593e                sl_system_init
 .text.sl_system_process_action
                0x0000000000005958       0x16 ./gecko_sdk_3.2.3/platform/service/system/src/sl_system_process_action.o
                0x0000000000005958                sl_system_process_action
 *fill*         0x000000000000596e        0x2 
 .text          0x0000000000005970      0x114 /Applications/Simplicity Studio.app/Contents/Eclipse/developer/toolchains/gnu_arm/10.2_2020q4/bin/../lib/gcc/arm-none-eabi/10.2.1/thumb/v6-m/nofp/libgcc.a(_udivsi3.o)
                0x0000000000005970                __udivsi3
                0x0000000000005970                __aeabi_uidiv
                0x0000000000005a7c                __aeabi_uidivmod
 .text          0x0000000000005a84        0x4 /Applications/Simplicity Studio.app/Contents/Eclipse/developer/toolchains/gnu_arm/10.2_2020q4/bin/../lib/gcc/arm-none-eabi/10.2.1/thumb/v6-m/nofp/libgcc.a(_dvmd_tls.o)
                0x0000000000005a84                __aeabi_ldiv0
                0x0000000000005a84                __aeabi_idiv0
 .text          0x0000000000005a88       0x74 /Applications/Simplicity Studio.app/Contents/Eclipse/developer/toolchains/gnu_arm/10.2_2020q4/bin/../lib/gcc/arm-none-eabi/10.2.1/thumb/v6-m/nofp/libgcc.a(_arm_cmpsf2.o)
                0x0000000000005a88                __aeabi_cfrcmple
                0x0000000000005a90                __aeabi_cfcmple
                0x0000000000005a90                __aeabi_cfcmpeq
                0x0000000000005aa0                __aeabi_fcmpeq
                0x0000000000005aac                __aeabi_fcmplt
                0x0000000000005ac0                __aeabi_fcmple
                0x0000000000005ad4                __aeabi_fcmpgt
                0x0000000000005ae8                __aeabi_fcmpge
 .text          0x0000000000005afc       0x3c /Applications/Simplicity Studio.app/Contents/Eclipse/developer/toolchains/gnu_arm/10.2_2020q4/bin/../lib/gcc/arm-none-eabi/10.2.1/thumb/v6-m/nofp/libgcc.a(_clzsi2.o)
                0x0000000000005afc                __clzsi2
 .text          0x0000000000005b38       0x40 /Applications/Simplicity Studio.app/Contents/Eclipse/developer/toolchains/gnu_arm/10.2_2020q4/bin/../lib/gcc/arm-none-eabi/10.2.1/thumb/v6-m/nofp/libgcc.a(_aeabi_uldivmod.o)
                0x0000000000005b38                __aeabi_uldivmod
 .text          0x0000000000005b78       0x5c /Applications/Simplicity Studio.app/Contents/Eclipse/developer/toolchains/gnu_arm/10.2_2020q4/bin/../lib/gcc/arm-none-eabi/10.2.1/thumb/v6-m/nofp/libgcc.a(_muldi3.o)
                0x0000000000005b78                __aeabi_lmul
                0x0000000000005b78                __muldi3
 .text          0x0000000000005bd4       0x3c /Applications/Simplicity Studio.app/Contents/Eclipse/developer/toolchains/gnu_arm/10.2_2020q4/bin/../lib/gcc/arm-none-eabi/10.2.1/thumb/v6-m/nofp/libgcc.a(_fixunsdfsi.o)
                0x0000000000005bd4                __fixunsdfsi
                0x0000000000005bd4                __aeabi_d2uiz
 .text          0x0000000000005c10      0x198 /Applications/Simplicity Studio.app/Contents/Eclipse/developer/toolchains/gnu_arm/10.2_2020q4/bin/../lib/gcc/arm-none-eabi/10.2.1/thumb/v6-m/nofp/libgcc.a(_udivmoddi4.o)
                0x0000000000005c10                __udivmoddi4
 .text          0x0000000000005da8      0x33c /Applications/Simplicity Studio.app/Contents/Eclipse/developer/toolchains/gnu_arm/10.2_2020q4/bin/../lib/gcc/arm-none-eabi/10.2.1/thumb/v6-m/nofp/libgcc.a(addsf3.o)
                0x0000000000005da8                __aeabi_fadd
 .text          0x00000000000060e4      0x230 /Applications/Simplicity Studio.app/Contents/Eclipse/developer/toolchains/gnu_arm/10.2_2020q4/bin/../lib/gcc/arm-none-eabi/10.2.1/thumb/v6-m/nofp/libgcc.a(divsf3.o)
                0x00000000000060e4                __aeabi_fdiv
 .text          0x0000000000006314       0x4c /Applications/Simplicity Studio.app/Contents/Eclipse/developer/toolchains/gnu_arm/10.2_2020q4/bin/../lib/gcc/arm-none-eabi/10.2.1/thumb/v6-m/nofp/libgcc.a(eqsf2.o)
                0x0000000000006314                __nesf2
                0x0000000000006314                __eqsf2
 .text          0x0000000000006360       0x8c /Applications/Simplicity Studio.app/Contents/Eclipse/developer/toolchains/gnu_arm/10.2_2020q4/bin/../lib/gcc/arm-none-eabi/10.2.1/thumb/v6-m/nofp/libgcc.a(gesf2.o)
                0x0000000000006360                __gtsf2
                0x0000000000006360                __gesf2
 .text          0x00000000000063ec       0x88 /Applications/Simplicity Studio.app/Contents/Eclipse/developer/toolchains/gnu_arm/10.2_2020q4/bin/../lib/gcc/arm-none-eabi/10.2.1/thumb/v6-m/nofp/libgcc.a(lesf2.o)
                0x00000000000063ec                __lesf2
                0x00000000000063ec                __ltsf2
 .text          0x0000000000006474      0x24c /Applications/Simplicity Studio.app/Contents/Eclipse/developer/toolchains/gnu_arm/10.2_2020q4/bin/../lib/gcc/arm-none-eabi/10.2.1/thumb/v6-m/nofp/libgcc.a(mulsf3.o)
                0x0000000000006474                __aeabi_fmul
 .text          0x00000000000066c0      0x35c /Applications/Simplicity Studio.app/Contents/Eclipse/developer/toolchains/gnu_arm/10.2_2020q4/bin/../lib/gcc/arm-none-eabi/10.2.1/thumb/v6-m/nofp/libgcc.a(subsf3.o)
                0x00000000000066c0                __aeabi_fsub
 .text          0x0000000000006a1c       0x40 /Applications/Simplicity Studio.app/Contents/Eclipse/developer/toolchains/gnu_arm/10.2_2020q4/bin/../lib/gcc/arm-none-eabi/10.2.1/thumb/v6-m/nofp/libgcc.a(fixsfsi.o)
                0x0000000000006a1c                __aeabi_f2iz
 .text          0x0000000000006a5c       0x84 /Applications/Simplicity Studio.app/Contents/Eclipse/developer/toolchains/gnu_arm/10.2_2020q4/bin/../lib/gcc/arm-none-eabi/10.2.1/thumb/v6-m/nofp/libgcc.a(floatunsisf.o)
                0x0000000000006a5c                __aeabi_ui2f
 .text          0x0000000000006ae0      0x5ec /Applications/Simplicity Studio.app/Contents/Eclipse/developer/toolchains/gnu_arm/10.2_2020q4/bin/../lib/gcc/arm-none-eabi/10.2.1/thumb/v6-m/nofp/libgcc.a(divdf3.o)
                0x0000000000006ae0                __aeabi_ddiv
 .text          0x00000000000070cc      0x4dc /Applications/Simplicity Studio.app/Contents/Eclipse/developer/toolchains/gnu_arm/10.2_2020q4/bin/../lib/gcc/arm-none-eabi/10.2.1/thumb/v6-m/nofp/libgcc.a(muldf3.o)
                0x00000000000070cc                __aeabi_dmul
 .text          0x00000000000075a8      0x724 /Applications/Simplicity Studio.app/Contents/Eclipse/developer/toolchains/gnu_arm/10.2_2020q4/bin/../lib/gcc/arm-none-eabi/10.2.1/thumb/v6-m/nofp/libgcc.a(subdf3.o)
                0x00000000000075a8                __aeabi_dsub
 .text          0x0000000000007ccc       0x6c /Applications/Simplicity Studio.app/Contents/Eclipse/developer/toolchains/gnu_arm/10.2_2020q4/bin/../lib/gcc/arm-none-eabi/10.2.1/thumb/v6-m/nofp/libgcc.a(fixdfsi.o)
                0x0000000000007ccc                __aeabi_d2iz
 .text          0x0000000000007d38       0x4c /Applications/Simplicity Studio.app/Contents/Eclipse/developer/toolchains/gnu_arm/10.2_2020q4/bin/../lib/gcc/arm-none-eabi/10.2.1/thumb/v6-m/nofp/libgcc.a(floatunsidf.o)
                0x0000000000007d38                __aeabi_ui2d
 .text          0x0000000000007d84       0x7c /Applications/Simplicity Studio.app/Contents/Eclipse/developer/toolchains/gnu_arm/10.2_2020q4/bin/../lib/gcc/arm-none-eabi/10.2.1/thumb/v6-m/nofp/libgcc.a(_arm_cmpdf2.o)
                0x0000000000007d84                __aeabi_cdrcmple
                0x0000000000007d94                __aeabi_cdcmple
                0x0000000000007d94                __aeabi_cdcmpeq
                0x0000000000007da4                __aeabi_dcmpeq
                0x0000000000007db0                __aeabi_dcmplt
                0x0000000000007dc4                __aeabi_dcmple
                0x0000000000007dd8                __aeabi_dcmpgt
                0x0000000000007dec                __aeabi_dcmpge
 .text          0x0000000000007e00       0x18 /Applications/Simplicity Studio.app/Contents/Eclipse/developer/toolchains/gnu_arm/10.2_2020q4/bin/../lib/gcc/arm-none-eabi/10.2.1/thumb/v6-m/nofp/libgcc.a(_clzdi2.o)
                0x0000000000007e00                __clzdi2
 .text          0x0000000000007e18       0x84 /Applications/Simplicity Studio.app/Contents/Eclipse/developer/toolchains/gnu_arm/10.2_2020q4/bin/../lib/gcc/arm-none-eabi/10.2.1/thumb/v6-m/nofp/libgcc.a(eqdf2.o)
                0x0000000000007e18                __eqdf2
                0x0000000000007e18                __nedf2
 .text          0x0000000000007e9c       0xcc /Applications/Simplicity Studio.app/Contents/Eclipse/developer/toolchains/gnu_arm/10.2_2020q4/bin/../lib/gcc/arm-none-eabi/10.2.1/thumb/v6-m/nofp/libgcc.a(gedf2.o)
                0x0000000000007e9c                __gtdf2
                0x0000000000007e9c                __gedf2
 .text          0x0000000000007f68       0xc8 /Applications/Simplicity Studio.app/Contents/Eclipse/developer/toolchains/gnu_arm/10.2_2020q4/bin/../lib/gcc/arm-none-eabi/10.2.1/thumb/v6-m/nofp/libgcc.a(ledf2.o)
                0x0000000000007f68                __ltdf2
                0x0000000000007f68                __ledf2
 .text.atoi     0x0000000000008030        0xc /Applications/Simplicity Studio.app/Contents/Eclipse/developer/toolchains/gnu_arm/10.2_2020q4/bin/../lib/gcc/arm-none-eabi/10.2.1/../../../../arm-none-eabi/lib/thumb/v6-m/nofp/libc_nano.a(lib_a-atoi.o)
                0x0000000000008030                atoi
 .text.exit     0x000000000000803c       0x2c /Applications/Simplicity Studio.app/Contents/Eclipse/developer/toolchains/gnu_arm/10.2_2020q4/bin/../lib/gcc/arm-none-eabi/10.2.1/../../../../arm-none-eabi/lib/thumb/v6-m/nofp/libc_nano.a(lib_a-exit.o)
                0x000000000000803c                exit
 .text.__libc_init_array
                0x0000000000008068       0x48 /Applications/Simplicity Studio.app/Contents/Eclipse/developer/toolchains/gnu_arm/10.2_2020q4/bin/../lib/gcc/arm-none-eabi/10.2.1/../../../../arm-none-eabi/lib/thumb/v6-m/nofp/libc_nano.a(lib_a-init.o)
                0x0000000000008068                __libc_init_array
 .text.malloc   0x00000000000080b0       0x14 /Applications/Simplicity Studio.app/Contents/Eclipse/developer/toolchains/gnu_arm/10.2_2020q4/bin/../lib/gcc/arm-none-eabi/10.2.1/../../../../arm-none-eabi/lib/thumb/v6-m/nofp/libc_nano.a(lib_a-malloc.o)
                0x00000000000080b0                malloc
 .text.free     0x00000000000080c4       0x14 /Applications/Simplicity Studio.app/Contents/Eclipse/developer/toolchains/gnu_arm/10.2_2020q4/bin/../lib/gcc/arm-none-eabi/10.2.1/../../../../arm-none-eabi/lib/thumb/v6-m/nofp/libc_nano.a(lib_a-malloc.o)
                0x00000000000080c4                free
 .text.memset   0x00000000000080d8       0x10 /Applications/Simplicity Studio.app/Contents/Eclipse/developer/toolchains/gnu_arm/10.2_2020q4/bin/../lib/gcc/arm-none-eabi/10.2.1/../../../../arm-none-eabi/lib/thumb/v6-m/nofp/libc_nano.a(lib_a-memset.o)
                0x00000000000080d8                memset
 .text._free_r  0x00000000000080e8       0x94 /Applications/Simplicity Studio.app/Contents/Eclipse/developer/toolchains/gnu_arm/10.2_2020q4/bin/../lib/gcc/arm-none-eabi/10.2.1/../../../../arm-none-eabi/lib/thumb/v6-m/nofp/libc_nano.a(lib_a-nano-freer.o)
                0x00000000000080e8                _free_r
 .text._malloc_r
                0x000000000000817c       0xbc /Applications/Simplicity Studio.app/Contents/Eclipse/developer/toolchains/gnu_arm/10.2_2020q4/bin/../lib/gcc/arm-none-eabi/10.2.1/../../../../arm-none-eabi/lib/thumb/v6-m/nofp/libc_nano.a(lib_a-nano-mallocr.o)
                0x000000000000817c                _malloc_r
 .text._sbrk_r  0x0000000000008238       0x24 /Applications/Simplicity Studio.app/Contents/Eclipse/developer/toolchains/gnu_arm/10.2_2020q4/bin/../lib/gcc/arm-none-eabi/10.2.1/../../../../arm-none-eabi/lib/thumb/v6-m/nofp/libc_nano.a(lib_a-sbrkr.o)
                0x0000000000008238                _sbrk_r
 .text.sprintf  0x000000000000825c       0x40 /Applications/Simplicity Studio.app/Contents/Eclipse/developer/toolchains/gnu_arm/10.2_2020q4/bin/../lib/gcc/arm-none-eabi/10.2.1/../../../../arm-none-eabi/lib/thumb/v6-m/nofp/libc_nano.a(lib_a-sprintf.o)
                0x000000000000825c                sprintf
                0x000000000000825c                siprintf
 .text.strcat   0x000000000000829c       0x1a /Applications/Simplicity Studio.app/Contents/Eclipse/developer/toolchains/gnu_arm/10.2_2020q4/bin/../lib/gcc/arm-none-eabi/10.2.1/../../../../arm-none-eabi/lib/thumb/v6-m/nofp/libc_nano.a(lib_a-strcat.o)
                0x000000000000829c                strcat
 .text.strcpy   0x00000000000082b6       0x10 /Applications/Simplicity Studio.app/Contents/Eclipse/developer/toolchains/gnu_arm/10.2_2020q4/bin/../lib/gcc/arm-none-eabi/10.2.1/../../../../arm-none-eabi/lib/thumb/v6-m/nofp/libc_nano.a(lib_a-strcpy.o)
                0x00000000000082b6                strcpy
 .text          0x00000000000082c6        0xe /Applications/Simplicity Studio.app/Contents/Eclipse/developer/toolchains/gnu_arm/10.2_2020q4/bin/../lib/gcc/arm-none-eabi/10.2.1/../../../../arm-none-eabi/lib/thumb/v6-m/nofp/libc_nano.a(lib_a-strlen.o)
                0x00000000000082c6                strlen
 .text.strtok   0x00000000000082d4       0x68 /Applications/Simplicity Studio.app/Contents/Eclipse/developer/toolchains/gnu_arm/10.2_2020q4/bin/../lib/gcc/arm-none-eabi/10.2.1/../../../../arm-none-eabi/lib/thumb/v6-m/nofp/libc_nano.a(lib_a-strtok.o)
                0x00000000000082d4                strtok
 .text.__strtok_r
                0x000000000000833c       0x5e /Applications/Simplicity Studio.app/Contents/Eclipse/developer/toolchains/gnu_arm/10.2_2020q4/bin/../lib/gcc/arm-none-eabi/10.2.1/../../../../arm-none-eabi/lib/thumb/v6-m/nofp/libc_nano.a(lib_a-strtok_r.o)
                0x000000000000833c                __strtok_r
 *fill*         0x000000000000839a        0x2 
 .text._strtol_l.constprop.0
                0x000000000000839c      0x11c /Applications/Simplicity Studio.app/Contents/Eclipse/developer/toolchains/gnu_arm/10.2_2020q4/bin/../lib/gcc/arm-none-eabi/10.2.1/../../../../arm-none-eabi/lib/thumb/v6-m/nofp/libc_nano.a(lib_a-strtol.o)
 .text.strtol   0x00000000000084b8       0x18 /Applications/Simplicity Studio.app/Contents/Eclipse/developer/toolchains/gnu_arm/10.2_2020q4/bin/../lib/gcc/arm-none-eabi/10.2.1/../../../../arm-none-eabi/lib/thumb/v6-m/nofp/libc_nano.a(lib_a-strtol.o)
                0x00000000000084b8                strtol
 .text.__assert_func
                0x00000000000084d0       0x3c /Applications/Simplicity Studio.app/Contents/Eclipse/developer/toolchains/gnu_arm/10.2_2020q4/bin/../lib/gcc/arm-none-eabi/10.2.1/../../../../arm-none-eabi/lib/thumb/v6-m/nofp/libc_nano.a(lib_a-assert.o)
                0x00000000000084d0                __assert_func
 .text.__errno  0x000000000000850c        0xc /Applications/Simplicity Studio.app/Contents/Eclipse/developer/toolchains/gnu_arm/10.2_2020q4/bin/../lib/gcc/arm-none-eabi/10.2.1/../../../../arm-none-eabi/lib/thumb/v6-m/nofp/libc_nano.a(lib_a-errno.o)
                0x000000000000850c                __errno
 .text.fprintf  0x0000000000008518       0x20 /Applications/Simplicity Studio.app/Contents/Eclipse/developer/toolchains/gnu_arm/10.2_2020q4/bin/../lib/gcc/arm-none-eabi/10.2.1/../../../../arm-none-eabi/lib/thumb/v6-m/nofp/libc_nano.a(lib_a-fprintf.o)
                0x0000000000008518                fprintf
                0x0000000000008518                fiprintf
 .text.__malloc_lock
                0x0000000000008538       0x10 /Applications/Simplicity Studio.app/Contents/Eclipse/developer/toolchains/gnu_arm/10.2_2020q4/bin/../lib/gcc/arm-none-eabi/10.2.1/../../../../arm-none-eabi/lib/thumb/v6-m/nofp/libc_nano.a(lib_a-mlock.o)
                0x0000000000008538                __malloc_lock
 .text.__malloc_unlock
                0x0000000000008548       0x10 /Applications/Simplicity Studio.app/Contents/Eclipse/developer/toolchains/gnu_arm/10.2_2020q4/bin/../lib/gcc/arm-none-eabi/10.2.1/../../../../arm-none-eabi/lib/thumb/v6-m/nofp/libc_nano.a(lib_a-mlock.o)
                0x0000000000008548                __malloc_unlock
 .text.__ssputs_r
                0x0000000000008558       0xc4 /Applications/Simplicity Studio.app/Contents/Eclipse/developer/toolchains/gnu_arm/10.2_2020q4/bin/../lib/gcc/arm-none-eabi/10.2.1/../../../../arm-none-eabi/lib/thumb/v6-m/nofp/libc_nano.a(lib_a-nano-svfprintf.o)
                0x0000000000008558                __ssputs_r
 .text._svfprintf_r
                0x000000000000861c      0x200 /Applications/Simplicity Studio.app/Contents/Eclipse/developer/toolchains/gnu_arm/10.2_2020q4/bin/../lib/gcc/arm-none-eabi/10.2.1/../../../../arm-none-eabi/lib/thumb/v6-m/nofp/libc_nano.a(lib_a-nano-svfprintf.o)
                0x000000000000861c                _svfprintf_r
                0x000000000000861c                _svfiprintf_r
 .text.__sfputc_r
                0x000000000000881c       0x2a /Applications/Simplicity Studio.app/Contents/Eclipse/developer/toolchains/gnu_arm/10.2_2020q4/bin/../lib/gcc/arm-none-eabi/10.2.1/../../../../arm-none-eabi/lib/thumb/v6-m/nofp/libc_nano.a(lib_a-nano-vfprintf.o)
 .text.__sfputs_r
                0x0000000000008846       0x24 /Applications/Simplicity Studio.app/Contents/Eclipse/developer/toolchains/gnu_arm/10.2_2020q4/bin/../lib/gcc/arm-none-eabi/10.2.1/../../../../arm-none-eabi/lib/thumb/v6-m/nofp/libc_nano.a(lib_a-nano-vfprintf.o)
                0x0000000000008846                __sfputs_r
 *fill*         0x000000000000886a        0x2 
 .text._vfprintf_r
                0x000000000000886c      0x274 /Applications/Simplicity Studio.app/Contents/Eclipse/developer/toolchains/gnu_arm/10.2_2020q4/bin/../lib/gcc/arm-none-eabi/10.2.1/../../../../arm-none-eabi/lib/thumb/v6-m/nofp/libc_nano.a(lib_a-nano-vfprintf.o)
                0x000000000000886c                _vfiprintf_r
                0x000000000000886c                _vfprintf_r
 .text._printf_common
                0x0000000000008ae0       0xde /Applications/Simplicity Studio.app/Contents/Eclipse/developer/toolchains/gnu_arm/10.2_2020q4/bin/../lib/gcc/arm-none-eabi/10.2.1/../../../../arm-none-eabi/lib/thumb/v6-m/nofp/libc_nano.a(lib_a-nano-vfprintf_i.o)
                0x0000000000008ae0                _printf_common
 *fill*         0x0000000000008bbe        0x2 
 .text._printf_i
                0x0000000000008bc0      0x224 /Applications/Simplicity Studio.app/Contents/Eclipse/developer/toolchains/gnu_arm/10.2_2020q4/bin/../lib/gcc/arm-none-eabi/10.2.1/../../../../arm-none-eabi/lib/thumb/v6-m/nofp/libc_nano.a(lib_a-nano-vfprintf_i.o)
                0x0000000000008bc0                _printf_i
 .text.__swbuf_r
                0x0000000000008de4       0xac /Applications/Simplicity Studio.app/Contents/Eclipse/developer/toolchains/gnu_arm/10.2_2020q4/bin/../lib/gcc/arm-none-eabi/10.2.1/../../../../arm-none-eabi/lib/thumb/v6-m/nofp/libc_nano.a(lib_a-wbuf.o)
                0x0000000000008de4                __swbuf_r
 .text.__swsetup_r
                0x0000000000008e90       0xf0 /Applications/Simplicity Studio.app/Contents/Eclipse/developer/toolchains/gnu_arm/10.2_2020q4/bin/../lib/gcc/arm-none-eabi/10.2.1/../../../../arm-none-eabi/lib/thumb/v6-m/nofp/libc_nano.a(lib_a-wsetup.o)
                0x0000000000008e90                __swsetup_r
 .text.abort    0x0000000000008f80        0xe /Applications/Simplicity Studio.app/Contents/Eclipse/developer/toolchains/gnu_arm/10.2_2020q4/bin/../lib/gcc/arm-none-eabi/10.2.1/../../../../arm-none-eabi/lib/thumb/v6-m/nofp/libc_nano.a(lib_a-abort.o)
                0x0000000000008f80                abort
 *fill*         0x0000000000008f8e        0x2 
 .text.__sflush_r
                0x0000000000008f90      0x118 /Applications/Simplicity Studio.app/Contents/Eclipse/developer/toolchains/gnu_arm/10.2_2020q4/bin/../lib/gcc/arm-none-eabi/10.2.1/../../../../arm-none-eabi/lib/thumb/v6-m/nofp/libc_nano.a(lib_a-fflush.o)
                0x0000000000008f90                __sflush_r
 .text._fflush_r
                0x00000000000090a8       0x80 /Applications/Simplicity Studio.app/Contents/Eclipse/developer/toolchains/gnu_arm/10.2_2020q4/bin/../lib/gcc/arm-none-eabi/10.2.1/../../../../arm-none-eabi/lib/thumb/v6-m/nofp/libc_nano.a(lib_a-fflush.o)
                0x00000000000090a8                _fflush_r
 .text.std      0x0000000000009128       0x48 /Applications/Simplicity Studio.app/Contents/Eclipse/developer/toolchains/gnu_arm/10.2_2020q4/bin/../lib/gcc/arm-none-eabi/10.2.1/../../../../arm-none-eabi/lib/thumb/v6-m/nofp/libc_nano.a(lib_a-findfp.o)
 .text._cleanup_r
                0x0000000000009170       0x10 /Applications/Simplicity Studio.app/Contents/Eclipse/developer/toolchains/gnu_arm/10.2_2020q4/bin/../lib/gcc/arm-none-eabi/10.2.1/../../../../arm-none-eabi/lib/thumb/v6-m/nofp/libc_nano.a(lib_a-findfp.o)
                0x0000000000009170                _cleanup_r
 .text.__sfmoreglue
                0x0000000000009180       0x2c /Applications/Simplicity Studio.app/Contents/Eclipse/developer/toolchains/gnu_arm/10.2_2020q4/bin/../lib/gcc/arm-none-eabi/10.2.1/../../../../arm-none-eabi/lib/thumb/v6-m/nofp/libc_nano.a(lib_a-findfp.o)
                0x0000000000009180                __sfmoreglue
 .text.__sfp_lock_acquire
                0x00000000000091ac       0x10 /Applications/Simplicity Studio.app/Contents/Eclipse/developer/toolchains/gnu_arm/10.2_2020q4/bin/../lib/gcc/arm-none-eabi/10.2.1/../../../../arm-none-eabi/lib/thumb/v6-m/nofp/libc_nano.a(lib_a-findfp.o)
                0x00000000000091ac                __sfp_lock_acquire
 .text.__sfp_lock_release
                0x00000000000091bc       0x10 /Applications/Simplicity Studio.app/Contents/Eclipse/developer/toolchains/gnu_arm/10.2_2020q4/bin/../lib/gcc/arm-none-eabi/10.2.1/../../../../arm-none-eabi/lib/thumb/v6-m/nofp/libc_nano.a(lib_a-findfp.o)
                0x00000000000091bc                __sfp_lock_release
 .text.__sinit_lock_acquire
                0x00000000000091cc       0x10 /Applications/Simplicity Studio.app/Contents/Eclipse/developer/toolchains/gnu_arm/10.2_2020q4/bin/../lib/gcc/arm-none-eabi/10.2.1/../../../../arm-none-eabi/lib/thumb/v6-m/nofp/libc_nano.a(lib_a-findfp.o)
                0x00000000000091cc                __sinit_lock_acquire
 .text.__sinit_lock_release
                0x00000000000091dc       0x10 /Applications/Simplicity Studio.app/Contents/Eclipse/developer/toolchains/gnu_arm/10.2_2020q4/bin/../lib/gcc/arm-none-eabi/10.2.1/../../../../arm-none-eabi/lib/thumb/v6-m/nofp/libc_nano.a(lib_a-findfp.o)
                0x00000000000091dc                __sinit_lock_release
 .text.__sinit  0x00000000000091ec       0x70 /Applications/Simplicity Studio.app/Contents/Eclipse/developer/toolchains/gnu_arm/10.2_2020q4/bin/../lib/gcc/arm-none-eabi/10.2.1/../../../../arm-none-eabi/lib/thumb/v6-m/nofp/libc_nano.a(lib_a-findfp.o)
                0x00000000000091ec                __sinit
 .text.__sfp    0x000000000000925c       0x90 /Applications/Simplicity Studio.app/Contents/Eclipse/developer/toolchains/gnu_arm/10.2_2020q4/bin/../lib/gcc/arm-none-eabi/10.2.1/../../../../arm-none-eabi/lib/thumb/v6-m/nofp/libc_nano.a(lib_a-findfp.o)
                0x000000000000925c                __sfp
 .text._fwalk_reent
                0x00000000000092ec       0x40 /Applications/Simplicity Studio.app/Contents/Eclipse/developer/toolchains/gnu_arm/10.2_2020q4/bin/../lib/gcc/arm-none-eabi/10.2.1/../../../../arm-none-eabi/lib/thumb/v6-m/nofp/libc_nano.a(lib_a-fwalk.o)
                0x00000000000092ec                _fwalk_reent
 .text.__retarget_lock_init_recursive
                0x000000000000932c        0x2 /Applications/Simplicity Studio.app/Contents/Eclipse/developer/toolchains/gnu_arm/10.2_2020q4/bin/../lib/gcc/arm-none-eabi/10.2.1/../../../../arm-none-eabi/lib/thumb/v6-m/nofp/libc_nano.a(lib_a-lock.o)
                0x000000000000932c                __retarget_lock_init_recursive
 .text.__retarget_lock_acquire_recursive
                0x000000000000932e        0x2 /Applications/Simplicity Studio.app/Contents/Eclipse/developer/toolchains/gnu_arm/10.2_2020q4/bin/../lib/gcc/arm-none-eabi/10.2.1/../../../../arm-none-eabi/lib/thumb/v6-m/nofp/libc_nano.a(lib_a-lock.o)
                0x000000000000932e                __retarget_lock_acquire_recursive
 .text.__retarget_lock_release_recursive
                0x0000000000009330        0x2 /Applications/Simplicity Studio.app/Contents/Eclipse/developer/toolchains/gnu_arm/10.2_2020q4/bin/../lib/gcc/arm-none-eabi/10.2.1/../../../../arm-none-eabi/lib/thumb/v6-m/nofp/libc_nano.a(lib_a-lock.o)
                0x0000000000009330                __retarget_lock_release_recursive
 *fill*         0x0000000000009332        0x2 
 .text.__swhatbuf_r
                0x0000000000009334       0x50 /Applications/Simplicity Studio.app/Contents/Eclipse/developer/toolchains/gnu_arm/10.2_2020q4/bin/../lib/gcc/arm-none-eabi/10.2.1/../../../../arm-none-eabi/lib/thumb/v6-m/nofp/libc_nano.a(lib_a-makebuf.o)
                0x0000000000009334                __swhatbuf_r
 .text.__smakebuf_r
                0x0000000000009384       0x88 /Applications/Simplicity Studio.app/Contents/Eclipse/developer/toolchains/gnu_arm/10.2_2020q4/bin/../lib/gcc/arm-none-eabi/10.2.1/../../../../arm-none-eabi/lib/thumb/v6-m/nofp/libc_nano.a(lib_a-makebuf.o)
                0x0000000000009384                __smakebuf_r
 .text.memchr   0x000000000000940c       0x16 /Applications/Simplicity Studio.app/Contents/Eclipse/developer/toolchains/gnu_arm/10.2_2020q4/bin/../lib/gcc/arm-none-eabi/10.2.1/../../../../arm-none-eabi/lib/thumb/v6-m/nofp/libc_nano.a(lib_a-memchr-stub.o)
                0x000000000000940c                memchr
 .text.memcpy   0x0000000000009422       0x12 /Applications/Simplicity Studio.app/Contents/Eclipse/developer/toolchains/gnu_arm/10.2_2020q4/bin/../lib/gcc/arm-none-eabi/10.2.1/../../../../arm-none-eabi/lib/thumb/v6-m/nofp/libc_nano.a(lib_a-memcpy-stub.o)
                0x0000000000009422                memcpy
 .text.memmove  0x0000000000009434       0x26 /Applications/Simplicity Studio.app/Contents/Eclipse/developer/toolchains/gnu_arm/10.2_2020q4/bin/../lib/gcc/arm-none-eabi/10.2.1/../../../../arm-none-eabi/lib/thumb/v6-m/nofp/libc_nano.a(lib_a-memmove.o)
                0x0000000000009434                memmove
 .text._realloc_r
                0x000000000000945a       0x4c /Applications/Simplicity Studio.app/Contents/Eclipse/developer/toolchains/gnu_arm/10.2_2020q4/bin/../lib/gcc/arm-none-eabi/10.2.1/../../../../arm-none-eabi/lib/thumb/v6-m/nofp/libc_nano.a(lib_a-nano-reallocr.o)
                0x000000000000945a                _realloc_r
 .text._raise_r
                0x00000000000094a6       0x54 /Applications/Simplicity Studio.app/Contents/Eclipse/developer/toolchains/gnu_arm/10.2_2020q4/bin/../lib/gcc/arm-none-eabi/10.2.1/../../../../arm-none-eabi/lib/thumb/v6-m/nofp/libc_nano.a(lib_a-signal.o)
                0x00000000000094a6                _raise_r
 *fill*         0x00000000000094fa        0x2 
 .text.raise    0x00000000000094fc       0x14 /Applications/Simplicity Studio.app/Contents/Eclipse/developer/toolchains/gnu_arm/10.2_2020q4/bin/../lib/gcc/arm-none-eabi/10.2.1/../../../../arm-none-eabi/lib/thumb/v6-m/nofp/libc_nano.a(lib_a-signal.o)
                0x00000000000094fc                raise
 .text._kill_r  0x0000000000009510       0x24 /Applications/Simplicity Studio.app/Contents/Eclipse/developer/toolchains/gnu_arm/10.2_2020q4/bin/../lib/gcc/arm-none-eabi/10.2.1/../../../../arm-none-eabi/lib/thumb/v6-m/nofp/libc_nano.a(lib_a-signalr.o)
                0x0000000000009510                _kill_r
 .text._getpid_r
                0x0000000000009534        0x8 /Applications/Simplicity Studio.app/Contents/Eclipse/developer/toolchains/gnu_arm/10.2_2020q4/bin/../lib/gcc/arm-none-eabi/10.2.1/../../../../arm-none-eabi/lib/thumb/v6-m/nofp/libc_nano.a(lib_a-signalr.o)
                0x0000000000009534                _getpid_r
 .text.__sread  0x000000000000953c       0x28 /Applications/Simplicity Studio.app/Contents/Eclipse/developer/toolchains/gnu_arm/10.2_2020q4/bin/../lib/gcc/arm-none-eabi/10.2.1/../../../../arm-none-eabi/lib/thumb/v6-m/nofp/libc_nano.a(lib_a-stdio.o)
                0x000000000000953c                __sread
 .text.__swrite
                0x0000000000009564       0x38 /Applications/Simplicity Studio.app/Contents/Eclipse/developer/toolchains/gnu_arm/10.2_2020q4/bin/../lib/gcc/arm-none-eabi/10.2.1/../../../../arm-none-eabi/lib/thumb/v6-m/nofp/libc_nano.a(lib_a-stdio.o)
                0x0000000000009564                __swrite
 .text.__sseek  0x000000000000959c       0x2c /Applications/Simplicity Studio.app/Contents/Eclipse/developer/toolchains/gnu_arm/10.2_2020q4/bin/../lib/gcc/arm-none-eabi/10.2.1/../../../../arm-none-eabi/lib/thumb/v6-m/nofp/libc_nano.a(lib_a-stdio.o)
                0x000000000000959c                __sseek
 .text.__sclose
                0x00000000000095c8        0xc /Applications/Simplicity Studio.app/Contents/Eclipse/developer/toolchains/gnu_arm/10.2_2020q4/bin/../lib/gcc/arm-none-eabi/10.2.1/../../../../arm-none-eabi/lib/thumb/v6-m/nofp/libc_nano.a(lib_a-stdio.o)
                0x00000000000095c8                __sclose
 .text._write_r
                0x00000000000095d4       0x28 /Applications/Simplicity Studio.app/Contents/Eclipse/developer/toolchains/gnu_arm/10.2_2020q4/bin/../lib/gcc/arm-none-eabi/10.2.1/../../../../arm-none-eabi/lib/thumb/v6-m/nofp/libc_nano.a(lib_a-writer.o)
                0x00000000000095d4                _write_r
 .text._close_r
                0x00000000000095fc       0x24 /Applications/Simplicity Studio.app/Contents/Eclipse/developer/toolchains/gnu_arm/10.2_2020q4/bin/../lib/gcc/arm-none-eabi/10.2.1/../../../../arm-none-eabi/lib/thumb/v6-m/nofp/libc_nano.a(lib_a-closer.o)
                0x00000000000095fc                _close_r
 .text._fstat_r
                0x0000000000009620       0x24 /Applications/Simplicity Studio.app/Contents/Eclipse/developer/toolchains/gnu_arm/10.2_2020q4/bin/../lib/gcc/arm-none-eabi/10.2.1/../../../../arm-none-eabi/lib/thumb/v6-m/nofp/libc_nano.a(lib_a-fstatr.o)
                0x0000000000009620                _fstat_r
 .text._isatty_r
                0x0000000000009644       0x24 /Applications/Simplicity Studio.app/Contents/Eclipse/developer/toolchains/gnu_arm/10.2_2020q4/bin/../lib/gcc/arm-none-eabi/10.2.1/../../../../arm-none-eabi/lib/thumb/v6-m/nofp/libc_nano.a(lib_a-isattyr.o)
                0x0000000000009644                _isatty_r
 .text._lseek_r
                0x0000000000009668       0x28 /Applications/Simplicity Studio.app/Contents/Eclipse/developer/toolchains/gnu_arm/10.2_2020q4/bin/../lib/gcc/arm-none-eabi/10.2.1/../../../../arm-none-eabi/lib/thumb/v6-m/nofp/libc_nano.a(lib_a-lseekr.o)
                0x0000000000009668                _lseek_r
 .text._malloc_usable_size_r
                0x0000000000009690       0x10 /Applications/Simplicity Studio.app/Contents/Eclipse/developer/toolchains/gnu_arm/10.2_2020q4/bin/../lib/gcc/arm-none-eabi/10.2.1/../../../../arm-none-eabi/lib/thumb/v6-m/nofp/libc_nano.a(lib_a-nano-msizer.o)
                0x0000000000009690                _malloc_usable_size_r
 .text._read_r  0x00000000000096a0       0x28 /Applications/Simplicity Studio.app/Contents/Eclipse/developer/toolchains/gnu_arm/10.2_2020q4/bin/../lib/gcc/arm-none-eabi/10.2.1/../../../../arm-none-eabi/lib/thumb/v6-m/nofp/libc_nano.a(lib_a-readr.o)
                0x00000000000096a0                _read_r
 .text._close   0x00000000000096c8       0x10 /Applications/Simplicity Studio.app/Contents/Eclipse/developer/toolchains/gnu_arm/10.2_2020q4/bin/../lib/gcc/arm-none-eabi/10.2.1/../../../../arm-none-eabi/lib/thumb/v6-m/nofp/libnosys.a(close.o)
                0x00000000000096c8                _close
 .text._fstat   0x00000000000096d8       0x10 /Applications/Simplicity Studio.app/Contents/Eclipse/developer/toolchains/gnu_arm/10.2_2020q4/bin/../lib/gcc/arm-none-eabi/10.2.1/../../../../arm-none-eabi/lib/thumb/v6-m/nofp/libnosys.a(fstat.o)
                0x00000000000096d8                _fstat
 .text._getpid  0x00000000000096e8       0x10 /Applications/Simplicity Studio.app/Contents/Eclipse/developer/toolchains/gnu_arm/10.2_2020q4/bin/../lib/gcc/arm-none-eabi/10.2.1/../../../../arm-none-eabi/lib/thumb/v6-m/nofp/libnosys.a(getpid.o)
                0x00000000000096e8                _getpid
 .text._isatty  0x00000000000096f8       0x10 /Applications/Simplicity Studio.app/Contents/Eclipse/developer/toolchains/gnu_arm/10.2_2020q4/bin/../lib/gcc/arm-none-eabi/10.2.1/../../../../arm-none-eabi/lib/thumb/v6-m/nofp/libnosys.a(isatty.o)
                0x00000000000096f8                _isatty
 .text._kill    0x0000000000009708       0x10 /Applications/Simplicity Studio.app/Contents/Eclipse/developer/toolchains/gnu_arm/10.2_2020q4/bin/../lib/gcc/arm-none-eabi/10.2.1/../../../../arm-none-eabi/lib/thumb/v6-m/nofp/libnosys.a(kill.o)
                0x0000000000009708                _kill
 .text._lseek   0x0000000000009718       0x10 /Applications/Simplicity Studio.app/Contents/Eclipse/developer/toolchains/gnu_arm/10.2_2020q4/bin/../lib/gcc/arm-none-eabi/10.2.1/../../../../arm-none-eabi/lib/thumb/v6-m/nofp/libnosys.a(lseek.o)
                0x0000000000009718                _lseek
 .text._read    0x0000000000009728       0x10 /Applications/Simplicity Studio.app/Contents/Eclipse/developer/toolchains/gnu_arm/10.2_2020q4/bin/../lib/gcc/arm-none-eabi/10.2.1/../../../../arm-none-eabi/lib/thumb/v6-m/nofp/libnosys.a(read.o)
                0x0000000000009728                _read
 .text._write   0x0000000000009738       0x10 /Applications/Simplicity Studio.app/Contents/Eclipse/developer/toolchains/gnu_arm/10.2_2020q4/bin/../lib/gcc/arm-none-eabi/10.2.1/../../../../arm-none-eabi/lib/thumb/v6-m/nofp/libnosys.a(write.o)
                0x0000000000009738                _write
 .text._exit    0x0000000000009748        0x4 /Applications/Simplicity Studio.app/Contents/Eclipse/developer/toolchains/gnu_arm/10.2_2020q4/bin/../lib/gcc/arm-none-eabi/10.2.1/../../../../arm-none-eabi/lib/thumb/v6-m/nofp/libnosys.a(_exit.o)
                0x0000000000009748                _exit
 .text          0x000000000000974c       0x14 /Applications/Simplicity Studio.app/Contents/Eclipse/developer/toolchains/gnu_arm/10.2_2020q4/bin/../lib/gcc/arm-none-eabi/10.2.1/thumb/v6-m/nofp/libgcc.a(_thumb1_case_shi.o)
                0x000000000000974c                __gnu_thumb1_case_shi
                0x0000000000009760                linker_code_end = .
 *(.init)
 .init          0x0000000000009760        0x4 /Applications/Simplicity Studio.app/Contents/Eclipse/developer/toolchains/gnu_arm/10.2_2020q4/bin/../lib/gcc/arm-none-eabi/10.2.1/thumb/v6-m/nofp/crti.o
                0x0000000000009760                _init
 .init          0x0000000000009764        0x8 /Applications/Simplicity Studio.app/Contents/Eclipse/developer/toolchains/gnu_arm/10.2_2020q4/bin/../lib/gcc/arm-none-eabi/10.2.1/thumb/v6-m/nofp/crtn.o
 *(.fini)
 .fini          0x000000000000976c        0x4 /Applications/Simplicity Studio.app/Contents/Eclipse/developer/toolchains/gnu_arm/10.2_2020q4/bin/../lib/gcc/arm-none-eabi/10.2.1/thumb/v6-m/nofp/crti.o
                0x000000000000976c                _fini
 .fini          0x0000000000009770        0x8 /Applications/Simplicity Studio.app/Contents/Eclipse/developer/toolchains/gnu_arm/10.2_2020q4/bin/../lib/gcc/arm-none-eabi/10.2.1/thumb/v6-m/nofp/crtn.o
 *crtbegin.o(.ctors)
 *crtbegin?.o(.ctors)
 *(EXCLUDE_FILE(*crtend.o *crtend?.o) .ctors)
 *(SORT_BY_NAME(.ctors.*))
 *(.ctors)
 *crtbegin.o(.dtors)
 *crtbegin?.o(.dtors)
 *(EXCLUDE_FILE(*crtend.o *crtend?.o) .dtors)
 *(SORT_BY_NAME(.dtors.*))
 *(.dtors)
 *(.rodata*)
 .rodata        0x0000000000009778       0x18 ./app.o
 .rodata        0x0000000000009790       0x77 ./gpio.o
 *fill*         0x0000000000009807        0x1 
 .rodata        0x0000000000009808        0x9 ./i2c.o
 *fill*         0x0000000000009811        0x3 
 .rodata        0x0000000000009814       0x12 ./leuart.o
 *fill*         0x0000000000009826        0x2 
 .rodata        0x0000000000009828        0xd ./mfrc522.o
 *fill*         0x0000000000009835        0x3 
 .rodata        0x0000000000009838       0x77 ./motor.o
 *fill*         0x00000000000098af        0x1 
 .rodata.execute_cmd
                0x00000000000098b0       0x30 ./motor.o
 .rodata        0x00000000000098e0       0x78 ./timer.o
 .rodata        0x0000000000009958       0x9c ./usart.o
 .rodata.sl_led_led0
                0x00000000000099f4       0x18 ./autogen/sl_simple_led_instances.o
                0x00000000000099f4                sl_led_led0
 .rodata        0x0000000000009a0c       0x77 ./gecko_sdk_3.2.3/platform/driver/leddrv/src/sl_simple_led.o
 *fill*         0x0000000000009a83        0x1 
 .rodata        0x0000000000009a84      0x1e1 ./gecko_sdk_3.2.3/platform/emlib/src/em_cmu.o
 *fill*         0x0000000000009c65        0x3 
 .rodata.CMU_ClockDivGet
                0x0000000000009c68       0x38 ./gecko_sdk_3.2.3/platform/emlib/src/em_cmu.o
 .rodata.CMU_ClockDivSet
                0x0000000000009ca0       0x38 ./gecko_sdk_3.2.3/platform/emlib/src/em_cmu.o
 .rodata.CMU_ClockEnable
                0x0000000000009cd8       0x2c ./gecko_sdk_3.2.3/platform/emlib/src/em_cmu.o
 .rodata.CMU_ClockSelectGet
                0x0000000000009d04       0x1c ./gecko_sdk_3.2.3/platform/emlib/src/em_cmu.o
 .rodata.CMU_ClockSelectSet
                0x0000000000009d20       0x68 ./gecko_sdk_3.2.3/platform/emlib/src/em_cmu.o
 .rodata.CMU_OscillatorEnable
                0x0000000000009d88       0x18 ./gecko_sdk_3.2.3/platform/emlib/src/em_cmu.o
 .rodata        0x0000000000009da0      0x166 ./gecko_sdk_3.2.3/platform/emlib/src/em_gpio.o
 *fill*         0x0000000000009f06        0x2 
 .rodata        0x0000000000009f08       0xa7 ./gecko_sdk_3.2.3/platform/emlib/src/em_i2c.o
 *fill*         0x0000000000009faf        0x1 
 .rodata.i2cNSum
                0x0000000000009fb0        0x4 ./gecko_sdk_3.2.3/platform/emlib/src/em_i2c.o
 .rodata        0x0000000000009fb4       0x32 ./gecko_sdk_3.2.3/platform/emlib/src/em_leaurt.o
 *fill*         0x0000000000009fe6        0x2 
 .rodata        0x0000000000009fe8       0xed ./gecko_sdk_3.2.3/platform/emlib/src/em_rtc.o
 *fill*         0x000000000000a0d5        0x3 
 .rodata        0x000000000000a0d8       0xa9 ./gecko_sdk_3.2.3/platform/emlib/src/em_timer.o
 *fill*         0x000000000000a181        0x3 
 .rodata        0x000000000000a184       0x31 ./gecko_sdk_3.2.3/platform/emlib/src/em_usart.o
 *fill*         0x000000000000a1b5        0x3 
 .rodata        0x000000000000a1b8       0x89 ./gecko_sdk_3.2.3/platform/service/sleeptimer/src/sl_sleeptimer.o
 *fill*         0x000000000000a241        0x3 
 .rodata        0x000000000000a244        0x3 ./gecko_sdk_3.2.3/platform/service/sleeptimer/src/sl_sleeptimer_hal_rtc.o
 *fill*         0x000000000000a247        0x1 
 .rodata        0x000000000000a248       0x80 /Applications/Simplicity Studio.app/Contents/Eclipse/developer/toolchains/gnu_arm/10.2_2020q4/bin/../lib/gcc/arm-none-eabi/10.2.1/thumb/v6-m/nofp/libgcc.a(divsf3.o)
 .rodata        0x000000000000a2c8       0x40 /Applications/Simplicity Studio.app/Contents/Eclipse/developer/toolchains/gnu_arm/10.2_2020q4/bin/../lib/gcc/arm-none-eabi/10.2.1/thumb/v6-m/nofp/libgcc.a(mulsf3.o)
 .rodata        0x000000000000a308       0x40 /Applications/Simplicity Studio.app/Contents/Eclipse/developer/toolchains/gnu_arm/10.2_2020q4/bin/../lib/gcc/arm-none-eabi/10.2.1/thumb/v6-m/nofp/libgcc.a(divdf3.o)
 .rodata        0x000000000000a348       0x40 /Applications/Simplicity Studio.app/Contents/Eclipse/developer/toolchains/gnu_arm/10.2_2020q4/bin/../lib/gcc/arm-none-eabi/10.2.1/thumb/v6-m/nofp/libgcc.a(muldf3.o)
 .rodata._global_impure_ptr
                0x000000000000a388        0x4 /Applications/Simplicity Studio.app/Contents/Eclipse/developer/toolchains/gnu_arm/10.2_2020q4/bin/../lib/gcc/arm-none-eabi/10.2.1/../../../../arm-none-eabi/lib/thumb/v6-m/nofp/libc_nano.a(lib_a-impure.o)
                0x000000000000a388                _global_impure_ptr
 .rodata.strtok.str1.1
                0x000000000000a38c       0x72 /Applications/Simplicity Studio.app/Contents/Eclipse/developer/toolchains/gnu_arm/10.2_2020q4/bin/../lib/gcc/arm-none-eabi/10.2.1/../../../../arm-none-eabi/lib/thumb/v6-m/nofp/libc_nano.a(lib_a-strtok.o)
 .rodata.__assert_func.str1.1
                0x000000000000a3fe       0x3c /Applications/Simplicity Studio.app/Contents/Eclipse/developer/toolchains/gnu_arm/10.2_2020q4/bin/../lib/gcc/arm-none-eabi/10.2.1/../../../../arm-none-eabi/lib/thumb/v6-m/nofp/libc_nano.a(lib_a-assert.o)
                                         0x3d (size before relaxing)
 .rodata._ctype_
                0x000000000000a43a      0x101 /Applications/Simplicity Studio.app/Contents/Eclipse/developer/toolchains/gnu_arm/10.2_2020q4/bin/../lib/gcc/arm-none-eabi/10.2.1/../../../../arm-none-eabi/lib/thumb/v6-m/nofp/libc_nano.a(lib_a-ctype_.o)
                0x000000000000a43a                _ctype_
 .rodata._svfprintf_r.str1.1
                0x000000000000a53b       0x11 /Applications/Simplicity Studio.app/Contents/Eclipse/developer/toolchains/gnu_arm/10.2_2020q4/bin/../lib/gcc/arm-none-eabi/10.2.1/../../../../arm-none-eabi/lib/thumb/v6-m/nofp/libc_nano.a(lib_a-nano-svfprintf.o)
 .rodata._vfprintf_r.str1.1
                0x000000000000a54c       0x11 /Applications/Simplicity Studio.app/Contents/Eclipse/developer/toolchains/gnu_arm/10.2_2020q4/bin/../lib/gcc/arm-none-eabi/10.2.1/../../../../arm-none-eabi/lib/thumb/v6-m/nofp/libc_nano.a(lib_a-nano-vfprintf.o)
 .rodata._printf_i.str1.1
                0x000000000000a54c       0x22 /Applications/Simplicity Studio.app/Contents/Eclipse/developer/toolchains/gnu_arm/10.2_2020q4/bin/../lib/gcc/arm-none-eabi/10.2.1/../../../../arm-none-eabi/lib/thumb/v6-m/nofp/libc_nano.a(lib_a-nano-vfprintf_i.o)
 *fill*         0x000000000000a56e        0x2 
 .rodata.__sf_fake_stderr
                0x000000000000a570       0x20 /Applications/Simplicity Studio.app/Contents/Eclipse/developer/toolchains/gnu_arm/10.2_2020q4/bin/../lib/gcc/arm-none-eabi/10.2.1/../../../../arm-none-eabi/lib/thumb/v6-m/nofp/libc_nano.a(lib_a-findfp.o)
                0x000000000000a570                __sf_fake_stderr
 .rodata.__sf_fake_stdin
                0x000000000000a590       0x20 /Applications/Simplicity Studio.app/Contents/Eclipse/developer/toolchains/gnu_arm/10.2_2020q4/bin/../lib/gcc/arm-none-eabi/10.2.1/../../../../arm-none-eabi/lib/thumb/v6-m/nofp/libc_nano.a(lib_a-findfp.o)
                0x000000000000a590                __sf_fake_stdin
 .rodata.__sf_fake_stdout
                0x000000000000a5b0       0x20 /Applications/Simplicity Studio.app/Contents/Eclipse/developer/toolchains/gnu_arm/10.2_2020q4/bin/../lib/gcc/arm-none-eabi/10.2.1/../../../../arm-none-eabi/lib/thumb/v6-m/nofp/libc_nano.a(lib_a-findfp.o)
                0x000000000000a5b0                __sf_fake_stdout
 *(.eh_frame*)
 .eh_frame      0x000000000000a5d0        0x0 /Applications/Simplicity Studio.app/Contents/Eclipse/developer/toolchains/gnu_arm/10.2_2020q4/bin/../lib/gcc/arm-none-eabi/10.2.1/thumb/v6-m/nofp/crtbegin.o

.glue_7         0x000000000000a5d0        0x0
 .glue_7        0x000000000000a5d0        0x0 linker stubs

.glue_7t        0x000000000000a5d0        0x0
 .glue_7t       0x000000000000a5d0        0x0 linker stubs

.vfp11_veneer   0x000000000000a5d0        0x0
 .vfp11_veneer  0x000000000000a5d0        0x0 linker stubs

.v4_bx          0x000000000000a5d0        0x0
 .v4_bx         0x000000000000a5d0        0x0 linker stubs

.iplt           0x000000000000a5d0        0x0
 .iplt          0x000000000000a5d0        0x0 /Applications/Simplicity Studio.app/Contents/Eclipse/developer/toolchains/gnu_arm/10.2_2020q4/bin/../lib/gcc/arm-none-eabi/10.2.1/thumb/v6-m/nofp/crtbegin.o

.ARM.extab
 *(.ARM.extab* .gnu.linkonce.armextab.*)
                0x000000000000a5d0                __exidx_start = .

.ARM.exidx      0x000000000000a5d0        0x8
 *(.ARM.exidx* .gnu.linkonce.armexidx.*)
 .ARM.exidx     0x000000000000a5d0        0x8 /Applications/Simplicity Studio.app/Contents/Eclipse/developer/toolchains/gnu_arm/10.2_2020q4/bin/../lib/gcc/arm-none-eabi/10.2.1/../../../../arm-none-eabi/lib/thumb/v6-m/nofp/crt0.o
                                         0x10 (size before relaxing)
 .ARM.exidx     0x000000000000a5d8        0x0 /Applications/Simplicity Studio.app/Contents/Eclipse/developer/toolchains/gnu_arm/10.2_2020q4/bin/../lib/gcc/arm-none-eabi/10.2.1/thumb/v6-m/nofp/libgcc.a(_udivmoddi4.o)
                                          0x8 (size before relaxing)
                0x000000000000a5d8                __exidx_end = .
                0x000000000000a5d8                __etext = .

.rel.dyn        0x000000000000a5d8        0x0
 .rel.iplt      0x000000000000a5d8        0x0 /Applications/Simplicity Studio.app/Contents/Eclipse/developer/toolchains/gnu_arm/10.2_2020q4/bin/../lib/gcc/arm-none-eabi/10.2.1/thumb/v6-m/nofp/crtbegin.o
                0x0000000020000000                . = ORIGIN (RAM)

.stack          0x0000000020000000      0x400
                0x0000000020000000                __StackLimit = .
 *(.stack*)
 .stack         0x0000000020000000        0x0 ./gecko_sdk_3.2.3/platform/Device/SiliconLabs/EFM32HG/Source/GCC/startup_efm32hg.o
 .stack         0x0000000020000000      0x400 ./gecko_sdk_3.2.3/platform/common/toolchain/src/sl_memory.o
                0x0000000020000400                . = ALIGN (0x4)
                0x0000000020000400                __StackTop = .
                0x0000000020000400                PROVIDE (__stack = __StackTop)

.noinit
 *(.noinit*)

.data           0x0000000020000400       0x84 load address 0x000000000000a5d8
                0x0000000020000400                . = ALIGN (0x4)
                0x0000000020000400                __data_start__ = .
 *(vtable)
 *(.data*)
 .data.simple_led0_context
                0x0000000020000400        0x3 ./autogen/sl_simple_led_instances.o
                0x0000000020000400                simple_led0_context
 *fill*         0x0000000020000403        0x1 
 .data.SystemHFXOClock
                0x0000000020000404        0x4 ./gecko_sdk_3.2.3/platform/Device/SiliconLabs/EFM32HG/Source/system_efm32hg.o
 .data.SystemLFXOClock
                0x0000000020000408        0x4 ./gecko_sdk_3.2.3/platform/Device/SiliconLabs/EFM32HG/Source/system_efm32hg.o
 .data.SystemCoreClock
                0x000000002000040c        0x4 ./gecko_sdk_3.2.3/platform/Device/SiliconLabs/EFM32HG/Source/system_efm32hg.o
                0x000000002000040c                SystemCoreClock
 .data.heap_end.0
                0x0000000020000410        0x4 ./gecko_sdk_3.2.3/platform/common/toolchain/src/sl_memory.o
 .data.comp_int_disabled
                0x0000000020000414        0x1 ./gecko_sdk_3.2.3/platform/service/sleeptimer/src/sl_sleeptimer_hal_rtc.o
 *fill*         0x0000000020000415        0x3 
 .data._impure_ptr
                0x0000000020000418        0x4 /Applications/Simplicity Studio.app/Contents/Eclipse/developer/toolchains/gnu_arm/10.2_2020q4/bin/../lib/gcc/arm-none-eabi/10.2.1/../../../../arm-none-eabi/lib/thumb/v6-m/nofp/libc_nano.a(lib_a-impure.o)
                0x0000000020000418                _impure_ptr
 .data.impure_data
                0x000000002000041c       0x60 /Applications/Simplicity Studio.app/Contents/Eclipse/developer/toolchains/gnu_arm/10.2_2020q4/bin/../lib/gcc/arm-none-eabi/10.2.1/../../../../arm-none-eabi/lib/thumb/v6-m/nofp/libc_nano.a(lib_a-impure.o)
                0x000000002000047c                . = ALIGN (0x4)
                [!provide]                        PROVIDE (__ram_func_section_start = .)
 *(.ram)
                [!provide]                        PROVIDE (__ram_func_section_end = .)
                0x000000002000047c                . = ALIGN (0x4)
                0x000000002000047c                PROVIDE (__preinit_array_start = .)
 *(.preinit_array)
                0x000000002000047c                PROVIDE (__preinit_array_end = .)
                0x000000002000047c                . = ALIGN (0x4)
                0x000000002000047c                PROVIDE (__init_array_start = .)
 *(SORT_BY_NAME(.init_array.*))
 *(.init_array)
 .init_array    0x000000002000047c        0x4 /Applications/Simplicity Studio.app/Contents/Eclipse/developer/toolchains/gnu_arm/10.2_2020q4/bin/../lib/gcc/arm-none-eabi/10.2.1/thumb/v6-m/nofp/crtbegin.o
                0x0000000020000480                PROVIDE (__init_array_end = .)
                0x0000000020000480                . = ALIGN (0x4)
                [!provide]                        PROVIDE (__fini_array_start = .)
 *(SORT_BY_NAME(.fini_array.*))
 *(.fini_array)
 .fini_array    0x0000000020000480        0x4 /Applications/Simplicity Studio.app/Contents/Eclipse/developer/toolchains/gnu_arm/10.2_2020q4/bin/../lib/gcc/arm-none-eabi/10.2.1/thumb/v6-m/nofp/crtbegin.o
                [!provide]                        PROVIDE (__fini_array_end = .)
                0x0000000020000484                . = ALIGN (0x4)
                0x0000000020000484                __data_end__ = .

.igot.plt       0x0000000020000484        0x0 load address 0x000000000000a65c
 .igot.plt      0x0000000020000484        0x0 /Applications/Simplicity Studio.app/Contents/Eclipse/developer/toolchains/gnu_arm/10.2_2020q4/bin/../lib/gcc/arm-none-eabi/10.2.1/thumb/v6-m/nofp/crtbegin.o

.bss            0x0000000020000484      0x2c4 load address 0x000000000000a65c
                0x0000000020000484                . = ALIGN (0x4)
                0x0000000020000484                __bss_start__ = .
 *(.bss*)
 .bss           0x0000000020000484       0x1c /Applications/Simplicity Studio.app/Contents/Eclipse/developer/toolchains/gnu_arm/10.2_2020q4/bin/../lib/gcc/arm-none-eabi/10.2.1/thumb/v6-m/nofp/crtbegin.o
 .bss.LOW_BATTERY
                0x00000000200004a0        0x4 ./app.o
 .bss.timer     0x00000000200004a4       0x1c ./blink.o
                0x00000000200004a4                timer
 .bss.toggle_timeout
                0x00000000200004c0        0x1 ./blink.o
                0x00000000200004c0                toggle_timeout
 *fill*         0x00000000200004c1        0x3 
 .bss.I2C0_STATE_MACHINE
                0x00000000200004c4       0x24 ./i2c.o
 .bss.LEUART0_TX_STATE_MACHINE
                0x00000000200004e8       0xdc ./leuart.o
 .bss.LEUART0_RX_STATE_MACHINE
                0x00000000200005c4       0xdc ./leuart.o
 .bss.max17043_read_result
                0x00000000200006a0        0x4 ./max17043.o
 .bss.read_data
                0x00000000200006a4        0x4 ./mfrc522.o
 .bss.head      0x00000000200006a8        0x4 ./path.o
 .bss.tail      0x00000000200006ac        0x4 ./path.o
 .bss.TIMER0_FLAG
                0x00000000200006b0        0x4 ./timer.o
 .bss.TIMER1_FLAG
                0x00000000200006b4        0x4 ./timer.o
 .bss.SPI0_STATE_MACHINE
                0x00000000200006b8       0x30 ./usart.o
 .bss.SPI1_STATE_MACHINE
                0x00000000200006e8       0x30 ./usart.o
 .bss.overflow_counter
                0x0000000020000718        0x2 ./gecko_sdk_3.2.3/platform/service/sleeptimer/src/sl_sleeptimer.o
 *fill*         0x000000002000071a        0x2 
 .bss.timer_frequency
                0x000000002000071c        0x4 ./gecko_sdk_3.2.3/platform/service/sleeptimer/src/sl_sleeptimer.o
 .bss.timer_head
                0x0000000020000720        0x4 ./gecko_sdk_3.2.3/platform/service/sleeptimer/src/sl_sleeptimer.o
 .bss.last_delta_update_count
                0x0000000020000724        0x4 ./gecko_sdk_3.2.3/platform/service/sleeptimer/src/sl_sleeptimer.o
 .bss.is_sleeptimer_initialized
                0x0000000020000728        0x1 ./gecko_sdk_3.2.3/platform/service/sleeptimer/src/sl_sleeptimer.o
 .bss.next_timer_to_expire_is_power_manager
                0x0000000020000729        0x1 ./gecko_sdk_3.2.3/platform/service/sleeptimer/src/sl_sleeptimer.o
 *fill*         0x000000002000072a        0x2 
 .bss.max_millisecond_conversion
                0x000000002000072c        0x4 ./gecko_sdk_3.2.3/platform/service/sleeptimer/src/sl_sleeptimer.o
 .bss.sleep_on_isr_exit
                0x0000000020000730        0x1 ./gecko_sdk_3.2.3/platform/service/sleeptimer/src/sl_sleeptimer.o
 .bss.rtc_overflow_count
                0x0000000020000731        0x1 ./gecko_sdk_3.2.3/platform/service/sleeptimer/src/sl_sleeptimer_hal_rtc.o
 *fill*         0x0000000020000732        0x2 
 .bss.compare_value_32
                0x0000000020000734        0x4 ./gecko_sdk_3.2.3/platform/service/sleeptimer/src/sl_sleeptimer_hal_rtc.o
 .bss.__malloc_free_list
                0x0000000020000738        0x4 /Applications/Simplicity Studio.app/Contents/Eclipse/developer/toolchains/gnu_arm/10.2_2020q4/bin/../lib/gcc/arm-none-eabi/10.2.1/../../../../arm-none-eabi/lib/thumb/v6-m/nofp/libc_nano.a(lib_a-nano-mallocr.o)
                0x0000000020000738                __malloc_free_list
 .bss.__malloc_sbrk_start
                0x000000002000073c        0x4 /Applications/Simplicity Studio.app/Contents/Eclipse/developer/toolchains/gnu_arm/10.2_2020q4/bin/../lib/gcc/arm-none-eabi/10.2.1/../../../../arm-none-eabi/lib/thumb/v6-m/nofp/libc_nano.a(lib_a-nano-mallocr.o)
                0x000000002000073c                __malloc_sbrk_start
 .bss.errno     0x0000000020000740        0x4 /Applications/Simplicity Studio.app/Contents/Eclipse/developer/toolchains/gnu_arm/10.2_2020q4/bin/../lib/gcc/arm-none-eabi/10.2.1/../../../../arm-none-eabi/lib/thumb/v6-m/nofp/libc_nano.a(lib_a-reent.o)
                0x0000000020000740                errno
 .bss.__lock___malloc_recursive_mutex
                0x0000000020000744        0x1 /Applications/Simplicity Studio.app/Contents/Eclipse/developer/toolchains/gnu_arm/10.2_2020q4/bin/../lib/gcc/arm-none-eabi/10.2.1/../../../../arm-none-eabi/lib/thumb/v6-m/nofp/libc_nano.a(lib_a-lock.o)
                0x0000000020000744                __lock___malloc_recursive_mutex
 .bss.__lock___sfp_recursive_mutex
                0x0000000020000745        0x1 /Applications/Simplicity Studio.app/Contents/Eclipse/developer/toolchains/gnu_arm/10.2_2020q4/bin/../lib/gcc/arm-none-eabi/10.2.1/../../../../arm-none-eabi/lib/thumb/v6-m/nofp/libc_nano.a(lib_a-lock.o)
                0x0000000020000745                __lock___sfp_recursive_mutex
 .bss.__lock___sinit_recursive_mutex
                0x0000000020000746        0x1 /Applications/Simplicity Studio.app/Contents/Eclipse/developer/toolchains/gnu_arm/10.2_2020q4/bin/../lib/gcc/arm-none-eabi/10.2.1/../../../../arm-none-eabi/lib/thumb/v6-m/nofp/libc_nano.a(lib_a-lock.o)
                0x0000000020000746                __lock___sinit_recursive_mutex
 *(COMMON)
                0x0000000020000748                . = ALIGN (0x4)
 *fill*         0x0000000020000747        0x1 
                0x0000000020000748                __bss_end__ = .

.heap           0x0000000020000748     0x18b8
                0x0000000020000748                __HeapBase = .
                0x0000000020000748                __end__ = .
                0x0000000020000748                end = __end__
                0x0000000020000748                _end = __end__
 *(.heap*)
                0x0000000020002000                . = (ORIGIN (RAM) + LENGTH (RAM))
 *fill*         0x0000000020000748     0x18b8 
                0x0000000020002000                __HeapLimit = .
                0x00000000000018b8                __heap_size = (__HeapLimit - __HeapBase)
                0x0000000000010000                __main_flash_end__ = 0x10000

.internal_storage
                0x000000000000a5d8        0x0
 *(.internal_storage*)

.nvm            0x000000000000a5d8        0x0
 *(.simee*)
                0x0000000000010000                linker_nvm_end = __main_flash_end__
                0x0000000000010000                linker_nvm_begin = (linker_nvm_end - SIZEOF (.nvm))
                0x0000000000000000                linker_nvm_size = SIZEOF (.nvm)
                0x0000000000010000                linker_storage_end = linker_nvm_begin
                0x0000000000010000                linker_storage_begin = (linker_storage_end - SIZEOF (.internal_storage))
                0x0000000000000000                linker_storage_size = SIZEOF (.internal_storage)
                0x0000000000010000                __nvm3Base = linker_nvm_begin
OUTPUT(EVEE_AT_ONE.axf elf32-littlearm)
LOAD linker stubs

.ARM.attributes
                0x0000000000000000       0x28
 .ARM.attributes
                0x0000000000000000       0x1e /Applications/Simplicity Studio.app/Contents/Eclipse/developer/toolchains/gnu_arm/10.2_2020q4/bin/../lib/gcc/arm-none-eabi/10.2.1/thumb/v6-m/nofp/crti.o
 .ARM.attributes