Archive member included to satisfy reference by file (symbol)

/Applications/Simplicity Studio.app/Contents/Eclipse/developer/toolchains/gnu_arm/10.2_2020q4/bin/../lib/gcc/arm-none-eabi/10.2.1/thumb/v6-m/nofp/libgcc.a(_udivsi3.o)
                              ./timer.o (__aeabi_uidiv)
/Applications/Simplicity Studio.app/Contents/Eclipse/developer/toolchains/gnu_arm/10.2_2020q4/bin/../lib/gcc/arm-none-eabi/10.2.1/thumb/v6-m/nofp/libgcc.a(_dvmd_tls.o)
                              /Applications/Simplicity Studio.app/Contents/Eclipse/developer/toolchains/gnu_arm/10.2_2020q4/bin/../lib/gcc/arm-none-eabi/10.2.1/thumb/v6-m/nofp/libgcc.a(_udivsi3.o) (__aeabi_idiv0)
/Applications/Simplicity Studio.app/Contents/Eclipse/developer/toolchains/gnu_arm/10.2_2020q4/bin/../lib/gcc/arm-none-eabi/10.2.1/thumb/v6-m/nofp/libgcc.a(_clzsi2.o)
                              ./gecko_sdk_3.2.3/platform/emlib/src/em_cmu.o (__clzsi2)
/Applications/Simplicity Studio.app/Contents/Eclipse/developer/toolchains/gnu_arm/10.2_2020q4/bin/../lib/gcc/arm-none-eabi/10.2.1/thumb/v6-m/nofp/libgcc.a(_aeabi_uldivmod.o)
                              ./gecko_sdk_3.2.3/platform/emlib/src/em_usart.o (__aeabi_uldivmod)
/Applications/Simplicity Studio.app/Contents/Eclipse/developer/toolchains/gnu_arm/10.2_2020q4/bin/../lib/gcc/arm-none-eabi/10.2.1/thumb/v6-m/nofp/libgcc.a(_muldi3.o)
                              ./gecko_sdk_3.2.3/platform/emlib/src/em_usart.o (__aeabi_lmul)
/Applications/Simplicity Studio.app/Contents/Eclipse/developer/toolchains/gnu_arm/10.2_2020q4/bin/../lib/gcc/arm-none-eabi/10.2.1/thumb/v6-m/nofp/libgcc.a(_fixunsdfsi.o)
                              ./timer.o (__aeabi_d2uiz)
/Applications/Simplicity Studio.app/Contents/Eclipse/developer/toolchains/gnu_arm/10.2_2020q4/bin/../lib/gcc/arm-none-eabi/10.2.1/thumb/v6-m/nofp/libgcc.a(_udivmoddi4.o)
                              /Applications/Simplicity Studio.app/Contents/Eclipse/developer/toolchains/gnu_arm/10.2_2020q4/bin/../lib/gcc/arm-none-eabi/10.2.1/thumb/v6-m/nofp/libgcc.a(_aeabi_uldivmod.o) (__udivmoddi4)
/Applications/Simplicity Studio.app/Contents/Eclipse/developer/toolchains/gnu_arm/10.2_2020q4/bin/../lib/gcc/arm-none-eabi/10.2.1/thumb/v6-m/nofp/libgcc.a(addsf3.o)
                              ./app.o (__aeabi_fadd)
/Applications/Simplicity Studio.app/Contents/Eclipse/developer/toolchains/gnu_arm/10.2_2020q4/bin/../lib/gcc/arm-none-eabi/10.2.1/thumb/v6-m/nofp/libgcc.a(divsf3.o)
                              ./app.o (__aeabi_fdiv)
/Applications/Simplicity Studio.app/Contents/Eclipse/developer/toolchains/gnu_arm/10.2_2020q4/bin/../lib/gcc/arm-none-eabi/10.2.1/thumb/v6-m/nofp/libgcc.a(subsf3.o)
                              ./app.o (__aeabi_fsub)
/Applications/Simplicity Studio.app/Contents/Eclipse/developer/toolchains/gnu_arm/10.2_2020q4/bin/../lib/gcc/arm-none-eabi/10.2.1/thumb/v6-m/nofp/libgcc.a(floatunsisf.o)
                              ./app.o (__aeabi_ui2f)
/Applications/Simplicity Studio.app/Contents/Eclipse/developer/toolchains/gnu_arm/10.2_2020q4/bin/../lib/gcc/arm-none-eabi/10.2.1/thumb/v6-m/nofp/libgcc.a(divdf3.o)
                              ./timer.o (__aeabi_ddiv)
/Applications/Simplicity Studio.app/Contents/Eclipse/developer/toolchains/gnu_arm/10.2_2020q4/bin/../lib/gcc/arm-none-eabi/10.2.1/thumb/v6-m/nofp/libgcc.a(muldf3.o)
                              ./timer.o (__aeabi_dmul)
/Applications/Simplicity Studio.app/Contents/Eclipse/developer/toolchains/gnu_arm/10.2_2020q4/bin/../lib/gcc/arm-none-eabi/10.2.1/thumb/v6-m/nofp/libgcc.a(subdf3.o)
                              ./timer.o (__aeabi_dsub)
/Applications/Simplicity Studio.app/Contents/Eclipse/developer/toolchains/gnu_arm/10.2_2020q4/bin/../lib/gcc/arm-none-eabi/10.2.1/thumb/v6-m/nofp/libgcc.a(fixdfsi.o)
                              /Applications/Simplicity Studio.app/Contents/Eclipse/developer/toolchains/gnu_arm/10.2_2020q4/bin/../lib/gcc/arm-none-eabi/10.2.1/thumb/v6-m/nofp/libgcc.a(_fixunsdfsi.o) (__aeabi_d2iz)
/Applications/Simplicity Studio.app/Contents/Eclipse/developer/toolchains/gnu_arm/10.2_2020q4/bin/../lib/gcc/arm-none-eabi/10.2.1/thumb/v6-m/nofp/libgcc.a(floatunsidf.o)
                              ./timer.o (__aeabi_ui2d)
/Applications/Simplicity Studio.app/Contents/Eclipse/developer/toolchains/gnu_arm/10.2_2020q4/bin/../lib/gcc/arm-none-eabi/10.2.1/thumb/v6-m/nofp/libgcc.a(_arm_cmpdf2.o)
                              /Applications/Simplicity Studio.app/Contents/Eclipse/developer/toolchains/gnu_arm/10.2_2020q4/bin/../lib/gcc/arm-none-eabi/10.2.1/thumb/v6-m/nofp/libgcc.a(_fixunsdfsi.o) (__aeabi_dcmpge)
/Applications/Simplicity Studio.app/Contents/Eclipse/developer/toolchains/gnu_arm/10.2_2020q4/bin/../lib/gcc/arm-none-eabi/10.2.1/thumb/v6-m/nofp/libgcc.a(_clzdi2.o)
                              /Applications/Simplicity Studio.app/Contents/Eclipse/developer/toolchains/gnu_arm/10.2_2020q4/bin/../lib/gcc/arm-none-eabi/10.2.1/thumb/v6-m/nofp/libgcc.a(_udivmoddi4.o) (__clzdi2)
[...]
Memory Configuration

Name             Origin             Length             Attributes
FLASH            0x0000000000000000 0x0000000000010000 xr
RAM              0x0000000020000000 0x0000000000002000 xrw
*default*        0x0000000000000000 0xffffffffffffffff

Linker script and memory map

LOAD /Applications/Simplicity Studio.app/Contents/Eclipse/developer/toolchains/gnu_arm/10.2_2020q4/bin/../lib/gcc/arm-none-eabi/10.2.1/thumb/v6-m/nofp/crti.o
LOAD /Applications/Simplicity Studio.app/Contents/Eclipse/developer/toolchains/gnu_arm/10.2_2020q4/bin/../lib/gcc/arm-none-eabi/10.2.1/thumb/v6-m/nofp/crtbegin.o
LOAD /Applications/Simplicity Studio.app/Contents/Eclipse/developer/toolchains/gnu_arm/10.2_2020q4/bin/../lib/gcc/arm-none-eabi/10.2.1/../../../../arm-none-eabi/lib/thumb/v6-m/nofp/crt0.o
START GROUP
LOAD ./app.o
LOAD ./blink.o
LOAD ./gpio.o
LOAD ./i2c.o
LOAD ./main.o
LOAD ./max17043.o
LOAD ./mfrc522.o
LOAD ./motor.o
LOAD ./timer.o
LOAD ./usart.o
LOAD ./autogen/sl_device_init_clocks.o
LOAD ./autogen/sl_event_handler.o
LOAD ./autogen/sl_simple_led_instances.o
LOAD ./gecko_sdk_3.2.3/platform/Device/SiliconLabs/EFM32HG/Source/GCC/startup_efm32hg.o
LOAD ./gecko_sdk_3.2.3/platform/Device/SiliconLabs/EFM32HG/Source/system_efm32hg.o
LOAD ./gecko_sdk_3.2.3/platform/common/toolchain/src/sl_memory.o
LOAD ./gecko_sdk_3.2.3/platform/driver/leddrv/src/sl_led.o
LOAD ./gecko_sdk_3.2.3/platform/driver/leddrv/src/sl_simple_led.o
LOAD ./gecko_sdk_3.2.3/platform/emlib/src/em_assert.o
LOAD ./gecko_sdk_3.2.3/platform/emlib/src/em_cmu.o
LOAD ./gecko_sdk_3.2.3/platform/emlib/src/em_core.o
LOAD ./gecko_sdk_3.2.3/platform/emlib/src/em_emu.o
LOAD ./gecko_sdk_3.2.3/platform/emlib/src/em_gpio.o
LOAD ./gecko_sdk_3.2.3/platform/emlib/src/em_i2c.o
LOAD ./gecko_sdk_3.2.3/platform/emlib/src/em_leaurt.o
LOAD ./gecko_sdk_3.2.3/platform/emlib/src/em_rtc.o
LOAD ./gecko_sdk_3.2.3/platform/emlib/src/em_system.o
LOAD ./gecko_sdk_3.2.3/platform/emlib/src/em_timer.o
LOAD ./gecko_sdk_3.2.3/platform/emlib/src/em_usart.o
LOAD ./gecko_sdk_3.2.3/platform/service/device_init/src/sl_device_init_emu_s0.o
LOAD ./gecko_sdk_3.2.3/platform/service/device_init/src/sl_device_init_nvic.o
LOAD ./gecko_sdk_3.2.3/platform/service/sleeptimer/src/sl_sleeptimer.o
LOAD ./gecko_sdk_3.2.3/platform/service/sleeptimer/src/sl_sleeptimer_hal_rtc.o
LOAD ./gecko_sdk_3.2.3/platform/service/system/src/sl_system_init.o
LOAD ./gecko_sdk_3.2.3/platform/service/system/src/sl_system_process_action.o
LOAD /Applications/Simplicity Studio.app/Contents/Eclipse/developer/toolchains/gnu_arm/10.2_2020q4/bin/../lib/gcc/arm-none-eabi/10.2.1/thumb/v6-m/nofp/libgcc.a
LOAD /Applications/Simplicity Studio.app/Contents/Eclipse/developer/toolchains/gnu_arm/10.2_2020q4/bin/../lib/gcc/arm-none-eabi/10.2.1/../../../../arm-none-eabi/lib/thumb/v6-m/nofp/libc_nano.a
LOAD /Applications/Simplicity Studio.app/Contents/Eclipse/developer/toolchains/gnu_arm/10.2_2020q4/bin/../lib/gcc/arm-none-eabi/10.2.1/../../../../arm-none-eabi/lib/thumb/v6-m/nofp/libm.a
LOAD /Applications/Simplicity Studio.app/Contents/Eclipse/developer/toolchains/gnu_arm/10.2_2020q4/bin/../lib/gcc/arm-none-eabi/10.2.1/../../../../arm-none-eabi/lib/thumb/v6-m/nofp/libnosys.a
END GROUP
START GROUP
LOAD /Applications/Simplicity Studio.app/Contents/Eclipse/developer/toolchains/gnu_arm/10.2_2020q4/bin/../lib/gcc/arm-none-eabi/10.2.1/thumb/v6-m/nofp/libgcc.a
LOAD /Applications/Simplicity Studio.app/Contents/Eclipse/developer/toolchains/gnu_arm/10.2_2020q4/bin/../lib/gcc/arm-none-eabi/10.2.1/../../../../arm-none-eabi/lib/thumb/v6-m/nofp/libc_nano.a
LOAD /Applications/Simplicity Studio.app/Contents/Eclipse/developer/toolchains/gnu_arm/10.2_2020q4/bin/../lib/gcc/arm-none-eabi/10.2.1/../../../../arm-none-eabi/lib/thumb/v6-m/nofp/libnosys.a
END GROUP
START GROUP
LOAD /Applications/Simplicity Studio.app/Contents/Eclipse/developer/toolchains/gnu_arm/10.2_2020q4/bin/../lib/gcc/arm-none-eabi/10.2.1/thumb/v6-m/nofp/libgcc.a
LOAD /Applications/Simplicity Studio.app/Contents/Eclipse/developer/toolchains/gnu_arm/10.2_2020q4/bin/../lib/gcc/arm-none-eabi/10.2.1/../../../../arm-none-eabi/lib/thumb/v6-m/nofp/libg_nano.a
LOAD /Applications/Simplicity Studio.app/Contents/Eclipse/developer/toolchains/gnu_arm/10.2_2020q4/bin/../lib/gcc/arm-none-eabi/10.2.1/../../../../arm-none-eabi/lib/thumb/v6-m/nofp/libc_nano.a
END GROUP
START GROUP
LOAD /Applications/Simplicity Studio.app/Contents/Eclipse/developer/toolchains/gnu_arm/10.2_2020q4/bin/../lib/gcc/arm-none-eabi/10.2.1/thumb/v6-m/nofp/libgcc.a
LOAD /Applications/Simplicity Studio.app/Contents/Eclipse/developer/toolchains/gnu_arm/10.2_2020q4/bin/../lib/gcc/arm-none-eabi/10.2.1/../../../../arm-none-eabi/lib/thumb/v6-m/nofp/libc_nano.a
END GROUP
LOAD /Applications/Simplicity Studio.app/Contents/Eclipse/developer/toolchains/gnu_arm/10.2_2020q4/bin/../lib/gcc/arm-none-eabi/10.2.1/thumb/v6-m/nofp/crtend.o
LOAD /Applications/Simplicity Studio.app/Contents/Eclipse/developer/toolchains/gnu_arm/10.2_2020q4/bin/../lib/gcc/arm-none-eabi/10.2.1/thumb/v6-m/nofp/crtn.o

.text           0x0000000000000000     0x79e0
                0x0000000000000000                linker_vectors_begin = .
 *(.vectors)
 .vectors       0x0000000000000000       0x94 ./gecko_sdk_3.2.3/platform/Device/SiliconLabs/EFM32HG/Source/GCC/startup_efm32hg.o
                0x0000000000000000                __Vectors
                0x0000000000000094                linker_vectors_end = .
                0x0000000000000094                __Vectors_End = .
                0x0000000000000094                __Vectors_Size = (__Vectors_End - __Vectors)
                0x0000000000000094                linker_code_begin = .
 *(.text*)
 .text          0x0000000000000094       0x48 /Applications/Simplicity Studio.app/Contents/Eclipse/developer/toolchains/gnu_arm/10.2_2020q4/bin/../lib/gcc/arm-none-eabi/10.2.1/thumb/v6-m/nofp/crtbegin.o
 .text          0x00000000000000dc       0x80 /Applications/Simplicity Studio.app/Contents/Eclipse/developer/toolchains/gnu_arm/10.2_2020q4/bin/../lib/gcc/arm-none-eabi/10.2.1/../../../../arm-none-eabi/lib/thumb/v6-m/nofp/crt0.o
                0x00000000000000dc                _stack_init
                0x00000000000000e8                _mainCRTStartup
                0x00000000000000e8                _start
 .text.GPIO_PinOutClear
                0x000000000000015c       0xb4 ./app.o
 .text.GPIO_PinOutSet
                0x0000000000000210       0xb4 ./app.o
 .text.app_init
                0x00000000000002c4       0x2c ./app.o
                0x00000000000002c4                app_init
 .text.app_process_action
                0x00000000000002f0      0x100 ./app.o
                0x00000000000002f0                app_process_action
 .text.app_pwm_open
                0x00000000000003f0       0xec ./app.o
                0x00000000000003f0                app_pwm_open
 .text.sl_sleeptimer_start_periodic_timer_ms
                0x00000000000004dc       0x48 ./blink.o
 .text.blink_init
                0x0000000000000524       0x28 ./blink.o
                0x0000000000000524                blink_init
 .text.on_timeout
                0x000000000000054c       0x18 ./blink.o
 .text.gpio_init
                0x0000000000000564       0xd4 ./gpio.o
                0x0000000000000564                gpio_init
 .text.__NVIC_EnableIRQ
                0x0000000000000638       0x34 ./i2c.o
 .text.i2c_is_busy
                0x000000000000066c       0x24 ./i2c.o
                0x000000000000066c                i2c_is_busy
 .text.i2c_open
                0x0000000000000690      0x110 ./i2c.o
                0x0000000000000690                i2c_open
 .text.i2c_bus_reset
                0x00000000000007a0       0x52 ./i2c.o
 *fill*         0x00000000000007f2        0x2 
 .text.i2c_start
                0x00000000000007f4       0xbc ./i2c.o
                0x00000000000007f4                i2c_start
 .text.I2C0_IRQHandler
                0x00000000000008b0       0xa8 ./i2c.o
                0x00000000000008b0                I2C0_IRQHandler
 .text.ack_received
                0x0000000000000958       0xf0 ./i2c.o
 .text.nack_received
                0x0000000000000a48       0x30 ./i2c.o
 .text.rxdatav_received
                0x0000000000000a78       0xa0 ./i2c.o
 .text.mstop_received
                0x0000000000000b18       0x40 ./i2c.o
 .text.main     0x0000000000000b58       0x14 ./main.o
                0x0000000000000b58                main
 .text.max17043_open
                0x0000000000000b6c       0x44 ./max17043.o
                0x0000000000000b6c                max17043_open
 .text.max17043_read
                0x0000000000000bb0       0x50 ./max17043.o
                0x0000000000000bb0                max17043_read
 .text.max17043_soc
                0x0000000000000c00       0x2c ./max17043.o
                0x0000000000000c00                max17043_soc
 .text.mfrc522_open
                0x0000000000000c2c       0x68 ./mfrc522.o
                0x0000000000000c2c                mfrc522_open
 .text.mfrc522_write
                0x0000000000000c94       0x3c ./mfrc522.o
                0x0000000000000c94                mfrc522_write
 .text.mfrc522_read
                0x0000000000000cd0       0x3c ./mfrc522.o
                0x0000000000000cd0                mfrc522_read
 .text.mfrc522_transceive
                0x0000000000000d0c       0xc0 ./mfrc522.o
 .text.mfrc522_card
                0x0000000000000dcc       0xec ./mfrc522.o
                0x0000000000000dcc                mfrc522_card
 .text.mfrc522_config
                0x0000000000000eb8       0xc8 ./mfrc522.o
                0x0000000000000eb8                mfrc522_config
 .text.clear_collreg
                0x0000000000000f80       0x44 ./mfrc522.o
 .text.__NVIC_EnableIRQ
                0x0000000000000fc4       0x34 ./timer.o
 .text.TIMER_Valid
                0x0000000000000ff8       0x3c ./timer.o
 .text.TIMER_MaxCount
                0x0000000000001034       0x10 ./timer.o
 .text.TIMER_CompareSet
                0x0000000000001044       0x44 ./timer.o
 .text.TIMER_Enable
                0x0000000000001088       0x4c ./timer.o
 .text.TIMER_TopSet
                0x00000000000010d4       0x38 ./timer.o
 .text.GPIO_PinOutSet
                0x000000000000110c       0xb4 ./timer.o
 .text.timer_pwm_open
                0x00000000000011c0      0x2ac ./timer.o
                0x00000000000011c0                timer_pwm_open
 .text.timer_start
                0x000000000000146c       0x24 ./timer.o
                0x000000000000146c                timer_start
 .text.timer_dc_set
                0x0000000000001490       0x40 ./timer.o
                0x0000000000001490                timer_dc_set
 .text.timeout_open
                0x00000000000014d0       0xe0 ./timer.o
                0x00000000000014d0                timeout_open
 .text.TIMER0_IRQHandler
                0x00000000000015b0       0x30 ./timer.o
                0x00000000000015b0                TIMER0_IRQHandler
 .text.TIMER1_IRQHandler
                0x00000000000015e0       0x2c ./timer.o
                0x00000000000015e0                TIMER1_IRQHandler
 .text.timeout_ctrl
                0x000000000000160c        0xe ./timer.o
                0x000000000000160c                timeout_ctrl
 *fill*         0x000000000000161a        0x2 
 .text.timeout_reset
                0x000000000000161c       0x28 ./timer.o
                0x000000000000161c                timeout_reset
 .text.get_timer_flag
                0x0000000000001644       0x24 ./timer.o
                0x0000000000001644                get_timer_flag
 .text.clear_timer_flag
                0x0000000000001668       0x24 ./timer.o
                0x0000000000001668                clear_timer_flag
 .text.__NVIC_EnableIRQ
                0x000000000000168c       0x34 ./usart.o
 .text.GPIO_PinOutClear
                0x00000000000016c0       0xb4 ./usart.o
 .text.GPIO_PinOutSet
                0x0000000000001774       0xb4 ./usart.o
 .text.spi_open
                0x0000000000001828      0x158 ./usart.o
                0x0000000000001828                spi_open
 .text.spi_start
                0x0000000000001980       0xfc ./usart.o
                0x0000000000001980                spi_start
 .text.spi_isbusy
                0x0000000000001a7c       0x40 ./usart.o
                0x0000000000001a7c                spi_isbusy
 .text.USART0_RX_IRQHandler
                0x0000000000001abc       0x34 ./usart.o
                0x0000000000001abc                USART0_RX_IRQHandler
 .text.USART1_RX_IRQHandler
                0x0000000000001af0       0x34 ./usart.o
                0x0000000000001af0                USART1_RX_IRQHandler
 .text.USART0_TX_IRQHandler
                0x0000000000001b24       0x5c ./usart.o
                0x0000000000001b24                USART0_TX_IRQHandler
 .text.USART1_TX_IRQHandler
                0x0000000000001b80       0x5c ./usart.o
                0x0000000000001b80                USART1_TX_IRQHandler
 .text.txbl_recevied
                0x0000000000001bdc      0x110 ./usart.o
 .text.txc_recevied
                0x0000000000001cec       0x58 ./usart.o
 .text.rxdatav_recevied
                0x0000000000001d44       0xb8 ./usart.o
 .text.sl_device_init_clocks
                0x0000000000001dfc       0x3c ./autogen/sl_device_init_clocks.o
                0x0000000000001dfc                sl_device_init_clocks
 .text.SYSTEM_GetProdRev
                0x0000000000001e38       0x10 ./autogen/sl_event_handler.o
 .text.CHIP_Init
                0x0000000000001e48       0x4c ./autogen/sl_event_handler.o
 .text.sl_platform_init
                0x0000000000001e94       0x16 ./autogen/sl_event_handler.o
                0x0000000000001e94                sl_platform_init
 .text.sl_driver_init
                0x0000000000001eaa        0xa ./autogen/sl_event_handler.o
                0x0000000000001eaa                sl_driver_init
 .text.sl_service_init
                0x0000000000001eb4        0xa ./autogen/sl_event_handler.o
                0x0000000000001eb4                sl_service_init
 .text.sl_stack_init
                0x0000000000001ebe        0x4 ./autogen/sl_event_handler.o
                0x0000000000001ebe                sl_stack_init
 .text.sl_internal_app_init
                0x0000000000001ec2        0x4 ./autogen/sl_event_handler.o
                0x0000000000001ec2                sl_internal_app_init
 .text.sl_platform_process_action
                0x0000000000001ec6        0x4 ./autogen/sl_event_handler.o
                0x0000000000001ec6                sl_platform_process_action
 .text.sl_service_process_action
                0x0000000000001eca        0x4 ./autogen/sl_event_handler.o
                0x0000000000001eca                sl_service_process_action
 .text.sl_stack_process_action
                0x0000000000001ece        0x4 ./autogen/sl_event_handler.o
                0x0000000000001ece                sl_stack_process_action
 .text.sl_internal_app_process_action
                0x0000000000001ed2        0x4 ./autogen/sl_event_handler.o
                0x0000000000001ed2                sl_internal_app_process_action
 *fill*         0x0000000000001ed6        0x2 
 .text.sl_simple_led_init_instances
                0x0000000000001ed8       0x14 ./autogen/sl_simple_led_instances.o
                0x0000000000001ed8                sl_simple_led_init_instances
 .text.Reset_Handler
                0x0000000000001eec       0x48 ./gecko_sdk_3.2.3/platform/Device/SiliconLabs/EFM32HG/Source/GCC/startup_efm32hg.o
                0x0000000000001eec                Reset_Handler
 .text.Default_Handler
                0x0000000000001f34        0x2 ./gecko_sdk_3.2.3/platform/Device/SiliconLabs/EFM32HG/Source/GCC/startup_efm32hg.o
                0x0000000000001f34                DMA_IRQHandler
                0x0000000000001f34                HardFault_Handler
                0x0000000000001f34                SysTick_Handler
                0x0000000000001f34                PendSV_Handler
                0x0000000000001f34                NMI_Handler
                0x0000000000001f34                MSC_IRQHandler
                0x0000000000001f34                ADC0_IRQHandler
                0x0000000000001f34                LEUART0_IRQHandler
                0x0000000000001f34                GPIO_EVEN_IRQHandler
                0x0000000000001f34                Default_Handler
                0x0000000000001f34                PCNT0_IRQHandler
                0x0000000000001f34                sl_app_properties
                0x0000000000001f34                USB_IRQHandler
                0x0000000000001f34                ACMP0_IRQHandler
                0x0000000000001f34                SVC_Handler
                0x0000000000001f34                CMU_IRQHandler
                0x0000000000001f34                GPIO_ODD_IRQHandler
                0x0000000000001f34                AES_IRQHandler
                0x0000000000001f34                VCMP_IRQHandler
                0x0000000000001f34                TIMER2_IRQHandler
 *fill*         0x0000000000001f36        0x2 
 .text.SystemCoreClockGet
                0x0000000000001f38       0x34 ./gecko_sdk_3.2.3/platform/Device/SiliconLabs/EFM32HG/Source/system_efm32hg.o
                0x0000000000001f38                SystemCoreClockGet
 .text.SystemMaxCoreClockGet
                0x0000000000001f6c        0xc ./gecko_sdk_3.2.3/platform/Device/SiliconLabs/EFM32HG/Source/system_efm32hg.o
                0x0000000000001f6c                SystemMaxCoreClockGet
 .text.SystemHFClockGet
                0x0000000000001f78      0x110 ./gecko_sdk_3.2.3/platform/Device/SiliconLabs/EFM32HG/Source/system_efm32hg.o
                0x0000000000001f78                SystemHFClockGet
 .text.SystemInit
                0x0000000000002088       0x14 ./gecko_sdk_3.2.3/platform/Device/SiliconLabs/EFM32HG/Source/system_efm32hg.o
                0x0000000000002088                SystemInit
 .text.SystemLFRCOClockGet
                0x000000000000209c        0x8 ./gecko_sdk_3.2.3/platform/Device/SiliconLabs/EFM32HG/Source/system_efm32hg.o
                0x000000000000209c                SystemLFRCOClockGet
 .text.SystemULFRCOClockGet
                0x00000000000020a4        0x8 ./gecko_sdk_3.2.3/platform/Device/SiliconLabs/EFM32HG/Source/system_efm32hg.o
                0x00000000000020a4                SystemULFRCOClockGet
 .text.SystemLFXOClockGet
                0x00000000000020ac        0xc ./gecko_sdk_3.2.3/platform/Device/SiliconLabs/EFM32HG/Source/system_efm32hg.o
                0x00000000000020ac                SystemLFXOClockGet
 .text.sl_led_init
                0x00000000000020b8       0x1a ./gecko_sdk_3.2.3/platform/driver/leddrv/src/sl_led.o
                0x00000000000020b8                sl_led_init
 .text.BUS_RegBitRead
                0x00000000000020d2       0x1a ./gecko_sdk_3.2.3/platform/driver/leddrv/src/sl_simple_led.o
 .text.GPIO_PinOutClear
                0x00000000000020ec       0xb4 ./gecko_sdk_3.2.3/platform/driver/leddrv/src/sl_simple_led.o
 .text.GPIO_PinOutGet
                0x00000000000021a0       0xbc ./gecko_sdk_3.2.3/platform/driver/leddrv/src/sl_simple_led.o
 .text.GPIO_PinOutSet
                0x000000000000225c       0xb4 ./gecko_sdk_3.2.3/platform/driver/leddrv/src/sl_simple_led.o
 .text.GPIO_PinOutToggle
                0x0000000000002310       0xb4 ./gecko_sdk_3.2.3/platform/driver/leddrv/src/sl_simple_led.o
 .text.sl_simple_led_init
                0x00000000000023c4       0x48 ./gecko_sdk_3.2.3/platform/driver/leddrv/src/sl_simple_led.o
                0x00000000000023c4                sl_simple_led_init
 .text.sl_simple_led_turn_on
                0x000000000000240c       0x3a ./gecko_sdk_3.2.3/platform/driver/leddrv/src/sl_simple_led.o
                0x000000000000240c                sl_simple_led_turn_on
 .text.sl_simple_led_turn_off
                0x0000000000002446       0x3a ./gecko_sdk_3.2.3/platform/driver/leddrv/src/sl_simple_led.o
                0x0000000000002446                sl_simple_led_turn_off
 .text.sl_simple_led_toggle
                0x0000000000002480       0x20 ./gecko_sdk_3.2.3/platform/driver/leddrv/src/sl_simple_led.o
                0x0000000000002480                sl_simple_led_toggle
 .text.sl_simple_led_get_state
                0x00000000000024a0       0x44 ./gecko_sdk_3.2.3/platform/driver/leddrv/src/sl_simple_led.o
                0x00000000000024a0                sl_simple_led_get_state
 .text.assertEFM
                0x00000000000024e4        0x8 ./gecko_sdk_3.2.3/platform/emlib/src/em_assert.o
                0x00000000000024e4                assertEFM
 .text.SL_Log2ToDiv
                0x00000000000024ec       0x30 ./gecko_sdk_3.2.3/platform/emlib/src/em_cmu.o
 .text.BUS_RegBitWrite
                0x000000000000251c       0x4c ./gecko_sdk_3.2.3/platform/emlib/src/em_cmu.o
 .text.BUS_RegBitRead
                0x0000000000002568       0x1a ./gecko_sdk_3.2.3/platform/emlib/src/em_cmu.o
 *fill*         0x0000000000002582        0x2 
 .text.CMU_DivToLog2
                0x0000000000002584       0x44 ./gecko_sdk_3.2.3/platform/emlib/src/em_cmu.o
 .text.SYSTEM_GetProdRev
                0x00000000000025c8       0x10 ./gecko_sdk_3.2.3/platform/emlib/src/em_cmu.o
 .text.auxClkGet
                0x00000000000025d8       0xcc ./gecko_sdk_3.2.3/platform/emlib/src/em_cmu.o
 .text.dbgClkGet
                0x00000000000026a4       0x5c ./gecko_sdk_3.2.3/platform/emlib/src/em_cmu.o
 .text.flashWaitStateControl
                0x0000000000002700       0x50 ./gecko_sdk_3.2.3/platform/emlib/src/em_cmu.o
 .text.flashWaitStateMax
                0x0000000000002750       0x44 ./gecko_sdk_3.2.3/platform/emlib/src/em_cmu.o
 .text.CMU_UpdateWaitStates
                0x0000000000002794       0x48 ./gecko_sdk_3.2.3/platform/emlib/src/em_cmu.o
                0x0000000000002794                CMU_UpdateWaitStates
 .text.lfClkGet
                0x00000000000027dc      0x154 ./gecko_sdk_3.2.3/platform/emlib/src/em_cmu.o
 .text.syncReg  0x0000000000002930       0x28 ./gecko_sdk_3.2.3/platform/emlib/src/em_cmu.o
 .text.hfperClkSafePrescaler
                0x0000000000002958        0x4 ./gecko_sdk_3.2.3/platform/emlib/src/em_cmu.o
 .text.hfperClkOptimizedPrescaler
                0x000000000000295c        0x4 ./gecko_sdk_3.2.3/platform/emlib/src/em_cmu.o
 .text.CMU_ClockDivGet
                0x0000000000002960      0x120 ./gecko_sdk_3.2.3/platform/emlib/src/em_cmu.o
                0x0000000000002960                CMU_ClockDivGet
 .text.CMU_ClockDivSet
                0x0000000000002a80      0x214 ./gecko_sdk_3.2.3/platform/emlib/src/em_cmu.o
                0x0000000000002a80                CMU_ClockDivSet
 .text.CMU_ClockEnable
                0x0000000000002c94       0xc4 ./gecko_sdk_3.2.3/platform/emlib/src/em_cmu.o
                0x0000000000002c94                CMU_ClockEnable
 .text.CMU_ClockFreqGet
                0x0000000000002d58      0x194 ./gecko_sdk_3.2.3/platform/emlib/src/em_cmu.o
                0x0000000000002d58                CMU_ClockFreqGet
 .text.CMU_ClockSelectGet
                0x0000000000002eec      0x1ac ./gecko_sdk_3.2.3/platform/emlib/src/em_cmu.o
                0x0000000000002eec                CMU_ClockSelectGet
 .text.CMU_ClockSelectSet
                0x0000000000003098      0x240 ./gecko_sdk_3.2.3/platform/emlib/src/em_cmu.o
                0x0000000000003098                CMU_ClockSelectSet
 .text.CMU_OscillatorEnable
                0x00000000000032d8       0xec ./gecko_sdk_3.2.3/platform/emlib/src/em_cmu.o
                0x00000000000032d8                CMU_OscillatorEnable
 .text.CORE_EnterCritical
                0x00000000000033c4       0x18 ./gecko_sdk_3.2.3/platform/emlib/src/em_core.o
                0x00000000000033c4                CORE_EnterCritical
 .text.CORE_ExitCritical
                0x00000000000033dc       0x14 ./gecko_sdk_3.2.3/platform/emlib/src/em_core.o
                0x00000000000033dc                CORE_ExitCritical
 .text.CORE_EnterAtomic
                0x00000000000033f0       0x18 ./gecko_sdk_3.2.3/platform/emlib/src/em_core.o
                0x00000000000033f0                CORE_EnterAtomic
 .text.CORE_ExitAtomic
                0x0000000000003408       0x14 ./gecko_sdk_3.2.3/platform/emlib/src/em_core.o
                0x0000000000003408                CORE_ExitAtomic
 .text.GPIO_PinOutClear
                0x000000000000341c       0xb4 ./gecko_sdk_3.2.3/platform/emlib/src/em_gpio.o
 .text.GPIO_PinOutSet
                0x00000000000034d0       0xb4 ./gecko_sdk_3.2.3/platform/emlib/src/em_gpio.o
 .text.GPIO_PinModeSet
                0x0000000000003584      0x1ac ./gecko_sdk_3.2.3/platform/emlib/src/em_gpio.o
                0x0000000000003584                GPIO_PinModeSet
 .text.I2C_IntClear
                0x0000000000003730       0x12 ./gecko_sdk_3.2.3/platform/emlib/src/em_i2c.o
 *fill*         0x0000000000003742        0x2 
 .text.BUS_RegBitWrite
                0x0000000000003744       0x4c ./gecko_sdk_3.2.3/platform/emlib/src/em_i2c.o
 .text.BUS_RegMaskedWrite
                0x0000000000003790       0x36 ./gecko_sdk_3.2.3/platform/emlib/src/em_i2c.o
 *fill*         0x00000000000037c6        0x2 
 .text.I2C_BusFreqSet
                0x00000000000037c8      0x1d0 ./gecko_sdk_3.2.3/platform/emlib/src/em_i2c.o
                0x00000000000037c8                I2C_BusFreqSet
 .text.I2C_Enable
                0x0000000000003998       0x44 ./gecko_sdk_3.2.3/platform/emlib/src/em_i2c.o
                0x0000000000003998                I2C_Enable
 .text.I2C_Init
                0x00000000000039dc       0x78 ./gecko_sdk_3.2.3/platform/emlib/src/em_i2c.o
                0x00000000000039dc                I2C_Init
 .text.RTC_CompareSet
                0x0000000000003a54       0x5c ./gecko_sdk_3.2.3/platform/emlib/src/em_rtc.o
                0x0000000000003a54                RTC_CompareSet
 .text.RTC_Init
                0x0000000000003ab0       0x48 ./gecko_sdk_3.2.3/platform/emlib/src/em_rtc.o
                0x0000000000003ab0                RTC_Init
 .text.TIMER_Valid
                0x0000000000003af8       0x3c ./gecko_sdk_3.2.3/platform/emlib/src/em_timer.o
 .text.TIMER_Init
                0x0000000000003b34       0xf8 ./gecko_sdk_3.2.3/platform/emlib/src/em_timer.o
                0x0000000000003b34                TIMER_Init
 .text.TIMER_InitCC
                0x0000000000003c2c       0xc8 ./gecko_sdk_3.2.3/platform/emlib/src/em_timer.o
                0x0000000000003c2c                TIMER_InitCC
 .text.prsRxInput
                0x0000000000003cf4       0x24 ./gecko_sdk_3.2.3/platform/emlib/src/em_usart.o
 .text.USART_BaudrateSyncSet
                0x0000000000003d18       0x7c ./gecko_sdk_3.2.3/platform/emlib/src/em_usart.o
                0x0000000000003d18                USART_BaudrateSyncSet
 .text.USART_Enable
                0x0000000000003d94       0x64 ./gecko_sdk_3.2.3/platform/emlib/src/em_usart.o
                0x0000000000003d94                USART_Enable
 .text.USART_InitSync
                0x0000000000003df8       0xe8 ./gecko_sdk_3.2.3/platform/emlib/src/em_usart.o
                0x0000000000003df8                USART_InitSync
 .text.USART_Reset
                0x0000000000003ee0       0xa8 ./gecko_sdk_3.2.3/platform/emlib/src/em_usart.o
                0x0000000000003ee0                USART_Reset
 .text.sl_device_init_emu
                0x0000000000003f88        0x6 ./gecko_sdk_3.2.3/platform/service/device_init/src/sl_device_init_emu_s0.o
                0x0000000000003f88                sl_device_init_emu
 *fill*         0x0000000000003f8e        0x2 
 .text.__NVIC_SetPriority
                0x0000000000003f90       0xec ./gecko_sdk_3.2.3/platform/service/device_init/src/sl_device_init_nvic.o
 .text.sl_device_init_nvic
                0x000000000000407c       0x46 ./gecko_sdk_3.2.3/platform/service/device_init/src/sl_device_init_nvic.o
                0x000000000000407c                sl_device_init_nvic
 *fill*         0x00000000000040c2        0x2 
 .text.sl_sleeptimer_init
                0x00000000000040c4       0xa8 ./gecko_sdk_3.2.3/platform/service/sleeptimer/src/sl_sleeptimer.o
                0x00000000000040c4                sl_sleeptimer_init
 .text.sl_sleeptimer_start_periodic_timer
                0x000000000000416c       0x60 ./gecko_sdk_3.2.3/platform/service/sleeptimer/src/sl_sleeptimer.o
                0x000000000000416c                sl_sleeptimer_start_periodic_timer
 .text.sl_sleeptimer_is_timer_running
                0x00000000000041cc       0x6c ./gecko_sdk_3.2.3/platform/service/sleeptimer/src/sl_sleeptimer.o
                0x00000000000041cc                sl_sleeptimer_is_timer_running
 .text.sl_sleeptimer_ms32_to_tick
                0x0000000000004238       0x60 ./gecko_sdk_3.2.3/platform/service/sleeptimer/src/sl_sleeptimer.o
                0x0000000000004238                sl_sleeptimer_ms32_to_tick
 .text.process_timer_irq
                0x0000000000004298      0x228 ./gecko_sdk_3.2.3/platform/service/sleeptimer/src/sl_sleeptimer.o
                0x0000000000004298                process_timer_irq
 .text.delta_list_insert_timer
                0x00000000000044c0       0xb0 ./gecko_sdk_3.2.3/platform/service/sleeptimer/src/sl_sleeptimer.o
 .text.delta_list_remove_timer
                0x0000000000004570       0x74 ./gecko_sdk_3.2.3/platform/service/sleeptimer/src/sl_sleeptimer.o
 .text.set_comparator_for_next_timer
                0x00000000000045e4       0x34 ./gecko_sdk_3.2.3/platform/service/sleeptimer/src/sl_sleeptimer.o
 .text.update_delta_list
                0x0000000000004618       0x70 ./gecko_sdk_3.2.3/platform/service/sleeptimer/src/sl_sleeptimer.o
 .text.create_timer
                0x0000000000004688       0xb0 ./gecko_sdk_3.2.3/platform/service/sleeptimer/src/sl_sleeptimer.o
 .text.update_next_timer_to_expire_is_power_manager
                0x0000000000004738       0x58 ./gecko_sdk_3.2.3/platform/service/sleeptimer/src/sl_sleeptimer.o
 .text.__NVIC_EnableIRQ
                0x0000000000004790       0x34 ./gecko_sdk_3.2.3/platform/service/sleeptimer/src/sl_sleeptimer_hal_rtc.o
 .text.__NVIC_ClearPendingIRQ
                0x00000000000047c4       0x38 ./gecko_sdk_3.2.3/platform/service/sleeptimer/src/sl_sleeptimer_hal_rtc.o
 .text.RTC_CounterGet
                0x00000000000047fc        0xc ./gecko_sdk_3.2.3/platform/service/sleeptimer/src/sl_sleeptimer_hal_rtc.o
 .text.RTC_CounterSet
                0x0000000000004808       0x14 ./gecko_sdk_3.2.3/platform/service/sleeptimer/src/sl_sleeptimer_hal_rtc.o
 .text.RTC_IntClear
                0x000000000000481c       0x14 ./gecko_sdk_3.2.3/platform/service/sleeptimer/src/sl_sleeptimer_hal_rtc.o
 .text.RTC_IntDisable
                0x0000000000004830       0x1c ./gecko_sdk_3.2.3/platform/service/sleeptimer/src/sl_sleeptimer_hal_rtc.o
 .text.RTC_IntEnable
                0x000000000000484c       0x1c ./gecko_sdk_3.2.3/platform/service/sleeptimer/src/sl_sleeptimer_hal_rtc.o
 .text.RTC_IntGet
                0x0000000000004868        0xc ./gecko_sdk_3.2.3/platform/service/sleeptimer/src/sl_sleeptimer_hal_rtc.o
 .text.sleeptimer_hal_init_timer
                0x0000000000004874       0x64 ./gecko_sdk_3.2.3/platform/service/sleeptimer/src/sl_sleeptimer_hal_rtc.o
                0x0000000000004874                sleeptimer_hal_init_timer
 .text.sleeptimer_hal_get_counter
                0x00000000000048d8       0x50 ./gecko_sdk_3.2.3/platform/service/sleeptimer/src/sl_sleeptimer_hal_rtc.o
                0x00000000000048d8                sleeptimer_hal_get_counter
 .text.sleeptimer_hal_set_compare
                0x0000000000004928       0x94 ./gecko_sdk_3.2.3/platform/service/sleeptimer/src/sl_sleeptimer_hal_rtc.o
                0x0000000000004928                sleeptimer_hal_set_compare
 .text.sleeptimer_hal_enable_int
                0x00000000000049bc       0x60 ./gecko_sdk_3.2.3/platform/service/sleeptimer/src/sl_sleeptimer_hal_rtc.o
                0x00000000000049bc                sleeptimer_hal_enable_int
 .text.sleeptimer_hal_disable_int
                0x0000000000004a1c       0x50 ./gecko_sdk_3.2.3/platform/service/sleeptimer/src/sl_sleeptimer_hal_rtc.o
                0x0000000000004a1c                sleeptimer_hal_disable_int
 .text.sleeptimer_hal_get_timer_frequency
                0x0000000000004a6c       0x14 ./gecko_sdk_3.2.3/platform/service/sleeptimer/src/sl_sleeptimer_hal_rtc.o
                0x0000000000004a6c                sleeptimer_hal_get_timer_frequency
 .text.RTC_IRQHandler
                0x0000000000004a80       0xd8 ./gecko_sdk_3.2.3/platform/service/sleeptimer/src/sl_sleeptimer_hal_rtc.o
                0x0000000000004a80                RTC_IRQHandler
 .text.get_time_diff
                0x0000000000004b58       0x12 ./gecko_sdk_3.2.3/platform/service/sleeptimer/src/sl_sleeptimer_hal_rtc.o
 .text.sl_system_init
                0x0000000000004b6a       0x1a ./gecko_sdk_3.2.3/platform/service/system/src/sl_system_init.o
                0x0000000000004b6a                sl_system_init
 .text.sl_system_process_action
                0x0000000000004b84       0x16 ./gecko_sdk_3.2.3/platform/service/system/src/sl_system_process_action.o
                0x0000000000004b84                sl_system_process_action
 *fill*         0x0000000000004b9a        0x2 
 .text          0x0000000000004b9c      0x114 /Applications/Simplicity Studio.app/Contents/Eclipse/developer/toolchains/gnu_arm/10.2_2020q4/bin/../lib/gcc/arm-none-eabi/10.2.1/thumb/v6-m/nofp/libgcc.a(_udivsi3.o)
                0x0000000000004b9c                __udivsi3
                0x0000000000004b9c                __aeabi_uidiv
                0x0000000000004ca8                __aeabi_uidivmod
 .text          0x0000000000004cb0        0x4 /Applications/Simplicity Studio.app/Contents/Eclipse/developer/toolchains/gnu_arm/10.2_2020q4/bin/../lib/gcc/arm-none-eabi/10.2.1/thumb/v6-m/nofp/libgcc.a(_dvmd_tls.o)
                0x0000000000004cb0                __aeabi_ldiv0
                0x0000000000004cb0                __aeabi_idiv0
 .text          0x0000000000004cb4       0x3c /Applications/Simplicity Studio.app/Contents/Eclipse/developer/toolchains/gnu_arm/10.2_2020q4/bin/../lib/gcc/arm-none-eabi/10.2.1/thumb/v6-m/nofp/libgcc.a(_clzsi2.o)
                0x0000000000004cb4                __clzsi2
 .text          0x0000000000004cf0       0x40 /Applications/Simplicity Studio.app/Contents/Eclipse/developer/toolchains/gnu_arm/10.2_2020q4/bin/../lib/gcc/arm-none-eabi/10.2.1/thumb/v6-m/nofp/libgcc.a(_aeabi_uldivmod.o)
                0x0000000000004cf0                __aeabi_uldivmod
 .text          0x0000000000004d30       0x5c /Applications/Simplicity Studio.app/Contents/Eclipse/developer/toolchains/gnu_arm/10.2_2020q4/bin/../lib/gcc/arm-none-eabi/10.2.1/thumb/v6-m/nofp/libgcc.a(_muldi3.o)
                0x0000000000004d30                __aeabi_lmul
                0x0000000000004d30                __muldi3
 .text          0x0000000000004d8c       0x3c /Applications/Simplicity Studio.app/Contents/Eclipse/developer/toolchains/gnu_arm/10.2_2020q4/bin/../lib/gcc/arm-none-eabi/10.2.1/thumb/v6-m/nofp/libgcc.a(_fixunsdfsi.o)
                0x0000000000004d8c                __fixunsdfsi
                0x0000000000004d8c                __aeabi_d2uiz
 .text          0x0000000000004dc8      0x198 /Applications/Simplicity Studio.app/Contents/Eclipse/developer/toolchains/gnu_arm/10.2_2020q4/bin/../lib/gcc/arm-none-eabi/10.2.1/thumb/v6-m/nofp/libgcc.a(_udivmoddi4.o)
                0x0000000000004dc8                __udivmoddi4
 .text          0x0000000000004f60      0x33c /Applications/Simplicity Studio.app/Contents/Eclipse/developer/toolchains/gnu_arm/10.2_2020q4/bin/../lib/gcc/arm-none-eabi/10.2.1/thumb/v6-m/nofp/libgcc.a(addsf3.o)
                0x0000000000004f60                __aeabi_fadd
 .text          0x000000000000529c      0x230 /Applications/Simplicity Studio.app/Contents/Eclipse/developer/toolchains/gnu_arm/10.2_2020q4/bin/../lib/gcc/arm-none-eabi/10.2.1/thumb/v6-m/nofp/libgcc.a(divsf3.o)
                0x000000000000529c                __aeabi_fdiv
 .text          0x00000000000054cc      0x35c /Applications/Simplicity Studio.app/Contents/Eclipse/developer/toolchains/gnu_arm/10.2_2020q4/bin/../lib/gcc/arm-none-eabi/10.2.1/thumb/v6-m/nofp/libgcc.a(subsf3.o)
                0x00000000000054cc                __aeabi_fsub
 .text          0x0000000000005828       0x84 /Applications/Simplicity Studio.app/Contents/Eclipse/developer/toolchains/gnu_arm/10.2_2020q4/bin/../lib/gcc/arm-none-eabi/10.2.1/thumb/v6-m/nofp/libgcc.a(floatunsisf.o)
                0x0000000000005828                __aeabi_ui2f
 .text          0x00000000000058ac      0x5ec /Applications/Simplicity Studio.app/Contents/Eclipse/developer/toolchains/gnu_arm/10.2_2020q4/bin/../lib/gcc/arm-none-eabi/10.2.1/thumb/v6-m/nofp/libgcc.a(divdf3.o)
                0x00000000000058ac                __aeabi_ddiv
 .text          0x0000000000005e98      0x4dc /Applications/Simplicity Studio.app/Contents/Eclipse/developer/toolchains/gnu_arm/10.2_2020q4/bin/../lib/gcc/arm-none-eabi/10.2.1/thumb/v6-m/nofp/libgcc.a(muldf3.o)
                0x0000000000005e98                __aeabi_dmul
 .text          0x0000000000006374      0x724 /Applications/Simplicity Studio.app/Contents/Eclipse/developer/toolchains/gnu_arm/10.2_2020q4/bin/../lib/gcc/arm-none-eabi/10.2.1/thumb/v6-m/nofp/libgcc.a(subdf3.o)
                0x0000000000006374                __aeabi_dsub
 .text          0x0000000000006a98       0x6c /Applications/Simplicity Studio.app/Contents/Eclipse/developer/toolchains/gnu_arm/10.2_2020q4/bin/../lib/gcc/arm-none-eabi/10.2.1/thumb/v6-m/nofp/libgcc.a(fixdfsi.o)
                0x0000000000006a98                __aeabi_d2iz
 .text          0x0000000000006b04       0x4c /Applications/Simplicity Studio.app/Contents/Eclipse/developer/toolchains/gnu_arm/10.2_2020q4/bin/../lib/gcc/arm-none-eabi/10.2.1/thumb/v6-m/nofp/libgcc.a(floatunsidf.o)
                0x0000000000006b04                __aeabi_ui2d
 .text          0x0000000000006b50       0x7c /Applications/Simplicity Studio.app/Contents/Eclipse/developer/toolchains/gnu_arm/10.2_2020q4/bin/../lib/gcc/arm-none-eabi/10.2.1/thumb/v6-m/nofp/libgcc.a(_arm_cmpdf2.o)
                0x0000000000006b50                __aeabi_cdrcmple
                0x0000000000006b60                __aeabi_cdcmple
                0x0000000000006b60                __aeabi_cdcmpeq
                0x0000000000006b70                __aeabi_dcmpeq
                0x0000000000006b7c                __aeabi_dcmplt
                0x0000000000006b90                __aeabi_dcmple
                0x0000000000006ba4                __aeabi_dcmpgt
                0x0000000000006bb8                __aeabi_dcmpge
 .text          0x0000000000006bcc       0x18 /Applications/Simplicity Studio.app/Contents/Eclipse/developer/toolchains/gnu_arm/10.2_2020q4/bin/../lib/gcc/arm-none-eabi/10.2.1/thumb/v6-m/nofp/libgcc.a(_clzdi2.o)
                0x0000000000006bcc                __clzdi2
 .text          0x0000000000006be4       0x84 /Applications/Simplicity Studio.app/Contents/Eclipse/developer/toolchains/gnu_arm/10.2_2020q4/bin/../lib/gcc/arm-none-eabi/10.2.1/thumb/v6-m/nofp/libgcc.a(eqdf2.o)
                0x0000000000006be4                __eqdf2
                0x0000000000006be4                __nedf2
 .text          0x0000000000006c68       0xcc /Applications/Simplicity Studio.app/Contents/Eclipse/developer/toolchains/gnu_arm/10.2_2020q4/bin/../lib/gcc/arm-none-eabi/10.2.1/thumb/v6-m/nofp/libgcc.a(gedf2.o)
                0x0000000000006c68                __gtdf2
                0x0000000000006c68                __gedf2
 .text          0x0000000000006d34       0xc8 /Applications/Simplicity Studio.app/Contents/Eclipse/developer/toolchains/gnu_arm/10.2_2020q4/bin/../lib/gcc/arm-none-eabi/10.2.1/thumb/v6-m/nofp/libgcc.a(ledf2.o)
                0x0000000000006d34                __ltdf2
                0x0000000000006d34                __ledf2
 .text.exit     0x0000000000006dfc       0x2c /Applications/Simplicity Studio.app/Contents/Eclipse/developer/toolchains/gnu_arm/10.2_2020q4/bin/../lib/gcc/arm-none-eabi/10.2.1/../../../../arm-none-eabi/lib/thumb/v6-m/nofp/libc_nano.a(lib_a-exit.o)
                0x0000000000006dfc                exit
 .text.__libc_init_array
                0x0000000000006e28       0x48 /Applications/Simplicity Studio.app/Contents/Eclipse/developer/toolchains/gnu_arm/10.2_2020q4/bin/../lib/gcc/arm-none-eabi/10.2.1/../../../../arm-none-eabi/lib/thumb/v6-m/nofp/libc_nano.a(lib_a-init.o)
                0x0000000000006e28                __libc_init_array
 .text.memset   0x0000000000006e70       0x10 /Applications/Simplicity Studio.app/Contents/Eclipse/developer/toolchains/gnu_arm/10.2_2020q4/bin/../lib/gcc/arm-none-eabi/10.2.1/../../../../arm-none-eabi/lib/thumb/v6-m/nofp/libc_nano.a(lib_a-memset.o)
                0x0000000000006e70                memset
 .text._exit    0x0000000000006e80        0x4 /Applications/Simplicity Studio.app/Contents/Eclipse/developer/toolchains/gnu_arm/10.2_2020q4/bin/../lib/gcc/arm-none-eabi/10.2.1/../../../../arm-none-eabi/lib/thumb/v6-m/nofp/libnosys.a(_exit.o)
                0x0000000000006e80                _exit
                0x0000000000006e84                linker_code_end = .
 *(.init)
 .init          0x0000000000006e84        0x4 /Applications/Simplicity Studio.app/Contents/Eclipse/developer/toolchains/gnu_arm/10.2_2020q4/bin/../lib/gcc/arm-none-eabi/10.2.1/thumb/v6-m/nofp/crti.o
                0x0000000000006e84                _init
 .init          0x0000000000006e88        0x8 /Applications/Simplicity Studio.app/Contents/Eclipse/developer/toolchains/gnu_arm/10.2_2020q4/bin/../lib/gcc/arm-none-eabi/10.2.1/thumb/v6-m/nofp/crtn.o
 *(.fini)
 .fini          0x0000000000006e90        0x4 /Applications/Simplicity Studio.app/Contents/Eclipse/developer/toolchains/gnu_arm/10.2_2020q4/bin/../lib/gcc/arm-none-eabi/10.2.1/thumb/v6-m/nofp/crti.o
                0x0000000000006e90                _fini
 .fini          0x0000000000006e94        0x8 /Applications/Simplicity Studio.app/Contents/Eclipse/developer/toolchains/gnu_arm/10.2_2020q4/bin/../lib/gcc/arm-none-eabi/10.2.1/thumb/v6-m/nofp/crtn.o
 *crtbegin.o(.ctors)
 *crtbegin?.o(.ctors)
 *(EXCLUDE_FILE(*crtend.o *crtend?.o) .ctors)
 *(SORT_BY_NAME(.ctors.*))
 *(.ctors)
 *crtbegin.o(.dtors)
 *crtbegin?.o(.dtors)
 *(EXCLUDE_FILE(*crtend.o *crtend?.o) .dtors)
 *(SORT_BY_NAME(.dtors.*))
 *(.dtors)
 *(.rodata*)
 .rodata        0x0000000000006e9c       0x77 ./app.o
 *fill*         0x0000000000006f13        0x1 
 .rodata        0x0000000000006f14        0x9 ./i2c.o
 *fill*         0x0000000000006f1d        0x3 
 .rodata        0x0000000000006f20        0xd ./mfrc522.o
 *fill*         0x0000000000006f2d        0x3 
 .rodata        0x0000000000006f30       0xef ./timer.o
 *fill*         0x000000000000701f        0x1 
 .rodata        0x0000000000007020       0x9c ./usart.o
 .rodata.sl_led_led0
                0x00000000000070bc       0x18 ./autogen/sl_simple_led_instances.o
                0x00000000000070bc                sl_led_led0
 .rodata        0x00000000000070d4       0x77 ./gecko_sdk_3.2.3/platform/driver/leddrv/src/sl_simple_led.o
 *fill*         0x000000000000714b        0x1 
 .rodata        0x000000000000714c      0x1e1 ./gecko_sdk_3.2.3/platform/emlib/src/em_cmu.o
 *fill*         0x000000000000732d        0x3 
 .rodata.CMU_ClockDivGet
                0x0000000000007330       0x38 ./gecko_sdk_3.2.3/platform/emlib/src/em_cmu.o
 .rodata.CMU_ClockDivSet
                0x0000000000007368       0x38 ./gecko_sdk_3.2.3/platform/emlib/src/em_cmu.o
 .rodata.CMU_ClockEnable
                0x00000000000073a0       0x2c ./gecko_sdk_3.2.3/platform/emlib/src/em_cmu.o
 .rodata.CMU_ClockSelectGet
                0x00000000000073cc       0x1c ./gecko_sdk_3.2.3/platform/emlib/src/em_cmu.o
 .rodata.CMU_ClockSelectSet
                0x00000000000073e8       0x68 ./gecko_sdk_3.2.3/platform/emlib/src/em_cmu.o
 .rodata.CMU_OscillatorEnable
                0x0000000000007450       0x18 ./gecko_sdk_3.2.3/platform/emlib/src/em_cmu.o
 .rodata        0x0000000000007468      0x166 ./gecko_sdk_3.2.3/platform/emlib/src/em_gpio.o
 *fill*         0x00000000000075ce        0x2 
 .rodata        0x00000000000075d0       0xa7 ./gecko_sdk_3.2.3/platform/emlib/src/em_i2c.o
 *fill*         0x0000000000007677        0x1 
 .rodata.i2cNSum
                0x0000000000007678        0x4 ./gecko_sdk_3.2.3/platform/emlib/src/em_i2c.o
 .rodata        0x000000000000767c       0xed ./gecko_sdk_3.2.3/platform/emlib/src/em_rtc.o
 *fill*         0x0000000000007769        0x3 
 .rodata        0x000000000000776c       0xa9 ./gecko_sdk_3.2.3/platform/emlib/src/em_timer.o
 *fill*         0x0000000000007815        0x3 
 .rodata        0x0000000000007818       0x31 ./gecko_sdk_3.2.3/platform/emlib/src/em_usart.o
 *fill*         0x0000000000007849        0x3 
 .rodata        0x000000000000784c       0x89 ./gecko_sdk_3.2.3/platform/service/sleeptimer/src/sl_sleeptimer.o
 *fill*         0x00000000000078d5        0x3 
 .rodata        0x00000000000078d8        0x3 ./gecko_sdk_3.2.3/platform/service/sleeptimer/src/sl_sleeptimer_hal_rtc.o
 *fill*         0x00000000000078db        0x1 
 .rodata        0x00000000000078dc       0x80 /Applications/Simplicity Studio.app/Contents/Eclipse/developer/toolchains/gnu_arm/10.2_2020q4/bin/../lib/gcc/arm-none-eabi/10.2.1/thumb/v6-m/nofp/libgcc.a(divsf3.o)
 .rodata        0x000000000000795c       0x40 /Applications/Simplicity Studio.app/Contents/Eclipse/developer/toolchains/gnu_arm/10.2_2020q4/bin/../lib/gcc/arm-none-eabi/10.2.1/thumb/v6-m/nofp/libgcc.a(divdf3.o)
 .rodata        0x000000000000799c       0x40 /Applications/Simplicity Studio.app/Contents/Eclipse/developer/toolchains/gnu_arm/10.2_2020q4/bin/../lib/gcc/arm-none-eabi/10.2.1/thumb/v6-m/nofp/libgcc.a(muldf3.o)
 .rodata._global_impure_ptr
                0x00000000000079dc        0x4 /Applications/Simplicity Studio.app/Contents/Eclipse/developer/toolchains/gnu_arm/10.2_2020q4/bin/../lib/gcc/arm-none-eabi/10.2.1/../../../../arm-none-eabi/lib/thumb/v6-m/nofp/libc_nano.a(lib_a-impure.o)
                0x00000000000079dc                _global_impure_ptr
 *(.eh_frame*)
 .eh_frame      0x00000000000079e0        0x0 /Applications/Simplicity Studio.app/Contents/Eclipse/developer/toolchains/gnu_arm/10.2_2020q4/bin/../lib/gcc/arm-none-eabi/10.2.1/thumb/v6-m/nofp/crtbegin.o

.glue_7         0x00000000000079e0        0x0
 .glue_7        0x00000000000079e0        0x0 linker stubs

.glue_7t        0x00000000000079e0        0x0
 .glue_7t       0x00000000000079e0        0x0 linker stubs

.vfp11_veneer   0x00000000000079e0        0x0
 .vfp11_veneer  0x00000000000079e0        0x0 linker stubs

.v4_bx          0x00000000000079e0        0x0
 .v4_bx         0x00000000000079e0        0x0 linker stubs

.iplt           0x00000000000079e0        0x0
 .iplt          0x00000000000079e0        0x0 /Applications/Simplicity Studio.app/Contents/Eclipse/developer/toolchains/gnu_arm/10.2_2020q4/bin/../lib/gcc/arm-none-eabi/10.2.1/thumb/v6-m/nofp/crtbegin.o

.ARM.extab
 *(.ARM.extab* .gnu.linkonce.armextab.*)
                0x00000000000079e0                __exidx_start = .

.ARM.exidx      0x00000000000079e0        0x8
 *(.ARM.exidx* .gnu.linkonce.armexidx.*)
 .ARM.exidx     0x00000000000079e0        0x8 /Applications/Simplicity Studio.app/Contents/Eclipse/developer/toolchains/gnu_arm/10.2_2020q4/bin/../lib/gcc/arm-none-eabi/10.2.1/../../../../arm-none-eabi/lib/thumb/v6-m/nofp/crt0.o
                                         0x10 (size before relaxing)
 .ARM.exidx     0x00000000000079e8        0x0 /Applications/Simplicity Studio.app/Contents/Eclipse/developer/toolchains/gnu_arm/10.2_2020q4/bin/../lib/gcc/arm-none-eabi/10.2.1/thumb/v6-m/nofp/libgcc.a(_udivmoddi4.o)
                                          0x8 (size before relaxing)
                0x00000000000079e8                __exidx_end = .
                0x00000000000079e8                __etext = .

.rel.dyn        0x00000000000079e8        0x0
 .rel.iplt      0x00000000000079e8        0x0 /Applications/Simplicity Studio.app/Contents/Eclipse/developer/toolchains/gnu_arm/10.2_2020q4/bin/../lib/gcc/arm-none-eabi/10.2.1/thumb/v6-m/nofp/crtbegin.o
                0x0000000020000000                . = ORIGIN (RAM)

.stack          0x0000000020000000      0x400
                0x0000000020000000                __StackLimit = .
 *(.stack*)
 .stack         0x0000000020000000        0x0 ./gecko_sdk_3.2.3/platform/Device/SiliconLabs/EFM32HG/Source/GCC/startup_efm32hg.o
 .stack         0x0000000020000000      0x400 ./gecko_sdk_3.2.3/platform/common/toolchain/src/sl_memory.o
                0x0000000020000400                . = ALIGN (0x4)
                0x0000000020000400                __StackTop = .
                0x0000000020000400                PROVIDE (__stack = __StackTop)

.noinit
 *(.noinit*)

.data           0x0000000020000400       0x7c load address 0x00000000000079e8
                0x0000000020000400                . = ALIGN (0x4)
                0x0000000020000400                __data_start__ = .
 *(vtable)
 *(.data*)
 .data.simple_led0_context
                0x0000000020000400        0x3 ./autogen/sl_simple_led_instances.o
                0x0000000020000400                simple_led0_context
 *fill*         0x0000000020000403        0x1 
 .data.SystemHFXOClock
                0x0000000020000404        0x4 ./gecko_sdk_3.2.3/platform/Device/SiliconLabs/EFM32HG/Source/system_efm32hg.o
 .data.SystemLFXOClock
                0x0000000020000408        0x4 ./gecko_sdk_3.2.3/platform/Device/SiliconLabs/EFM32HG/Source/system_efm32hg.o
 .data.SystemCoreClock
                0x000000002000040c        0x4 ./gecko_sdk_3.2.3/platform/Device/SiliconLabs/EFM32HG/Source/system_efm32hg.o
                0x000000002000040c                SystemCoreClock
 .data.comp_int_disabled
                0x0000000020000410        0x1 ./gecko_sdk_3.2.3/platform/service/sleeptimer/src/sl_sleeptimer_hal_rtc.o
 *fill*         0x0000000020000411        0x3 
 .data.impure_data
                0x0000000020000414       0x60 /Applications/Simplicity Studio.app/Contents/Eclipse/developer/toolchains/gnu_arm/10.2_2020q4/bin/../lib/gcc/arm-none-eabi/10.2.1/../../../../arm-none-eabi/lib/thumb/v6-m/nofp/libc_nano.a(lib_a-impure.o)
                0x0000000020000474                . = ALIGN (0x4)
                [!provide]                        PROVIDE (__ram_func_section_start = .)
 *(.ram)
                [!provide]                        PROVIDE (__ram_func_section_end = .)
                0x0000000020000474                . = ALIGN (0x4)
                0x0000000020000474                PROVIDE (__preinit_array_start = .)
 *(.preinit_array)
                0x0000000020000474                PROVIDE (__preinit_array_end = .)
                0x0000000020000474                . = ALIGN (0x4)
                0x0000000020000474                PROVIDE (__init_array_start = .)
 *(SORT_BY_NAME(.init_array.*))
 *(.init_array)
 .init_array    0x0000000020000474        0x4 /Applications/Simplicity Studio.app/Contents/Eclipse/developer/toolchains/gnu_arm/10.2_2020q4/bin/../lib/gcc/arm-none-eabi/10.2.1/thumb/v6-m/nofp/crtbegin.o
                0x0000000020000478                PROVIDE (__init_array_end = .)
                0x0000000020000478                . = ALIGN (0x4)
                [!provide]                        PROVIDE (__fini_array_start = .)
 *(SORT_BY_NAME(.fini_array.*))
 *(.fini_array)
 .fini_array    0x0000000020000478        0x4 /Applications/Simplicity Studio.app/Contents/Eclipse/developer/toolchains/gnu_arm/10.2_2020q4/bin/../lib/gcc/arm-none-eabi/10.2.1/thumb/v6-m/nofp/crtbegin.o
                [!provide]                        PROVIDE (__fini_array_end = .)
                0x000000002000047c                . = ALIGN (0x4)
                0x000000002000047c                __data_end__ = .

.igot.plt       0x000000002000047c        0x0 load address 0x0000000000007a64
 .igot.plt      0x000000002000047c        0x0 /Applications/Simplicity Studio.app/Contents/Eclipse/developer/toolchains/gnu_arm/10.2_2020q4/bin/../lib/gcc/arm-none-eabi/10.2.1/thumb/v6-m/nofp/crtbegin.o

.bss            0x000000002000047c       0xec load address 0x0000000000007a64
                0x000000002000047c                . = ALIGN (0x4)
                0x000000002000047c                __bss_start__ = .
 *(.bss*)
 .bss           0x000000002000047c       0x1c /Applications/Simplicity Studio.app/Contents/Eclipse/developer/toolchains/gnu_arm/10.2_2020q4/bin/../lib/gcc/arm-none-eabi/10.2.1/thumb/v6-m/nofp/crtbegin.o
 .bss.timer     0x0000000020000498       0x1c ./blink.o
                0x0000000020000498                timer
 .bss.toggle_timeout
                0x00000000200004b4        0x1 ./blink.o
                0x00000000200004b4                toggle_timeout
 *fill*         0x00000000200004b5        0x3 
 .bss.I2C0_STATE_MACHINE
                0x00000000200004b8       0x24 ./i2c.o
 .bss.max17043_read_result
                0x00000000200004dc        0x4 ./max17043.o
 .bss.read_data
                0x00000000200004e0        0x4 ./mfrc522.o
 .bss.TIMER0_FLAG
                0x00000000200004e4        0x4 ./timer.o
 .bss.SPI0_STATE_MACHINE
                0x00000000200004e8       0x30 ./usart.o
 .bss.SPI1_STATE_MACHINE
                0x0000000020000518       0x30 ./usart.o
 .bss.overflow_counter
                0x0000000020000548        0x2 ./gecko_sdk_3.2.3/platform/service/sleeptimer/src/sl_sleeptimer.o
 *fill*         0x000000002000054a        0x2 
 .bss.timer_frequency
                0x000000002000054c        0x4 ./gecko_sdk_3.2.3/platform/service/sleeptimer/src/sl_sleeptimer.o
 .bss.timer_head
                0x0000000020000550        0x4 ./gecko_sdk_3.2.3/platform/service/sleeptimer/src/sl_sleeptimer.o
 .bss.last_delta_update_count
                0x0000000020000554        0x4 ./gecko_sdk_3.2.3/platform/service/sleeptimer/src/sl_sleeptimer.o
 .bss.is_sleeptimer_initialized
                0x0000000020000558        0x1 ./gecko_sdk_3.2.3/platform/service/sleeptimer/src/sl_sleeptimer.o
 .bss.next_timer_to_expire_is_power_manager
                0x0000000020000559        0x1 ./gecko_sdk_3.2.3/platform/service/sleeptimer/src/sl_sleeptimer.o
 *fill*         0x000000002000055a        0x2 
 .bss.max_millisecond_conversion
                0x000000002000055c        0x4 ./gecko_sdk_3.2.3/platform/service/sleeptimer/src/sl_sleeptimer.o
 .bss.sleep_on_isr_exit
                0x0000000020000560        0x1 ./gecko_sdk_3.2.3/platform/service/sleeptimer/src/sl_sleeptimer.o
 .bss.rtc_overflow_count
                0x0000000020000561        0x1 ./gecko_sdk_3.2.3/platform/service/sleeptimer/src/sl_sleeptimer_hal_rtc.o
 *fill*         0x0000000020000562        0x2 
 .bss.compare_value_32
                0x0000000020000564        0x4 ./gecko_sdk_3.2.3/platform/service/sleeptimer/src/sl_sleeptimer_hal_rtc.o
 *(COMMON)
                0x0000000020000568                . = ALIGN (0x4)
                0x0000000020000568                __bss_end__ = .

.heap           0x0000000020000568     0x1a98
                0x0000000020000568                __HeapBase = .
                0x0000000020000568                __end__ = .
                0x0000000020000568                end = __end__
                0x0000000020000568                _end = __end__
 *(.heap*)
                0x0000000020002000                . = (ORIGIN (RAM) + LENGTH (RAM))
 *fill*         0x0000000020000568     0x1a98 
                0x0000000020002000                __HeapLimit = .
                0x0000000000001a98                __heap_size = (__HeapLimit - __HeapBase)
                0x0000000000010000                __main_flash_end__ = 0x10000

.internal_storage
                0x00000000000079e8        0x0
 *(.internal_storage*)

.nvm            0x00000000000079e8        0x0
 *(.simee*)
                0x0000000000010000                linker_nvm_end = __main_flash_end__
                0x0000000000010000                linker_nvm_begin = (linker_nvm_end - SIZEOF (.nvm))
                0x0000000000000000                linker_nvm_size = SIZEOF (.nvm)
                0x0000000000010000                linker_storage_end = linker_nvm_begin
                0x0000000000010000                linker_storage_begin = (linker_storage_end - SIZEOF (.internal_storage))
                0x0000000000000000                linker_storage_size = SIZEOF (.internal_storage)
                0x0000000000010000                __nvm3Base = linker_nvm_begin
OUTPUT(EVEE_AT_ONE.axf elf32-littlearm)
LOAD linker stubs

.ARM.attributes
                0x0000000000000000       0x28
 .ARM.attributes
                0x0000000000000000       0x1e /Applications/Simplicity Studio.app/Contents/Eclipse/developer/toolchains/gnu_arm/10.2_2020q4/bin/../lib/gcc/arm-none-eabi/10.2.1/thumb/v6-m/nofp/crti.o
 .ARM.attributes
                0x000000000000001e       0x2c /Applications/Simplicity Studio.app/Contents/Eclipse/developer/toolchains/gnu_arm/10.2_2020q4/bin/../lib/gcc/arm-none-eabi/10.2.1/thumb/v6-m/nofp/crtbegin.o
 .ARM.attributes
                0x000000000000004a       0x1b /Applications/Simplicity Studio.app/Contents/Eclipse/developer/toolchains/gnu_arm/10.2_2020q4/bin/../lib/gcc/arm-none-eabi/10.2.1/../../../../arm-none-eabi/lib/thumb/v6-m/nofp/crt0.o
 .ARM.attributes
                0x0000000000000065       0x2c ./app.o
 .ARM.attributes
                0x0000000000000091       0x2c ./blink.o
 .ARM.attributes
                0x00000000000000bd       0x2c ./gpio.o
 .ARM.attributes
                0x00000000000000e9       0x2c ./i2c.o
 .ARM.attributes
                0x0000000000000115       0x2c ./main.o
 .ARM.attributes
                0x0000000000000141       0x2c ./max17043.o
 .ARM.attributes
                0x000000000000016d       0x2c ./mfrc522.o
 .ARM.attributes
                0x0000000000000199       0x2c ./timer.o
 .ARM.attributes
                0x00000000000001c5       0x2c ./usart.o
 .ARM.attributes
                0x00000000000001f1       0x2c ./autogen/sl_device_init_clocks.o
 .ARM.attributes
                0x000000000000021d       0x2c ./autogen/sl_event_handler.o
 .ARM.attributes
                0x0000000000000249       0x2c ./autogen/sl_simple_led_instances.o
 .ARM.attributes
                0x0000000000000275       0x2c ./gecko_sdk_3.2.3/platform/Device/SiliconLabs/EFM32HG/Source/GCC/startup_efm32hg.o
 .ARM.attributes
                0x00000000000002a1       0x2c ./gecko_sdk_3.2.3/platform/Device/SiliconLabs/EFM32HG/Source/system_efm32hg.o
 .ARM.attributes
                0x00000000000002cd       0x2c ./gecko_sdk_3.2.3/platform/common/toolchain/src/sl_memory.o
 .ARM.attributes
                0x00000000000002f9       0x2c ./gecko_sdk_3.2.3/platform/driver/leddrv/src/sl_led.o
 .ARM.attributes
                0x0000000000000325       0x2c ./gecko_sdk_3.2.3/platform/driver/leddrv/src/sl_simple_led.o
 .ARM.attributes
                0x0000000000000351       0x2c ./gecko_sdk_3.2.3/platform/emlib/src/em_assert.o
 .ARM.attributes
                0x000000000000037d       0x2c ./gecko_sdk_3.2.3/platform/emlib/src/em_cmu.o
 .ARM.attributes
                0x00000000000003a9       0x2c ./gecko_sdk_3.2.3/platform/emlib/src/em_core.o
 .ARM.attributes
                0x00000000000003d5       0x2c ./gecko_sdk_3.2.3/platform/emlib/src/em_gpio.o
 .ARM.attributes
                0x0000000000000401       0x2c ./gecko_sdk_3.2.3/platform/emlib/src/em_i2c.o
 .ARM.attributes
                0x000000000000042d       0x2c ./gecko_sdk_3.2.3/platform/emlib/src/em_rtc.o
 .ARM.attributes
                0x0000000000000459       0x2c ./gecko_sdk_3.2.3/platform/emlib/src/em_timer.o
 .ARM.attributes
                0x0000000000000485       0x2c ./gecko_sdk_3.2.3/platform/emlib/src/em_usart.o
 .ARM.attributes
                0x00000000000004b1       0x2c ./gecko_sdk_3.2.3/platform/service/device_init/src/sl_device_init_emu_s0.o
 .ARM.attributes
                0x00000000000004dd       0x2c ./gecko_sdk_3.2.3/platform/service/device_init/src/sl_device_init_nvic.o
 .ARM.attributes
                0x0000000000000509       0x2c ./gecko_sdk_3.2.3/platform/service/sleeptimer/src/sl_sleeptimer.o
 .ARM.attributes
                0x0000000000000535       0x2c ./gecko_sdk_3.2.3/platform/service/sleeptimer/src/sl_sleeptimer_hal_rtc.o
 .ARM.attributes
                0x0000000000000561       0x2c ./gecko_sdk_3.2.3/platform/service/system/src/sl_system_init.o
 .ARM.attributes
                0x000000000000058d       0x2c ./gecko_sdk_3.2.3/platform/service/system/src/sl_system_process_action.o
 .ARM.attributes
                0x00000000000005b9       0x1e /Applications/Simplicity Studio.app/Contents/Eclipse/developer/toolchains/gnu_arm/10.2_2020q4/bin/../lib/gcc/arm-none-eabi/10.2.1/thumb/v6-m/nofp/libgcc.a(_udivsi3.o)
 .ARM.attributes
                0x00000000000005d7       0x1e /Applications/Simplicity Studio.app/Contents/Eclipse/developer/toolchains/gnu_arm/10.2_2020q4/bin/../lib/gcc/arm-none-eabi/10.2.1/thumb/v6-m/nofp/libgcc.a(_dvmd_tls.o)
 .ARM.attributes
                0x00000000000005f5       0x1e /Applications/Simplicity Studio.app/Contents/Eclipse/developer/toolchains/gnu_arm/10.2_2020q4/bin/../lib/gcc/arm-none-eabi/10.2.1/thumb/v6-m/nofp/libgcc.a(_clzsi2.o)
 .ARM.attributes
                0x0000000000000613       0x1e /Applications/Simplicity Studio.app/Contents/Eclipse/developer/toolchains/gnu_arm/10.2_2020q4/bin/../lib/gcc/arm-none-eabi/10.2.1/thumb/v6-m/nofp/libgcc.a(_aeabi_uldivmod.o)
 .ARM.attributes
                0x0000000000000631       0x2c /Applications/Simplicity Studio.app/Contents/Eclipse/developer/toolchains/gnu_arm/10.2_2020q4/bin/../lib/gcc/arm-none-eabi/10.2.1/thumb/v6-m/nofp/libgcc.a(_muldi3.o)
 .ARM.attributes
                0x000000000000065d       0x2c /Applications/Simplicity Studio.app/Contents/Eclipse/developer/toolchains/gnu_arm/10.2_2020q4/bin/../lib/gcc/arm-none-eabi/10.2.1/thumb/v6-m/nofp/libgcc.a(_fixunsdfsi.o)
 .ARM.attributes
                0x0000000000000689       0x2c /Applications/Simplicity Studio.app/Contents/Eclipse/developer/toolchains/gnu_arm/10.2_2020q4/bin/../lib/gcc/arm-none-eabi/10.2.1/thumb/v6-m/nofp/libgcc.a(_udivmoddi4.o)
 .ARM.attributes
                0x00000000000006b5       0x2c /Applications/Simplicity Studio.app/Contents/Eclipse/developer/toolchains/gnu_arm/10.2_2020q4/bin/../lib/gcc/arm-none-eabi/10.2.1/thumb/v6-m/nofp/libgcc.a(addsf3.o)
 .ARM.attributes
                0x00000000000006e1       0x2c /Applications/Simplicity Studio.app/Contents/Eclipse/developer/toolchains/gnu_arm/10.2_2020q4/bin/../lib/gcc/arm-none-eabi/10.2.1/thumb/v6-m/nofp/libgcc.a(divsf3.o)
 .ARM.attributes
                0x000000000000070d       0x2c /Applications/Simplicity Studio.app/Contents/Eclipse/developer/toolchains/gnu_arm/10.2_2020q4/bin/../lib/gcc/arm-none-eabi/10.2.1/thumb/v6-m/nofp/libgcc.a(subsf3.o)
 .ARM.attributes
                0x0000000000000739       0x2c /Applications/Simplicity Studio.app/Contents/Eclipse/developer/toolchains/gnu_arm/10.2_2020q4/bin/../lib/gcc/arm-none-eabi/10.2.1/thumb/v6-m/nofp/libgcc.a(floatunsisf.o)
 .ARM.attributes
                0x0000000000000765       0x2c /Applications/Simplicity Studio.app/Contents/Eclipse/developer/toolchains/gnu_arm/10.2_2020q4/bin/../lib/gcc/arm-none-eabi/10.2.1/thumb/v6-m/nofp/libgcc.a(divdf3.o)
 .ARM.attributes
                0x0000000000000791       0x2c /Applications/Simplicity Studio.app/Contents/Eclipse/developer/toolchains/gnu_arm/10.2_2020q4/bin/../lib/gcc/arm-none-eabi/10.2.1/thumb/v6-m/nofp/libgcc.a(muldf3.o)
 .ARM.attributes
                0x00000000000007bd       0x2c /Applications/Simplicity Studio.app/Contents/Eclipse/developer/toolchains/gnu_arm/10.2_2020q4/bin/../lib/gcc/arm-none-eabi/10.2.1/thumb/v6-m/nofp/libgcc.a(subdf3.o)
 .ARM.attributes
                0x00000000000007e9       0x2c /Applications/Simplicity Studio.app/Contents/Eclipse/developer/toolchains/gnu_arm/10.2_2020q4/bin/../lib/gcc/arm-none-eabi/10.2.1/thumb/v6-m/nofp/libgcc.a(fixdfsi.o)
 .ARM.attributes
                0x0000000000000815       0x2c /Applications/Simplicity Studio.app/Contents/Eclipse/developer/toolchains/gnu_arm/10.2_2020q4/bin/../lib/gcc/arm-none-eabi/10.2.1/thumb/v6-m/nofp/libgcc.a(floatunsidf.o)
 .ARM.attributes
                0x0000000000000841       0x1e /Applications/Simplicity Studio.app/Contents/Eclipse/developer/toolchains/gnu_arm/10.2_2020q4/bin/../lib/gcc/arm-none-eabi/10.2.1/thumb/v6-m/nofp/libgcc.a(_arm_cmpdf2.o)
 .ARM.attributes
                0x000000000000085f       0x1e /Applications/Simplicity Studio.app/Contents/Eclipse/developer/toolchains/gnu_arm/10.2_2020q4/bin/../lib/gcc/arm-none-eabi/10.2.1/thumb/v6-m/nofp/libgcc.a(_clzdi2.o)
 .ARM.attributes
                0x000000000000087d       0x2c /Applications/Simplicity Studio.app/Contents/Eclipse/developer/toolchains/gnu_arm/10.2_2020q4/bin/../lib/gcc/arm-none-eabi/10.2.1/thumb/v6-m/nofp/libgcc.a(eqdf2.o)
 .ARM.attributes
                0x00000000000008a9       0x2c /Applications/Simplicity Studio.app/Contents/Eclipse/developer/toolchains/gnu_arm/10.2_2020q4/bin/../lib/gcc/arm-none-eabi/10.2.1/thumb/v6-m/nofp/libgcc.a(gedf2.o)
 .ARM.attributes
                0x00000000000008d5       0x2c /Applications/Simplicity Studio.app/Contents/Eclipse/developer/toolchains/gnu_arm/10.2_2020q4/bin/../lib/gcc/arm-none-eabi/10.2.1/thumb/v6-m/nofp/libgcc.a(ledf2.o)
 .ARM.attributes
                0x0000000000000901       0x2c /Applications/Simplicity Studio.app/Contents/Eclipse/developer/toolchains/gnu_arm/10.2_2020q4/bin/../lib/gcc/arm-none-eabi/10.2.1/../../../../arm-none-eabi/lib/thumb/v6-m/nofp/libc_nano.a(lib_a-exit.o)
 .ARM.attributes
                0x000000000000092d       0x2c /Applications/Simplicity Studio.app/Contents/Eclipse/developer/toolchains/gnu_arm/10.2_2020q4/bin/../lib/gcc/arm-none-eabi/10.2.1/../../../../arm-none-eabi/lib/thumb/v6-m/nofp/libc_nano.a(lib_a-impure.o)
 .ARM.attributes
                0x0000000000000959       0x2c /Applications/Simplicity Studio.app/Contents/Eclipse/developer/toolchains/gnu_arm/10.2_2020q4/bin/../lib/gcc/arm-none-eabi/10.2.1/../../../../arm-none-eabi/lib/thumb/v6-m/nofp/libc_nano.a(lib_a-init.o)
 .ARM.attributes
                0x0000000000000985       0x2c /Applications/Simplicity Studio.app/Contents/Eclipse/developer/toolchains/gnu_arm/10.2_2020q4/bin/../lib/gcc/arm-none-eabi/10.2.1/../../../../arm-none-eabi/lib/thumb/v6-m/nofp/libc_nano.a(lib_a-memset.o)
 .ARM.attributes
                0x00000000000009b1       0x2c /Applications/Simplicity Studio.app/Contents/Eclipse/developer/toolchains/gnu_arm/10.2_2020q4/bin/../lib/gcc/arm-none-eabi/10.2.1/../../../../arm-none-eabi/lib/thumb/v6-m/nofp/libnosys.a(_exit.o)
 .ARM.attributes
                0x00000000000009dd       0x1e /Applications/Simplicity Studio.app/Contents/Eclipse/developer/toolchains/gnu_arm/10.2_2020q4/bin/../lib/gcc/arm-none-eabi/10.2.1/thumb/v6-m/nofp/crtn.o

.comment        0x0000000000000000       0x4d
 .comment       0x0000000000000000       0x4d ./app.o
                                         0x4e (size before relaxing)
 .comment       0x000000000000004d       0x4e ./blink.o
 .comment       0x000000000000004d       0x4e ./gpio.o
 .comment       0x000000000000004d       0x4e ./i2c.o
 .comment       0x000000000000004d       0x4e ./main.o
 .comment       0x000000000000004d       0x4e ./max17043.o
 .comment       0x000000000000004d       0x4e ./mfrc522.o
 .comment       0x000000000000004d       0x4e ./timer.o
 .comment       0x000000000000004d       0x4e ./usart.o
 .comment       0x000000000000004d       0x4e ./autogen/sl_device_init_clocks.o
 .comment       0x000000000000004d       0x4e ./autogen/sl_event_handler.o
 .comment       0x000000000000004d       0x4e ./autogen/sl_simple_led_instances.o
 .comment       0x000000000000004d       0x4e ./gecko_sdk_3.2.3/platform/Device/SiliconLabs/EFM32HG/Source/GCC/startup_efm32hg.o
 .comment       0x000000000000004d       0x4e ./gecko_sdk_3.2.3/platform/Device/SiliconLabs/EFM32HG/Source/system_efm32hg.o
 .comment       0x000000000000004d       0x4e ./gecko_sdk_3.2.3/platform/common/toolchain/src/sl_memory.o
 .comment       0x000000000000004d       0x4e ./gecko_sdk_3.2.3/platform/driver/leddrv/src/sl_led.o
 .comment       0x000000000000004d       0x4e ./gecko_sdk_3.2.3/platform/driver/leddrv/src/sl_simple_led.o
 .comment       0x000000000000004d       0x4e ./gecko_sdk_3.2.3/platform/emlib/src/em_assert.o
 .comment       0x000000000000004d       0x4e ./gecko_sdk_3.2.3/platform/emlib/src/em_cmu.o
 .comment       0x000000000000004d       0x4e ./gecko_sdk_3.2.3/platform/emlib/src/em_core.o
 .comment       0x000000000000004d       0x4e ./gecko_sdk_3.2.3/platform/emlib/src/em_gpio.o
 .comment       0x000000000000004d       0x4e ./gecko_sdk_3.2.3/platform/emlib/src/em_i2c.o
 .comment       0x000000000000004d       0x4e ./gecko_sdk_3.2.3/platform/emlib/src/em_rtc.o
 .comment       0x000000000000004d       0x4e ./gecko_sdk_3.2.3/platform/emlib/src/em_timer.o
 .comment       0x000000000000004d       0x4e ./gecko_sdk_3.2.3/platform/emlib/src/em_usart.o
 .comment       0x000000000000004d       0x4e ./gecko_sdk_3.2.3/platform/service/device_init/src/sl_device_init_emu_s0.o
 .comment       0x000000000000004d       0x4e ./gecko_sdk_3.2.3/platform/service/device_init/src/sl_device_init_nvic.o
 .comment       0x000000000000004d       0x4e ./gecko_sdk_3.2.3/platform/service/sleeptimer/src/sl_sleeptimer.o
 .comment       0x000000000000004d       0x4e ./gecko_sdk_3.2.3/platform/service/sleeptimer/src/sl_sleeptimer_hal_rtc.o
 .comment       0x000000000000004d       0x4e ./gecko_sdk_3.2.3/platform/service/system/src/sl_system_init.o
 .comment       0x000000000000004d       0x4e ./gecko_sdk_3.2.3/platform/service/system/src/sl_system_process_action.o

.debug_info     0x0000000000000000     0xc247
 .debug_info    0x0000000000000000      0x68d ./app.o
 .debug_info    0x000000000000068d      0x398 ./blink.o
 .debug_info    0x0000000000000a25      0x24b ./gpio.o
 .debug_info    0x0000000000000c70      0x965 ./i2c.o
 .debug_info    0x00000000000015d5       0xab ./main.o
 .debug_info    0x0000000000001680      0x3a2 ./max17043.o
 .debug_info    0x0000000000001a22      0x5db ./mfrc522.o
 .debug_info    0x0000000000001ffd     0x109b ./timer.o
 .debug_info    0x0000000000003098      0xe2d ./usart.o
 .debug_info    0x0000000000003ec5      0x22e ./autogen/sl_device_init_clocks.o
 .debug_info    0x00000000000040f3      0x474 ./autogen/sl_event_handler.o
 .debug_info    0x0000000000004567      0x27d ./autogen/sl_simple_led_instances.o
 .debug_info    0x00000000000047e4      0x222 ./gecko_sdk_3.2.3/platform/Device/SiliconLabs/EFM32HG/Source/GCC/startup_efm32hg.o
 .debug_info    0x0000000000004a06      0x5fe ./gecko_sdk_3.2.3/platform/Device/SiliconLabs/EFM32HG/Source/system_efm32hg.o
 .debug_info    0x0000000000005004      0x1d4 ./gecko_sdk_3.2.3/platform/common/toolchain/src/sl_memory.o
 .debug_info    0x00000000000051d8      0x253 ./gecko_sdk_3.2.3/platform/driver/leddrv/src/sl_led.o
 .debug_info    0x000000000000542b      0x74b ./gecko_sdk_3.2.3/platform/driver/leddrv/src/sl_simple_led.o
 .debug_info    0x0000000000005b76       0x81 ./gecko_sdk_3.2.3/platform/emlib/src/em_assert.o
 .debug_info    0x0000000000005bf7     0x14a1 ./gecko_sdk_3.2.3/platform/emlib/src/em_cmu.o
 .debug_info    0x0000000000007098      0xb49 ./gecko_sdk_3.2.3/platform/emlib/src/em_core.o
 .debug_info    0x0000000000007be1      0x6ec ./gecko_sdk_3.2.3/platform/emlib/src/em_gpio.o
 .debug_info    0x00000000000082cd      0x91d ./gecko_sdk_3.2.3/platform/emlib/src/em_i2c.o
 .debug_info    0x0000000000008bea      0x34f ./gecko_sdk_3.2.3/platform/emlib/src/em_rtc.o
 .debug_info    0x0000000000008f39      0x9f0 ./gecko_sdk_3.2.3/platform/emlib/src/em_timer.o
 .debug_info    0x0000000000009929      0xf18 ./gecko_sdk_3.2.3/platform/emlib/src/em_usart.o
 .debug_info    0x000000000000a841       0xcf ./gecko_sdk_3.2.3/platform/service/device_init/src/sl_device_init_emu_s0.o
 .debug_info    0x000000000000a910      0x3bb ./gecko_sdk_3.2.3/platform/service/device_init/src/sl_device_init_nvic.o
 .debug_info    0x000000000000accb      0xc99 ./gecko_sdk_3.2.3/platform/service/sleeptimer/src/sl_sleeptimer.o
 .debug_info    0x000000000000b964      0x859 ./gecko_sdk_3.2.3/platform/service/sleeptimer/src/sl_sleeptimer_hal_rtc.o
 .debug_info    0x000000000000c1bd       0x45 ./gecko_sdk_3.2.3/platform/service/system/src/sl_system_init.o
 .debug_info    0x000000000000c202       0x45 ./gecko_sdk_3.2.3/platform/service/system/src/sl_system_process_action.o

.debug_abbrev   0x0000000000000000     0x2d06
 .debug_abbrev  0x0000000000000000      0x175 ./app.o
 .debug_abbrev  0x0000000000000175      0x157 ./blink.o
 .debug_abbrev  0x00000000000002cc       0x6e ./gpio.o
 .debug_abbrev  0x000000000000033a      0x223 ./i2c.o
 .debug_abbrev  0x000000000000055d       0x4b ./main.o
 .debug_abbrev  0x00000000000005a8      0x129 ./max17043.o
 .debug_abbrev  0x00000000000006d1      0x183 ./mfrc522.o
 .debug_abbrev  0x0000000000000854      0x270 ./timer.o
 .debug_abbrev  0x0000000000000ac4      0x241 ./usart.o
 .debug_abbrev  0x0000000000000d05       0x8e ./autogen/sl_device_init_clocks.o
 .debug_abbrev  0x0000000000000d93      0x108 ./autogen/sl_event_handler.o
 .debug_abbrev  0x0000000000000e9b      0x10b ./autogen/sl_simple_led_instances.o
 .debug_abbrev  0x0000000000000fa6      0x137 ./gecko_sdk_3.2.3/platform/Device/SiliconLabs/EFM32HG/Source/GCC/startup_efm32hg.o
 .debug_abbrev  0x00000000000010dd      0x1f5 ./gecko_sdk_3.2.3/platform/Device/SiliconLabs/EFM32HG/Source/system_efm32hg.o
 .debug_abbrev  0x00000000000012d2      0x10a ./gecko_sdk_3.2.3/platform/common/toolchain/src/sl_memory.o
 .debug_abbrev  0x00000000000013dc      0x106 ./gecko_sdk_3.2.3/platform/driver/leddrv/src/sl_led.o
 .debug_abbrev  0x00000000000014e2      0x1d4 ./gecko_sdk_3.2.3/platform/driver/leddrv/src/sl_simple_led.o
 .debug_abbrev  0x00000000000016b6       0x6c ./gecko_sdk_3.2.3/platform/emlib/src/em_assert.o
 .debug_abbrev  0x0000000000001722      0x2f2 ./gecko_sdk_3.2.3/platform/emlib/src/em_cmu.o
 .debug_abbrev  0x0000000000001a14      0x26c ./gecko_sdk_3.2.3/platform/emlib/src/em_core.o
 .debug_abbrev  0x0000000000001c80      0x1f6 ./gecko_sdk_3.2.3/platform/emlib/src/em_gpio.o
 .debug_abbrev  0x0000000000001e76      0x268 ./gecko_sdk_3.2.3/platform/emlib/src/em_i2c.o
 .debug_abbrev  0x00000000000020de      0x18e ./gecko_sdk_3.2.3/platform/emlib/src/em_rtc.o
 .debug_abbrev  0x000000000000226c      0x211 ./gecko_sdk_3.2.3/platform/emlib/src/em_timer.o
 .debug_abbrev  0x000000000000247d      0x21c ./gecko_sdk_3.2.3/platform/emlib/src/em_usart.o
 .debug_abbrev  0x0000000000002699       0x69 ./gecko_sdk_3.2.3/platform/service/device_init/src/sl_device_init_emu_s0.o
 .debug_abbrev  0x0000000000002702      0x135 ./gecko_sdk_3.2.3/platform/service/device_init/src/sl_device_init_nvic.o
 .debug_abbrev  0x0000000000002837      0x21f ./gecko_sdk_3.2.3/platform/service/sleeptimer/src/sl_sleeptimer.o
 .debug_abbrev  0x0000000000002a56      0x24a ./gecko_sdk_3.2.3/platform/service/sleeptimer/src/sl_sleeptimer_hal_rtc.o
 .debug_abbrev  0x0000000000002ca0       0x33 ./gecko_sdk_3.2.3/platform/service/system/src/sl_system_init.o
 .debug_abbrev  0x0000000000002cd3       0x33 ./gecko_sdk_3.2.3/platform/service/system/src/sl_system_process_action.o

.debug_loc      0x0000000000000000     0x28b0
 .debug_loc     0x0000000000000000       0xd0 ./app.o
 .debug_loc     0x00000000000000d0       0x98 ./blink.o
 .debug_loc     0x0000000000000168       0x20 ./gpio.o
 .debug_loc     0x0000000000000188      0x194 ./i2c.o
 .debug_loc     0x000000000000031c       0x20 ./main.o
 .debug_loc     0x000000000000033c       0xa4 ./max17043.o
 .debug_loc     0x00000000000003e0      0x134 ./mfrc522.o
 .debug_loc     0x0000000000000514      0x2b9 ./timer.o
 .debug_loc     0x00000000000007cd      0x224 ./usart.o
 .debug_loc     0x00000000000009f1       0x20 ./autogen/sl_device_init_clocks.o
 .debug_loc     0x0000000000000a11       0x8c ./autogen/sl_event_handler.o
 .debug_loc     0x0000000000000a9d       0x20 ./autogen/sl_simple_led_instances.o
 .debug_loc     0x0000000000000abd       0x2c ./gecko_sdk_3.2.3/platform/Device/SiliconLabs/EFM32HG/Source/GCC/startup_efm32hg.o
 .debug_loc     0x0000000000000ae9       0xb0 ./gecko_sdk_3.2.3/platform/Device/SiliconLabs/EFM32HG/Source/system_efm32hg.o
 .debug_loc     0x0000000000000b99       0x60 ./gecko_sdk_3.2.3/platform/common/toolchain/src/sl_memory.o
 .debug_loc     0x0000000000000bf9       0xdc ./gecko_sdk_3.2.3/platform/driver/leddrv/src/sl_led.o
 .debug_loc     0x0000000000000cd5      0x1ac ./gecko_sdk_3.2.3/platform/driver/leddrv/src/sl_simple_led.o
 .debug_loc     0x0000000000000e81       0x20 ./gecko_sdk_3.2.3/platform/emlib/src/em_assert.o
 .debug_loc     0x0000000000000ea1      0x5d0 ./gecko_sdk_3.2.3/platform/emlib/src/em_cmu.o
 .debug_loc     0x0000000000001471      0x33c ./gecko_sdk_3.2.3/platform/emlib/src/em_core.o
 .debug_loc     0x00000000000017ad      0x1f8 ./gecko_sdk_3.2.3/platform/emlib/src/em_gpio.o
 .debug_loc     0x00000000000019a5      0x1cc ./gecko_sdk_3.2.3/platform/emlib/src/em_i2c.o
 .debug_loc     0x0000000000001b71      0x110 ./gecko_sdk_3.2.3/platform/emlib/src/em_rtc.o
 .debug_loc     0x0000000000001c81      0x174 ./gecko_sdk_3.2.3/platform/emlib/src/em_timer.o
 .debug_loc     0x0000000000001df5      0x365 ./gecko_sdk_3.2.3/platform/emlib/src/em_usart.o
 .debug_loc     0x000000000000215a       0x58 ./gecko_sdk_3.2.3/platform/service/device_init/src/sl_device_init_nvic.o
 .debug_loc     0x00000000000021b2      0x48a ./gecko_sdk_3.2.3/platform/service/sleeptimer/src/sl_sleeptimer.o
 .debug_loc     0x000000000000263c      0x234 ./gecko_sdk_3.2.3/platform/service/sleeptimer/src/sl_sleeptimer_hal_rtc.o
 .debug_loc     0x0000000000002870       0x20 ./gecko_sdk_3.2.3/platform/service/system/src/sl_system_init.o
 .debug_loc     0x0000000000002890       0x20 ./gecko_sdk_3.2.3/platform/service/system/src/sl_system_process_action.o

.debug_aranges  0x0000000000000000      0xc20
 .debug_aranges
                0x0000000000000000       0x40 ./app.o
 .debug_aranges
                0x0000000000000040       0x38 ./blink.o
 .debug_aranges
                0x0000000000000078       0x20 ./gpio.o
 .debug_aranges
                0x0000000000000098       0x68 ./i2c.o
 .debug_aranges
                0x0000000000000100       0x20 ./main.o
 .debug_aranges
                0x0000000000000120       0x40 ./max17043.o
 .debug_aranges
                0x0000000000000160       0x50 ./mfrc522.o
 .debug_aranges
                0x00000000000001b0       0xa8 ./timer.o
 .debug_aranges
                0x0000000000000258       0x80 ./usart.o
 .debug_aranges
                0x00000000000002d8       0x20 ./autogen/sl_device_init_clocks.o
 .debug_aranges
                0x00000000000002f8       0x70 ./autogen/sl_event_handler.o
 .debug_aranges
                0x0000000000000368       0x20 ./autogen/sl_simple_led_instances.o
 .debug_aranges
                0x0000000000000388       0x28 ./gecko_sdk_3.2.3/platform/Device/SiliconLabs/EFM32HG/Source/GCC/startup_efm32hg.o
 .debug_aranges
                0x00000000000003b0       0x68 ./gecko_sdk_3.2.3/platform/Device/SiliconLabs/EFM32HG/Source/system_efm32hg.o
 .debug_aranges
                0x0000000000000418       0x30 ./gecko_sdk_3.2.3/platform/common/toolchain/src/sl_memory.o
 .debug_aranges
                0x0000000000000448       0x40 ./gecko_sdk_3.2.3/platform/driver/leddrv/src/sl_led.o
 .debug_aranges
                0x0000000000000488       0x68 ./gecko_sdk_3.2.3/platform/driver/leddrv/src/sl_simple_led.o
 .debug_aranges
                0x00000000000004f0       0x20 ./gecko_sdk_3.2.3/platform/emlib/src/em_assert.o
 .debug_aranges
                0x0000000000000510      0x180 ./gecko_sdk_3.2.3/platform/emlib/src/em_cmu.o
 .debug_aranges
                0x0000000000000690       0xe8 ./gecko_sdk_3.2.3/platform/emlib/src/em_core.o
 .debug_aranges
                0x0000000000000778       0x78 ./gecko_sdk_3.2.3/platform/emlib/src/em_gpio.o
 .debug_aranges
                0x00000000000007f0       0x70 ./gecko_sdk_3.2.3/platform/emlib/src/em_i2c.o
 .debug_aranges
                0x0000000000000860       0x58 ./gecko_sdk_3.2.3/platform/emlib/src/em_rtc.o
 .debug_aranges
                0x00000000000008b8       0x60 ./gecko_sdk_3.2.3/platform/emlib/src/em_timer.o
 .debug_aranges
                0x0000000000000918       0xd0 ./gecko_sdk_3.2.3/platform/emlib/src/em_usart.o
 .debug_aranges
                0x00000000000009e8       0x20 ./gecko_sdk_3.2.3/platform/service/device_init/src/sl_device_init_emu_s0.o
 .debug_aranges
                0x0000000000000a08       0x28 ./gecko_sdk_3.2.3/platform/service/device_init/src/sl_device_init_nvic.o
 .debug_aranges
                0x0000000000000a30      0x108 ./gecko_sdk_3.2.3/platform/service/sleeptimer/src/sl_sleeptimer.o
 .debug_aranges
                0x0000000000000b38       0xa8 ./gecko_sdk_3.2.3/platform/service/sleeptimer/src/sl_sleeptimer_hal_rtc.o
 .debug_aranges
                0x0000000000000be0       0x20 ./gecko_sdk_3.2.3/platform/service/system/src/sl_system_init.o
 .debug_aranges
                0x0000000000000c00       0x20 ./gecko_sdk_3.2.3/platform/service/system/src/sl_system_process_action.o

.debug_ranges   0x0000000000000000      0xa30
 .debug_ranges  0x0000000000000000       0x30 ./app.o
 .debug_ranges  0x0000000000000030       0x28 ./blink.o
 .debug_ranges  0x0000000000000058       0x10 ./gpio.o
 .debug_ranges  0x0000000000000068       0x58 ./i2c.o
 .debug_ranges  0x00000000000000c0       0x10 ./main.o
 .debug_ranges  0x00000000000000d0       0x30 ./max17043.o
 .debug_ranges  0x0000000000000100       0x40 ./mfrc522.o
 .debug_ranges  0x0000000000000140       0x98 ./timer.o
 .debug_ranges  0x00000000000001d8       0x70 ./usart.o
 .debug_ranges  0x0000000000000248       0x10 ./autogen/sl_device_init_clocks.o
 .debug_ranges  0x0000000000000258       0x60 ./autogen/sl_event_handler.o
 .debug_ranges  0x00000000000002b8       0x10 ./autogen/sl_simple_led_instances.o
 .debug_ranges  0x00000000000002c8       0x18 ./gecko_sdk_3.2.3/platform/Device/SiliconLabs/EFM32HG/Source/GCC/startup_efm32hg.o
 .debug_ranges  0x00000000000002e0       0x58 ./gecko_sdk_3.2.3/platform/Device/SiliconLabs/EFM32HG/Source/system_efm32hg.o
 .debug_ranges  0x0000000000000338       0x20 ./gecko_sdk_3.2.3/platform/common/toolchain/src/sl_memory.o
 .debug_ranges  0x0000000000000358       0x30 ./gecko_sdk_3.2.3/platform/driver/leddrv/src/sl_led.o
 .debug_ranges  0x0000000000000388       0x58 ./gecko_sdk_3.2.3/platform/driver/leddrv/src/sl_simple_led.o
 .debug_ranges  0x00000000000003e0       0x10 ./gecko_sdk_3.2.3/platform/emlib/src/em_assert.o
 .debug_ranges  0x00000000000003f0      0x170 ./gecko_sdk_3.2.3/platform/emlib/src/em_cmu.o
 .debug_ranges  0x0000000000000560       0xd8 ./gecko_sdk_3.2.3/platform/emlib/src/em_core.o
 .debug_ranges  0x0000000000000638       0x68 ./gecko_sdk_3.2.3/platform/emlib/src/em_gpio.o
 .debug_ranges  0x00000000000006a0       0x60 ./gecko_sdk_3.2.3/platform/emlib/src/em_i2c.o
 .debug_ranges  0x0000000000000700       0x48 ./gecko_sdk_3.2.3/platform/emlib/src/em_rtc.o
 .debug_ranges  0x0000000000000748       0x50 ./gecko_sdk_3.2.3/platform/emlib/src/em_timer.o
 .debug_ranges  0x0000000000000798       0xc0 ./gecko_sdk_3.2.3/platform/emlib/src/em_usart.o
 .debug_ranges  0x0000000000000858       0x10 ./gecko_sdk_3.2.3/platform/service/device_init/src/sl_device_init_emu_s0.o
 .debug_ranges  0x0000000000000868       0x18 ./gecko_sdk_3.2.3/platform/service/device_init/src/sl_device_init_nvic.o
 .debug_ranges  0x0000000000000880       0xf8 ./gecko_sdk_3.2.3/platform/service/sleeptimer/src/sl_sleeptimer.o
 .debug_ranges  0x0000000000000978       0x98 ./gecko_sdk_3.2.3/platform/service/sleeptimer/src/sl_sleeptimer_hal_rtc.o
 .debug_ranges  0x0000000000000a10       0x10 ./gecko_sdk_3.2.3/platform/service/system/src/sl_system_init.o
 .debug_ranges  0x0000000000000a20       0x10 ./gecko_sdk_3.2.3/platform/service/system/src/sl_system_process_action.o

.debug_macro    0x0000000000000000    0x17fe0
 .debug_macro   0x0000000000000000      0x3ae ./app.o
 .debug_macro   0x00000000000003ae      0xa48 ./app.o
 .debug_macro   0x0000000000000df6       0x10 ./app.o
 .debug_macro   0x0000000000000e06      0x2fa ./app.o
 .debug_macro   0x0000000000001100       0x12 ./app.o
 .debug_macro   0x0000000000001112       0x22 ./app.o
 .debug_macro   0x0000000000001134       0x56 ./app.o
 .debug_macro   0x000000000000118a       0x51 ./app.o
 .debug_macro   0x00000000000011db      0x103 ./app.o
 .debug_macro   0x00000000000012de       0x6a ./app.o
 .debug_macro   0x0000000000001348      0x1df ./app.o
 .debug_macro   0x0000000000001527       0x1c ./app.o
 .debug_macro   0x0000000000001543       0x22 ./app.o
 .debug_macro   0x0000000000001565       0xaf ./app.o
 .debug_macro   0x0000000000001614       0x12 ./app.o
 .debug_macro   0x0000000000001626       0x64 ./app.o
 .debug_macro   0x000000000000168a       0x18 ./app.o
 .debug_macro   0x00000000000016a2       0x35 ./app.o
 .debug_macro   0x00000000000016d7       0x34 ./app.o
 .debug_macro   0x000000000000170b      0x16d ./app.o
 .debug_macro   0x0000000000001878       0x16 ./app.o
 .debug_macro   0x000000000000188e       0x43 ./app.o
 .debug_macro   0x00000000000018d1       0x34 ./app.o
 .debug_macro   0x0000000000001905       0x10 ./app.o
 .debug_macro   0x0000000000001915       0x58 ./app.o
 .debug_macro   0x000000000000196d      0x182 ./app.o
 .debug_macro   0x0000000000001aef      0x356 ./app.o
 .debug_macro   0x0000000000001e45       0x10 ./app.o
 .debug_macro   0x0000000000001e55       0x35 ./app.o
 .debug_macro   0x0000000000001e8a       0xde ./app.o
 .debug_macro   0x0000000000001f68       0xe4 ./app.o
 .debug_macro   0x000000000000204c      0x37c ./app.o
 .debug_macro   0x00000000000023c8      0x2b0 ./app.o
 .debug_macro   0x0000000000002678     0x14a5 ./app.o
 .debug_macro   0x0000000000003b1d      0x82d ./app.o
 .debug_macro   0x000000000000434a       0xfa ./app.o
 .debug_macro   0x0000000000004444      0x1b3 ./app.o
 .debug_macro   0x00000000000045f7     0x16ae ./app.o
 .debug_macro   0x0000000000005ca5      0x6ca ./app.o
 .debug_macro   0x000000000000636f     0x1bda ./app.o
 .debug_macro   0x0000000000007f49      0x229 ./app.o
 .debug_macro   0x0000000000008172     0x1c09 ./app.o
 .debug_macro   0x0000000000009d7b      0x33d ./app.o
 .debug_macro   0x000000000000a0b8      0xf1c ./app.o
 .debug_macro   0x000000000000afd4      0xf9a ./app.o
 .debug_macro   0x000000000000bf6e      0xa5b ./app.o
 .debug_macro   0x000000000000c9c9     0x106a ./app.o
 .debug_macro   0x000000000000da33      0x37f ./app.o
 .debug_macro   0x000000000000ddb2      0x1c9 ./app.o
 .debug_macro   0x000000000000df7b      0x166 ./app.o
 .debug_macro   0x000000000000e0e1      0x256 ./app.o
 .debug_macro   0x000000000000e337       0x40 ./app.o
 .debug_macro   0x000000000000e377      0x2b9 ./app.o
 .debug_macro   0x000000000000e630       0xc4 ./app.o
 .debug_macro   0x000000000000e6f4      0x252 ./app.o
 .debug_macro   0x000000000000e946     0x22e8 ./app.o
 .debug_macro   0x0000000000010c2e      0x100 ./app.o
 .debug_macro   0x0000000000010d2e      0x100 ./app.o
 .debug_macro   0x0000000000010e2e       0x22 ./app.o
 .debug_macro   0x0000000000010e50       0x10 ./app.o
 .debug_macro   0x0000000000010e60       0x77 ./app.o
 .debug_macro   0x0000000000010ed7       0x28 ./app.o
 .debug_macro   0x0000000000010eff       0x10 ./app.o
 .debug_macro   0x0000000000010f0f       0xf6 ./app.o
 .debug_macro   0x0000000000011005       0xb9 ./app.o
 .debug_macro   0x00000000000110be       0x7f ./app.o
 .debug_macro   0x000000000001113d      0x337 ./app.o
 .debug_macro   0x0000000000011474       0x2e ./app.o
 .debug_macro   0x00000000000114a2       0x16 ./app.o
 .debug_macro   0x00000000000114b8       0xf1 ./app.o
 .debug_macro   0x00000000000115a9       0xb2 ./app.o
 .debug_macro   0x000000000001165b       0x45 ./app.o
 .debug_macro   0x00000000000116a0       0x34 ./app.o
 .debug_macro   0x00000000000116d4      0x366 ./blink.o
 .debug_macro   0x0000000000011a3a      0x72c ./blink.o
 .debug_macro   0x0000000000012166       0x10 ./blink.o
 .debug_macro   0x0000000000012176       0x10 ./blink.o
 .debug_macro   0x0000000000012186       0x16 ./blink.o
 .debug_macro   0x000000000001219c       0x4c ./blink.o
 .debug_macro   0x00000000000121e8       0x10 ./blink.o
 .debug_macro   0x00000000000121f8      0x338 ./gpio.o
 .debug_macro   0x0000000000012530       0xbf ./gpio.o
 .debug_macro   0x00000000000125ef      0x338 ./i2c.o
 .debug_macro   0x0000000000012927      0x3c2 ./main.o
 .debug_macro   0x0000000000012ce9      0x347 ./max17043.o
 .debug_macro   0x0000000000013030      0x347 ./mfrc522.o
 .debug_macro   0x0000000000013377      0x33f ./timer.o
 .debug_macro   0x00000000000136b6      0x338 ./usart.o
 .debug_macro   0x00000000000139ee      0x33a ./autogen/sl_device_init_clocks.o
 .debug_macro   0x0000000000013d28      0x726 ./autogen/sl_device_init_clocks.o
 .debug_macro   0x000000000001444e      0x3a0 ./autogen/sl_event_handler.o
 .debug_macro   0x00000000000147ee       0x71 ./autogen/sl_event_handler.o
 .debug_macro   0x000000000001485f       0x16 ./autogen/sl_event_handler.o
 .debug_macro   0x0000000000014875       0x10 ./autogen/sl_event_handler.o
 .debug_macro   0x0000000000014885      0x33e ./autogen/sl_simple_led_instances.o
 .debug_macro   0x0000000000014bc3       0x10 ./autogen/sl_simple_led_instances.o
 .debug_macro   0x0000000000014bd3      0x2c9 ./gecko_sdk_3.2.3/platform/Device/SiliconLabs/EFM32HG/Source/GCC/startup_efm32hg.o
 .debug_macro   0x0000000000014e9c      0x2d7 ./gecko_sdk_3.2.3/platform/Device/SiliconLabs/EFM32HG/Source/system_efm32hg.o
 .debug_macro   0x0000000000015173       0x92 ./gecko_sdk_3.2.3/platform/common/toolchain/src/sl_memory.o
 .debug_macro   0x0000000000015205       0x16 ./gecko_sdk_3.2.3/platform/common/toolchain/src/sl_memory.o
 .debug_macro   0x000000000001521b       0x84 ./gecko_sdk_3.2.3/platform/driver/leddrv/src/sl_led.o
 .debug_macro   0x000000000001529f      0x352 ./gecko_sdk_3.2.3/platform/driver/leddrv/src/sl_simple_led.o
 .debug_macro   0x00000000000155f1       0x2c ./gecko_sdk_3.2.3/platform/emlib/src/em_assert.o
 .debug_macro   0x000000000001561d      0x3a0 ./gecko_sdk_3.2.3/platform/emlib/src/em_cmu.o
 .debug_macro   0x00000000000159bd       0x7c ./gecko_sdk_3.2.3/platform/emlib/src/em_cmu.o
 .debug_macro   0x0000000000015a39       0x17 ./gecko_sdk_3.2.3/platform/emlib/src/em_cmu.o
 .debug_macro   0x0000000000015a50       0xee ./gecko_sdk_3.2.3/platform/emlib/src/em_cmu.o
 .debug_macro   0x0000000000015b3e       0x11 ./gecko_sdk_3.2.3/platform/emlib/src/em_cmu.o
 .debug_macro   0x0000000000015b4f      0x30d ./gecko_sdk_3.2.3/platform/emlib/src/em_core.o
 .debug_macro   0x0000000000015e5c      0x31a ./gecko_sdk_3.2.3/platform/emlib/src/em_gpio.o
 .debug_macro   0x0000000000016176      0x38c ./gecko_sdk_3.2.3/platform/emlib/src/em_i2c.o
 .debug_macro   0x0000000000016502       0x3f ./gecko_sdk_3.2.3/platform/emlib/src/em_i2c.o
 .debug_macro   0x0000000000016541      0x318 ./gecko_sdk_3.2.3/platform/emlib/src/em_rtc.o
 .debug_macro   0x0000000000016859       0x10 ./gecko_sdk_3.2.3/platform/emlib/src/em_rtc.o
 .debug_macro   0x0000000000016869      0x2de ./gecko_sdk_3.2.3/platform/emlib/src/em_timer.o
 .debug_macro   0x0000000000016b47      0x35f ./gecko_sdk_3.2.3/platform/emlib/src/em_usart.o
 .debug_macro   0x0000000000016ea6       0xeb ./gecko_sdk_3.2.3/platform/emlib/src/em_usart.o
 .debug_macro   0x0000000000016f91      0x329 ./gecko_sdk_3.2.3/platform/service/device_init/src/sl_device_init_emu_s0.o
 .debug_macro   0x00000000000172ba      0x30a ./gecko_sdk_3.2.3/platform/service/device_init/src/sl_device_init_nvic.o
 .debug_macro   0x00000000000175c4      0x430 ./gecko_sdk_3.2.3/platform/service/sleeptimer/src/sl_sleeptimer.o
 .debug_macro   0x00000000000179f4       0x57 ./gecko_sdk_3.2.3/platform/service/sleeptimer/src/sl_sleeptimer.o
 .debug_macro   0x0000000000017a4b       0x10 ./gecko_sdk_3.2.3/platform/service/sleeptimer/src/sl_sleeptimer.o
 .debug_macro   0x0000000000017a5b       0x10 ./gecko_sdk_3.2.3/platform/service/sleeptimer/src/sl_sleeptimer.o
 .debug_macro   0x0000000000017a6b       0x10 ./gecko_sdk_3.2.3/platform/service/sleeptimer/src/sl_sleeptimer.o
 .debug_macro   0x0000000000017a7b       0x10 ./gecko_sdk_3.2.3/platform/service/sleeptimer/src/sl_sleeptimer.o
 .debug_macro   0x0000000000017a8b       0xb2 ./gecko_sdk_3.2.3/platform/service/sleeptimer/src/sl_sleeptimer.o
 .debug_macro   0x0000000000017b3d       0x2e ./gecko_sdk_3.2.3/platform/service/sleeptimer/src/sl_sleeptimer.o
 .debug_macro   0x0000000000017b6b       0x16 ./gecko_sdk_3.2.3/platform/service/sleeptimer/src/sl_sleeptimer.o
 .debug_macro   0x0000000000017b81       0x22 ./gecko_sdk_3.2.3/platform/service/sleeptimer/src/sl_sleeptimer.o
 .debug_macro   0x0000000000017ba3       0x16 ./gecko_sdk_3.2.3/platform/service/sleeptimer/src/sl_sleeptimer.o
 .debug_macro   0x0000000000017bb9       0x16 ./gecko_sdk_3.2.3/platform/service/sleeptimer/src/sl_sleeptimer.o
 .debug_macro   0x0000000000017bcf       0x10 ./gecko_sdk_3.2.3/platform/service/sleeptimer/src/sl_sleeptimer.o
 .debug_macro   0x0000000000017bdf       0x16 ./gecko_sdk_3.2.3/platform/service/sleeptimer/src/sl_sleeptimer.o
 .debug_macro   0x0000000000017bf5      0x3a3 ./gecko_sdk_3.2.3/platform/service/sleeptimer/src/sl_sleeptimer_hal_rtc.o
 .debug_macro   0x0000000000017f98       0x24 ./gecko_sdk_3.2.3/platform/service/system/src/sl_system_init.o
 .debug_macro   0x0000000000017fbc       0x24 ./gecko_sdk_3.2.3/platform/service/system/src/sl_system_process_action.o

.debug_line     0x0000000000000000    0x1571e
 .debug_line    0x0000000000000000      0xb1c ./app.o
 .debug_line    0x0000000000000b1c      0xb2d ./blink.o
 .debug_line    0x0000000000001649      0x922 ./gpio.o
 .debug_line    0x0000000000001f6b      0xc77 ./i2c.o
 .debug_line    0x0000000000002be2      0xa41 ./main.o
 .debug_line    0x0000000000003623      0x9d3 ./max17043.o
 .debug_line    0x0000000000003ff6      0xae2 ./mfrc522.o
 .debug_line    0x0000000000004ad8      0xd6d ./timer.o
 .debug_line    0x0000000000005845      0xde1 ./usart.o
 .debug_line    0x0000000000006626      0xa44 ./autogen/sl_device_init_clocks.o
 .debug_line    0x000000000000706a      0xcd1 ./autogen/sl_event_handler.o