Archive member included to satisfy reference by file (symbol)

/Applications/Simplicity Studio.app/Contents/Eclipse/developer/toolchains/gnu_arm/10.2_2020q4/bin/../lib/gcc/arm-none-eabi/10.2.1/thumb/v6-m/nofp/libgcc.a(_udivsi3.o)
                              ./timer.o (__aeabi_uidiv)
/Applications/Simplicity Studio.app/Contents/Eclipse/developer/toolchains/gnu_arm/10.2_2020q4/bin/../lib/gcc/arm-none-eabi/10.2.1/thumb/v6-m/nofp/libgcc.a(_dvmd_tls.o)
                              /Applications/Simplicity Studio.app/Contents/Eclipse/developer/toolchains/gnu_arm/10.2_2020q4/bin/../lib/gcc/arm-none-eabi/10.2.1/thumb/v6-m/nofp/libgcc.a(_udivsi3.o) (__aeabi_idiv0)
/Applications/Simplicity Studio.app/Contents/Eclipse/developer/toolchains/gnu_arm/10.2_2020q4/bin/../lib/gcc/arm-none-eabi/10.2.1/thumb/v6-m/nofp/libgcc.a(_arm_cmpsf2.o)
                              ./app.o (__aeabi_fcmplt)
/Applications/Simplicity Studio.app/Contents/Eclipse/developer/toolchains/gnu_arm/10.2_2020q4/bin/../lib/gcc/arm-none-eabi/10.2.1/thumb/v6-m/nofp/libgcc.a(_clzsi2.o)
                              ./gecko_sdk_3.2.3/platform/emlib/src/em_cmu.o (__clzsi2)
/Applications/Simplicity Studio.app/Contents/Eclipse/developer/toolchains/gnu_arm/10.2_2020q4/bin/../lib/gcc/arm-none-eabi/10.2.1/thumb/v6-m/nofp/libgcc.a(_aeabi_uldivmod.o)
                              ./gecko_sdk_3.2.3/platform/emlib/src/em_usart.o (__aeabi_uldivmod)
/Applications/Simplicity Studio.app/Contents/Eclipse/developer/toolchains/gnu_arm/10.2_2020q4/bin/../lib/gcc/arm-none-eabi/10.2.1/thumb/v6-m/nofp/libgcc.a(_muldi3.o)
                              ./gecko_sdk_3.2.3/platform/emlib/src/em_usart.o (__aeabi_lmul)
/Applications/Simplicity Studio.app/Contents/Eclipse/developer/toolchains/gnu_arm/10.2_2020q4/bin/../lib/gcc/arm-none-eabi/10.2.1/thumb/v6-m/nofp/libgcc.a(_fixunsdfsi.o)
                              ./timer.o (__aeabi_d2uiz)
/Applications/Simplicity Studio.app/Contents/Eclipse/developer/toolchains/gnu_arm/10.2_2020q4/bin/../lib/gcc/arm-none-eabi/10.2.1/thumb/v6-m/nofp/libgcc.a(_udivmoddi4.o)
                              /Applications/Simplicity Studio.app/Contents/Eclipse/developer/toolchains/gnu_arm/10.2_2020q4/bin/../lib/gcc/arm-none-eabi/10.2.1/thumb/v6-m/nofp/libgcc.a(_aeabi_uldivmod.o) (__udivmoddi4)
/Applications/Simplicity Studio.app/Contents/Eclipse/developer/toolchains/gnu_arm/10.2_2020q4/bin/../lib/gcc/arm-none-eabi/10.2.1/thumb/v6-m/nofp/libgcc.a(addsf3.o)
                              ./app.o (__aeabi_fadd)
/Applications/Simplicity Studio.app/Contents/Eclipse/developer/toolchains/gnu_arm/10.2_2020q4/bin/../lib/gcc/arm-none-eabi/10.2.1/thumb/v6-m/nofp/libgcc.a(divsf3.o)
                              ./app.o (__aeabi_fdiv)
/Applications/Simplicity Studio.app/Contents/Eclipse/developer/toolchains/gnu_arm/10.2_2020q4/bin/../lib/gcc/arm-none-eabi/10.2.1/thumb/v6-m/nofp/libgcc.a(eqsf2.o)
                              /Applications/Simplicity Studio.app/Contents/Eclipse/developer/toolchains/gnu_arm/10.2_2020q4/bin/../lib/gcc/arm-none-eabi/10.2.1/thumb/v6-m/nofp/libgcc.a(_arm_cmpsf2.o) (__eqsf2)
/Applications/Simplicity Studio.app/Contents/Eclipse/developer/toolchains/gnu_arm/10.2_2020q4/bin/../lib/gcc/arm-none-eabi/10.2.1/thumb/v6-m/nofp/libgcc.a(gesf2.o)
                              /Applications/Simplicity Studio.app/Contents/Eclipse/developer/toolchains/gnu_arm/10.2_2020q4/bin/../lib/gcc/arm-none-eabi/10.2.1/thumb/v6-m/nofp/libgcc.a(_arm_cmpsf2.o) (__gesf2)
/Applications/Simplicity Studio.app/Contents/Eclipse/developer/toolchains/gnu_arm/10.2_2020q4/bin/../lib/gcc/arm-none-eabi/10.2.1/thumb/v6-m/nofp/libgcc.a(lesf2.o)
                              /Applications/Simplicity Studio.app/Contents/Eclipse/developer/toolchains/gnu_arm/10.2_2020q4/bin/../lib/gcc/arm-none-eabi/10.2.1/thumb/v6-m/nofp/libgcc.a(_arm_cmpsf2.o) (__lesf2)
/Applications/Simplicity Studio.app/Contents/Eclipse/developer/toolchains/gnu_arm/10.2_2020q4/bin/../lib/gcc/arm-none-eabi/10.2.1/thumb/v6-m/nofp/libgcc.a(mulsf3.o)
                              ./app.o (__aeabi_fmul)
/Applications/Simplicity Studio.app/Contents/Eclipse/developer/toolchains/gnu_arm/10.2_2020q4/bin/../lib/gcc/arm-none-eabi/10.2.1/thumb/v6-m/nofp/libgcc.a(subsf3.o)
                              ./app.o (__aeabi_fsub)
/Applications/Simplicity Studio.app/Contents/Eclipse/developer/toolchains/gnu_arm/10.2_2020q4/bin/../lib/gcc/arm-none-eabi/10.2.1/thumb/v6-m/nofp/libgcc.a(fixsfsi.o)
                              ./app.o (__aeabi_f2iz)
/Applications/Simplicity Studio.app/Contents/Eclipse/developer/toolchains/gnu_arm/10.2_2020q4/bin/../lib/gcc/arm-none-eabi/10.2.1/thumb/v6-m/nofp/libgcc.a(floatunsisf.o)
                              ./app.o (__aeabi_ui2f)
/Applications/Simplicity Studio.app/Contents/Eclipse/developer/toolchains/gnu_arm/10.2_2020q4/bin/../lib/gcc/arm-none-eabi/10.2.1/thumb/v6-m/nofp/libgcc.a(divdf3.o)
                              ./timer.o (__aeabi_ddiv)
[...]
Memory Configuration

Name             Origin             Length             Attributes
FLASH            0x0000000000000000 0x0000000000010000 xr
RAM              0x0000000020000000 0x0000000000002000 xrw
*default*        0x0000000000000000 0xffffffffffffffff

Linker script and memory map

LOAD /Applications/Simplicity Studio.app/Contents/Eclipse/developer/toolchains/gnu_arm/10.2_2020q4/bin/../lib/gcc/arm-none-eabi/10.2.1/thumb/v6-m/nofp/crti.o
LOAD /Applications/Simplicity Studio.app/Contents/Eclipse/developer/toolchains/gnu_arm/10.2_2020q4/bin/../lib/gcc/arm-none-eabi/10.2.1/thumb/v6-m/nofp/crtbegin.o
LOAD /Applications/Simplicity Studio.app/Contents/Eclipse/developer/toolchains/gnu_arm/10.2_2020q4/bin/../lib/gcc/arm-none-eabi/10.2.1/../../../../arm-none-eabi/lib/thumb/v6-m/nofp/crt0.o
START GROUP
LOAD ./app.o
LOAD ./blink.o
LOAD ./gpio.o
LOAD ./i2c.o
LOAD ./leuart.o
LOAD ./main.o
LOAD ./max17043.o
LOAD ./mfrc522.o
LOAD ./motor.o
LOAD ./path.o
LOAD ./timer.o
LOAD ./usart.o
LOAD ./autogen/sl_device_init_clocks.o
LOAD ./autogen/sl_event_handler.o
LOAD ./autogen/sl_simple_led_instances.o
LOAD ./gecko_sdk_3.2.3/platform/Device/SiliconLabs/EFM32HG/Source/GCC/startup_efm32hg.o
LOAD ./gecko_sdk_3.2.3/platform/Device/SiliconLabs/EFM32HG/Source/system_efm32hg.o
LOAD ./gecko_sdk_3.2.3/platform/common/toolchain/src/sl_memory.o
LOAD ./gecko_sdk_3.2.3/platform/driver/leddrv/src/sl_led.o
LOAD ./gecko_sdk_3.2.3/platform/driver/leddrv/src/sl_simple_led.o
LOAD ./gecko_sdk_3.2.3/platform/emlib/src/em_assert.o
LOAD ./gecko_sdk_3.2.3/platform/emlib/src/em_cmu.o
LOAD ./gecko_sdk_3.2.3/platform/emlib/src/em_core.o
LOAD ./gecko_sdk_3.2.3/platform/emlib/src/em_emu.o
LOAD ./gecko_sdk_3.2.3/platform/emlib/src/em_gpio.o
LOAD ./gecko_sdk_3.2.3/platform/emlib/src/em_i2c.o
LOAD ./gecko_sdk_3.2.3/platform/emlib/src/em_leaurt.o
LOAD ./gecko_sdk_3.2.3/platform/emlib/src/em_rtc.o
LOAD ./gecko_sdk_3.2.3/platform/emlib/src/em_system.o
LOAD ./gecko_sdk_3.2.3/platform/emlib/src/em_timer.o
LOAD ./gecko_sdk_3.2.3/platform/emlib/src/em_usart.o
LOAD ./gecko_sdk_3.2.3/platform/service/device_init/src/sl_device_init_emu_s0.o
LOAD ./gecko_sdk_3.2.3/platform/service/device_init/src/sl_device_init_nvic.o
LOAD ./gecko_sdk_3.2.3/platform/service/sleeptimer/src/sl_sleeptimer.o
LOAD ./gecko_sdk_3.2.3/platform/service/sleeptimer/src/sl_sleeptimer_hal_rtc.o
LOAD ./gecko_sdk_3.2.3/platform/service/system/src/sl_system_init.o
LOAD ./gecko_sdk_3.2.3/platform/service/system/src/sl_system_process_action.o
LOAD /Applications/Simplicity Studio.app/Contents/Eclipse/developer/toolchains/gnu_arm/10.2_2020q4/bin/../lib/gcc/arm-none-eabi/10.2.1/thumb/v6-m/nofp/libgcc.a
LOAD /Applications/Simplicity Studio.app/Contents/Eclipse/developer/toolchains/gnu_arm/10.2_2020q4/bin/../lib/gcc/arm-none-eabi/10.2.1/../../../../arm-none-eabi/lib/thumb/v6-m/nofp/libc_nano.a
LOAD /Applications/Simplicity Studio.app/Contents/Eclipse/developer/toolchains/gnu_arm/10.2_2020q4/bin/../lib/gcc/arm-none-eabi/10.2.1/../../../../arm-none-eabi/lib/thumb/v6-m/nofp/libm.a
LOAD /Applications/Simplicity Studio.app/Contents/Eclipse/developer/toolchains/gnu_arm/10.2_2020q4/bin/../lib/gcc/arm-none-eabi/10.2.1/../../../../arm-none-eabi/lib/thumb/v6-m/nofp/libnosys.a
END GROUP
START GROUP
LOAD /Applications/Simplicity Studio.app/Contents/Eclipse/developer/toolchains/gnu_arm/10.2_2020q4/bin/../lib/gcc/arm-none-eabi/10.2.1/thumb/v6-m/nofp/libgcc.a
LOAD /Applications/Simplicity Studio.app/Contents/Eclipse/developer/toolchains/gnu_arm/10.2_2020q4/bin/../lib/gcc/arm-none-eabi/10.2.1/../../../../arm-none-eabi/lib/thumb/v6-m/nofp/libc_nano.a
LOAD /Applications/Simplicity Studio.app/Contents/Eclipse/developer/toolchains/gnu_arm/10.2_2020q4/bin/../lib/gcc/arm-none-eabi/10.2.1/../../../../arm-none-eabi/lib/thumb/v6-m/nofp/libnosys.a
END GROUP
START GROUP
LOAD /Applications/Simplicity Studio.app/Contents/Eclipse/developer/toolchains/gnu_arm/10.2_2020q4/bin/../lib/gcc/arm-none-eabi/10.2.1/thumb/v6-m/nofp/libgcc.a
LOAD /Applications/Simplicity Studio.app/Contents/Eclipse/developer/toolchains/gnu_arm/10.2_2020q4/bin/../lib/gcc/arm-none-eabi/10.2.1/../../../../arm-none-eabi/lib/thumb/v6-m/nofp/libg_nano.a
LOAD /Applications/Simplicity Studio.app/Contents/Eclipse/developer/toolchains/gnu_arm/10.2_2020q4/bin/../lib/gcc/arm-none-eabi/10.2.1/../../../../arm-none-eabi/lib/thumb/v6-m/nofp/libc_nano.a
END GROUP
START GROUP
LOAD /Applications/Simplicity Studio.app/Contents/Eclipse/developer/toolchains/gnu_arm/10.2_2020q4/bin/../lib/gcc/arm-none-eabi/10.2.1/thumb/v6-m/nofp/libgcc.a
LOAD /Applications/Simplicity Studio.app/Contents/Eclipse/developer/toolchains/gnu_arm/10.2_2020q4/bin/../lib/gcc/arm-none-eabi/10.2.1/../../../../arm-none-eabi/lib/thumb/v6-m/nofp/libc_nano.a
END GROUP
LOAD /Applications/Simplicity Studio.app/Contents/Eclipse/developer/toolchains/gnu_arm/10.2_2020q4/bin/../lib/gcc/arm-none-eabi/10.2.1/thumb/v6-m/nofp/crtend.o
LOAD /Applications/Simplicity Studio.app/Contents/Eclipse/developer/toolchains/gnu_arm/10.2_2020q4/bin/../lib/gcc/arm-none-eabi/10.2.1/thumb/v6-m/nofp/crtn.o

.text           0x0000000000000000     0xa470
                0x0000000000000000                linker_vectors_begin = .
 *(.vectors)
 .vectors       0x0000000000000000       0x94 ./gecko_sdk_3.2.3/platform/Device/SiliconLabs/EFM32HG/Source/GCC/startup_efm32hg.o
                0x0000000000000000                __Vectors
                0x0000000000000094                linker_vectors_end = .
                0x0000000000000094                __Vectors_End = .
                0x0000000000000094                __Vectors_Size = (__Vectors_End - __Vectors)
                0x0000000000000094                linker_code_begin = .
 *(.text*)
 .text          0x0000000000000094       0x48 /Applications/Simplicity Studio.app/Contents/Eclipse/developer/toolchains/gnu_arm/10.2_2020q4/bin/../lib/gcc/arm-none-eabi/10.2.1/thumb/v6-m/nofp/crtbegin.o
 .text          0x00000000000000dc       0x80 /Applications/Simplicity Studio.app/Contents/Eclipse/developer/toolchains/gnu_arm/10.2_2020q4/bin/../lib/gcc/arm-none-eabi/10.2.1/../../../../arm-none-eabi/lib/thumb/v6-m/nofp/crt0.o
                0x00000000000000dc                _stack_init
                0x00000000000000e8                _mainCRTStartup
                0x00000000000000e8                _start
 .text.app_init
                0x000000000000015c       0x3c ./app.o
                0x000000000000015c                app_init
 .text.app_process_action
                0x0000000000000198       0xe4 ./app.o
                0x0000000000000198                app_process_action
 .text.app_send_battery
                0x000000000000027c       0xc0 ./app.o
                0x000000000000027c                app_send_battery
 .text.app_pwm_open
                0x000000000000033c       0xec ./app.o
                0x000000000000033c                app_pwm_open
 .text.app_leuart_open
                0x0000000000000428       0x64 ./app.o
                0x0000000000000428                app_leuart_open
 .text.sl_sleeptimer_start_periodic_timer_ms
                0x000000000000048c       0x48 ./blink.o
 .text.blink_init
                0x00000000000004d4       0x28 ./blink.o
                0x00000000000004d4                blink_init
 .text.on_timeout
                0x00000000000004fc       0x18 ./blink.o
 .text.gpio_init
                0x0000000000000514       0xec ./gpio.o
                0x0000000000000514                gpio_init
 .text.charge_on
                0x0000000000000600       0x1e ./gpio.o
                0x0000000000000600                charge_on
 .text.charge_off
                0x000000000000061e       0x1e ./gpio.o
                0x000000000000061e                charge_off
 .text.__NVIC_EnableIRQ
                0x000000000000063c       0x34 ./i2c.o
 .text.i2c_is_busy
                0x0000000000000670       0x24 ./i2c.o
                0x0000000000000670                i2c_is_busy
 .text.i2c_open
                0x0000000000000694      0x110 ./i2c.o
                0x0000000000000694                i2c_open
 .text.i2c_bus_reset
                0x00000000000007a4       0x52 ./i2c.o
 *fill*         0x00000000000007f6        0x2 
 .text.i2c_start
                0x00000000000007f8       0xbc ./i2c.o
                0x00000000000007f8                i2c_start
 .text.I2C0_IRQHandler
                0x00000000000008b4       0xa8 ./i2c.o
                0x00000000000008b4                I2C0_IRQHandler
 .text.ack_received
                0x000000000000095c       0xf0 ./i2c.o
 .text.nack_received
                0x0000000000000a4c       0x30 ./i2c.o
 .text.rxdatav_received
                0x0000000000000a7c       0xa0 ./i2c.o
 .text.mstop_received
                0x0000000000000b1c       0x40 ./i2c.o
 .text.__NVIC_EnableIRQ
                0x0000000000000b5c       0x34 ./leuart.o
 .text.leuart_open
                0x0000000000000b90      0x138 ./leuart.o
                0x0000000000000b90                leuart_open
 .text.LEUART0_IRQHandler
                0x0000000000000cc8       0x90 ./leuart.o
                0x0000000000000cc8                LEUART0_IRQHandler
 .text.txbl_recevied
                0x0000000000000d58       0x84 ./leuart.o
 .text.txc_recevied
                0x0000000000000ddc       0x58 ./leuart.o
 .text.sigframe_recevied
                0x0000000000000e34       0x6c ./leuart.o
 .text.rxdatav_recevied
                0x0000000000000ea0       0xc0 ./leuart.o
 .text.leuart_start
                0x0000000000000f60       0xac ./leuart.o
                0x0000000000000f60                leuart_start
 .text.leuart_tx_busy
                0x000000000000100c       0x28 ./leuart.o
                0x000000000000100c                leuart_tx_busy
 .text.leuart_newData
                0x0000000000001034       0x10 ./leuart.o
                0x0000000000001034                leuart_newData
 .text.leuart_read
                0x0000000000001044       0x28 ./leuart.o
                0x0000000000001044                leuart_read
 .text.leuart_write
                0x000000000000106c       0x1c ./leuart.o
                0x000000000000106c                leuart_write
 .text.main     0x0000000000001088       0x14 ./main.o
                0x0000000000001088                main
 .text.max17043_open
                0x000000000000109c       0x44 ./max17043.o
                0x000000000000109c                max17043_open
 .text.max17043_read
                0x00000000000010e0       0x50 ./max17043.o
                0x00000000000010e0                max17043_read
 .text.max17043_soc
                0x0000000000001130       0x2c ./max17043.o
                0x0000000000001130                max17043_soc
 .text.mfrc522_open
                0x000000000000115c       0x68 ./mfrc522.o
                0x000000000000115c                mfrc522_open
 .text.mfrc522_write
                0x00000000000011c4       0x3c ./mfrc522.o
                0x00000000000011c4                mfrc522_write
 .text.mfrc522_read
                0x0000000000001200       0x3c ./mfrc522.o
                0x0000000000001200                mfrc522_read
 .text.mfrc522_transceive
                0x000000000000123c       0xc0 ./mfrc522.o
 .text.mfrc522_card
                0x00000000000012fc       0xec ./mfrc522.o
                0x00000000000012fc                mfrc522_card
 .text.mfrc522_config
                0x00000000000013e8       0xc8 ./mfrc522.o
                0x00000000000013e8                mfrc522_config
 .text.clear_collreg
                0x00000000000014b0       0x44 ./mfrc522.o
 .text.GPIO_PinOutClear
                0x00000000000014f4       0xb4 ./motor.o
 .text.GPIO_PinOutSet
                0x00000000000015a8       0xb4 ./motor.o
 .text.left_turn
                0x000000000000165c       0x38 ./motor.o
                0x000000000000165c                left_turn
 .text.right_turn
                0x0000000000001694       0x38 ./motor.o
                0x0000000000001694                right_turn
 .text.straight
                0x00000000000016cc       0x38 ./motor.o
                0x00000000000016cc                straight
 .text.stop_motor
                0x0000000000001704       0x34 ./motor.o
                0x0000000000001704                stop_motor
 .text.execute_cmd
                0x0000000000001738       0x68 ./motor.o
                0x0000000000001738                execute_cmd
 .text.parse    0x00000000000017a0       0x88 ./path.o
                0x00000000000017a0                parse
 .text.get_currID
                0x0000000000001828       0x3c ./path.o
                0x0000000000001828                get_currID
 .text.get_target
                0x0000000000001864       0x54 ./path.o
                0x0000000000001864                get_target
 .text.push     0x00000000000018b8       0x5c ./path.o
                0x00000000000018b8                push
 .text.clear_after
                0x0000000000001914       0x2e ./path.o
                0x0000000000001914                clear_after
 *fill*         0x0000000000001942        0x2 
 .text.popLL    0x0000000000001944       0x28 ./path.o
                0x0000000000001944                popLL
 .text.path_test
                0x000000000000196c       0xa0 ./path.o
                0x000000000000196c                path_test
 .text.__NVIC_EnableIRQ
                0x0000000000001a0c       0x34 ./timer.o
 .text.TIMER_Valid
                0x0000000000001a40       0x3c ./timer.o
 .text.TIMER_MaxCount
                0x0000000000001a7c       0x10 ./timer.o
 .text.TIMER_CompareSet
                0x0000000000001a8c       0x44 ./timer.o
 .text.TIMER_Enable
                0x0000000000001ad0       0x4c ./timer.o
 .text.TIMER_TopSet
                0x0000000000001b1c       0x38 ./timer.o
 .text.GPIO_PinOutSet
                0x0000000000001b54       0xb4 ./timer.o
 .text.timer_pwm_open
                0x0000000000001c08      0x2ac ./timer.o
                0x0000000000001c08                timer_pwm_open
 .text.timer_start
                0x0000000000001eb4       0x24 ./timer.o
                0x0000000000001eb4                timer_start
 .text.timer_dc_set
                0x0000000000001ed8       0x40 ./timer.o
                0x0000000000001ed8                timer_dc_set
 .text.timeout_open
                0x0000000000001f18       0xe0 ./timer.o
                0x0000000000001f18                timeout_open
 .text.TIMER0_IRQHandler
                0x0000000000001ff8       0x30 ./timer.o
                0x0000000000001ff8                TIMER0_IRQHandler
 .text.TIMER1_IRQHandler
                0x0000000000002028       0x2c ./timer.o
                0x0000000000002028                TIMER1_IRQHandler
 .text.timeout_ctrl
                0x0000000000002054        0xe ./timer.o
                0x0000000000002054                timeout_ctrl
 *fill*         0x0000000000002062        0x2 
 .text.timeout_reset
                0x0000000000002064       0x28 ./timer.o
                0x0000000000002064                timeout_reset
 .text.get_timer_flag
                0x000000000000208c       0x24 ./timer.o
                0x000000000000208c                get_timer_flag
 .text.clear_timer_flag
                0x00000000000020b0       0x24 ./timer.o
                0x00000000000020b0                clear_timer_flag
 .text.__NVIC_EnableIRQ
                0x00000000000020d4       0x34 ./usart.o
 .text.GPIO_PinOutClear
                0x0000000000002108       0xb4 ./usart.o
 .text.GPIO_PinOutSet
                0x00000000000021bc       0xb4 ./usart.o
 .text.spi_open
                0x0000000000002270      0x158 ./usart.o
                0x0000000000002270                spi_open
 .text.spi_start
                0x00000000000023c8       0xfc ./usart.o
                0x00000000000023c8                spi_start
 .text.spi_isbusy
                0x00000000000024c4       0x40 ./usart.o
                0x00000000000024c4                spi_isbusy
 .text.USART0_RX_IRQHandler
                0x0000000000002504       0x34 ./usart.o
                0x0000000000002504                USART0_RX_IRQHandler
 .text.USART1_RX_IRQHandler
                0x0000000000002538       0x34 ./usart.o
                0x0000000000002538                USART1_RX_IRQHandler
 .text.USART0_TX_IRQHandler
                0x000000000000256c       0x5c ./usart.o
                0x000000000000256c                USART0_TX_IRQHandler
 .text.USART1_TX_IRQHandler
                0x00000000000025c8       0x5c ./usart.o
                0x00000000000025c8                USART1_TX_IRQHandler
 .text.txbl_recevied
                0x0000000000002624      0x110 ./usart.o
 .text.txc_recevied
                0x0000000000002734       0x58 ./usart.o
 .text.rxdatav_recevied
                0x000000000000278c       0xb8 ./usart.o
 .text.sl_device_init_clocks
                0x0000000000002844       0x3c ./autogen/sl_device_init_clocks.o
                0x0000000000002844                sl_device_init_clocks
 .text.SYSTEM_GetProdRev
                0x0000000000002880       0x10 ./autogen/sl_event_handler.o
 .text.CHIP_Init
                0x0000000000002890       0x4c ./autogen/sl_event_handler.o
 .text.sl_platform_init
                0x00000000000028dc       0x16 ./autogen/sl_event_handler.o
                0x00000000000028dc                sl_platform_init
 .text.sl_driver_init
                0x00000000000028f2        0xa ./autogen/sl_event_handler.o
                0x00000000000028f2                sl_driver_init
 .text.sl_service_init
                0x00000000000028fc        0xa ./autogen/sl_event_handler.o
                0x00000000000028fc                sl_service_init
 .text.sl_stack_init
                0x0000000000002906        0x4 ./autogen/sl_event_handler.o
                0x0000000000002906                sl_stack_init
 .text.sl_internal_app_init
                0x000000000000290a        0x4 ./autogen/sl_event_handler.o
                0x000000000000290a                sl_internal_app_init
 .text.sl_platform_process_action
                0x000000000000290e        0x4 ./autogen/sl_event_handler.o
                0x000000000000290e                sl_platform_process_action
 .text.sl_service_process_action
                0x0000000000002912        0x4 ./autogen/sl_event_handler.o
                0x0000000000002912                sl_service_process_action
 .text.sl_stack_process_action
                0x0000000000002916        0x4 ./autogen/sl_event_handler.o
                0x0000000000002916                sl_stack_process_action
 .text.sl_internal_app_process_action
                0x000000000000291a        0x4 ./autogen/sl_event_handler.o
                0x000000000000291a                sl_internal_app_process_action
 *fill*         0x000000000000291e        0x2 
 .text.sl_simple_led_init_instances
                0x0000000000002920       0x14 ./autogen/sl_simple_led_instances.o
                0x0000000000002920                sl_simple_led_init_instances
 .text.Reset_Handler
                0x0000000000002934       0x48 ./gecko_sdk_3.2.3/platform/Device/SiliconLabs/EFM32HG/Source/GCC/startup_efm32hg.o
                0x0000000000002934                Reset_Handler
 .text.Default_Handler
                0x000000000000297c        0x2 ./gecko_sdk_3.2.3/platform/Device/SiliconLabs/EFM32HG/Source/GCC/startup_efm32hg.o
                0x000000000000297c                DMA_IRQHandler
                0x000000000000297c                HardFault_Handler
                0x000000000000297c                SysTick_Handler
                0x000000000000297c                PendSV_Handler
                0x000000000000297c                NMI_Handler
                0x000000000000297c                MSC_IRQHandler
                0x000000000000297c                ADC0_IRQHandler
                0x000000000000297c                GPIO_EVEN_IRQHandler
                0x000000000000297c                Default_Handler
                0x000000000000297c                PCNT0_IRQHandler
                0x000000000000297c                sl_app_properties
                0x000000000000297c                USB_IRQHandler
                0x000000000000297c                ACMP0_IRQHandler
                0x000000000000297c                SVC_Handler
                0x000000000000297c                CMU_IRQHandler
                0x000000000000297c                GPIO_ODD_IRQHandler
                0x000000000000297c                AES_IRQHandler
                0x000000000000297c                VCMP_IRQHandler
                0x000000000000297c                TIMER2_IRQHandler
 *fill*         0x000000000000297e        0x2 
 .text.SystemCoreClockGet
                0x0000000000002980       0x34 ./gecko_sdk_3.2.3/platform/Device/SiliconLabs/EFM32HG/Source/system_efm32hg.o
                0x0000000000002980                SystemCoreClockGet
 .text.SystemMaxCoreClockGet
                0x00000000000029b4        0xc ./gecko_sdk_3.2.3/platform/Device/SiliconLabs/EFM32HG/Source/system_efm32hg.o
                0x00000000000029b4                SystemMaxCoreClockGet
 .text.SystemHFClockGet
                0x00000000000029c0      0x110 ./gecko_sdk_3.2.3/platform/Device/SiliconLabs/EFM32HG/Source/system_efm32hg.o
                0x00000000000029c0                SystemHFClockGet
 .text.SystemInit
                0x0000000000002ad0       0x14 ./gecko_sdk_3.2.3/platform/Device/SiliconLabs/EFM32HG/Source/system_efm32hg.o
                0x0000000000002ad0                SystemInit
 .text.SystemLFRCOClockGet
                0x0000000000002ae4        0x8 ./gecko_sdk_3.2.3/platform/Device/SiliconLabs/EFM32HG/Source/system_efm32hg.o
                0x0000000000002ae4                SystemLFRCOClockGet
 .text.SystemULFRCOClockGet
                0x0000000000002aec        0x8 ./gecko_sdk_3.2.3/platform/Device/SiliconLabs/EFM32HG/Source/system_efm32hg.o
                0x0000000000002aec                SystemULFRCOClockGet
 .text.SystemLFXOClockGet
                0x0000000000002af4        0xc ./gecko_sdk_3.2.3/platform/Device/SiliconLabs/EFM32HG/Source/system_efm32hg.o
                0x0000000000002af4                SystemLFXOClockGet
 .text._sbrk    0x0000000000002b00       0x3c ./gecko_sdk_3.2.3/platform/common/toolchain/src/sl_memory.o
                0x0000000000002b00                _sbrk
 .text.sl_led_init
                0x0000000000002b3c       0x1a ./gecko_sdk_3.2.3/platform/driver/leddrv/src/sl_led.o
                0x0000000000002b3c                sl_led_init
 .text.BUS_RegBitRead
                0x0000000000002b56       0x1a ./gecko_sdk_3.2.3/platform/driver/leddrv/src/sl_simple_led.o
 .text.GPIO_PinOutClear
                0x0000000000002b70       0xb4 ./gecko_sdk_3.2.3/platform/driver/leddrv/src/sl_simple_led.o
 .text.GPIO_PinOutGet
                0x0000000000002c24       0xbc ./gecko_sdk_3.2.3/platform/driver/leddrv/src/sl_simple_led.o
 .text.GPIO_PinOutSet
                0x0000000000002ce0       0xb4 ./gecko_sdk_3.2.3/platform/driver/leddrv/src/sl_simple_led.o
 .text.GPIO_PinOutToggle
                0x0000000000002d94       0xb4 ./gecko_sdk_3.2.3/platform/driver/leddrv/src/sl_simple_led.o
 .text.sl_simple_led_init
                0x0000000000002e48       0x48 ./gecko_sdk_3.2.3/platform/driver/leddrv/src/sl_simple_led.o
                0x0000000000002e48                sl_simple_led_init
 .text.sl_simple_led_turn_on
                0x0000000000002e90       0x3a ./gecko_sdk_3.2.3/platform/driver/leddrv/src/sl_simple_led.o
                0x0000000000002e90                sl_simple_led_turn_on
 .text.sl_simple_led_turn_off
                0x0000000000002eca       0x3a ./gecko_sdk_3.2.3/platform/driver/leddrv/src/sl_simple_led.o
                0x0000000000002eca                sl_simple_led_turn_off
 .text.sl_simple_led_toggle
                0x0000000000002f04       0x20 ./gecko_sdk_3.2.3/platform/driver/leddrv/src/sl_simple_led.o
                0x0000000000002f04                sl_simple_led_toggle
 .text.sl_simple_led_get_state
                0x0000000000002f24       0x44 ./gecko_sdk_3.2.3/platform/driver/leddrv/src/sl_simple_led.o
                0x0000000000002f24                sl_simple_led_get_state
 .text.assertEFM
                0x0000000000002f68        0x8 ./gecko_sdk_3.2.3/platform/emlib/src/em_assert.o
                0x0000000000002f68                assertEFM
 .text.SL_Log2ToDiv
                0x0000000000002f70       0x30 ./gecko_sdk_3.2.3/platform/emlib/src/em_cmu.o
 .text.BUS_RegBitWrite
                0x0000000000002fa0       0x4c ./gecko_sdk_3.2.3/platform/emlib/src/em_cmu.o
 .text.BUS_RegBitRead
                0x0000000000002fec       0x1a ./gecko_sdk_3.2.3/platform/emlib/src/em_cmu.o
 *fill*         0x0000000000003006        0x2 
 .text.CMU_DivToLog2
                0x0000000000003008       0x44 ./gecko_sdk_3.2.3/platform/emlib/src/em_cmu.o
 .text.SYSTEM_GetProdRev
                0x000000000000304c       0x10 ./gecko_sdk_3.2.3/platform/emlib/src/em_cmu.o
 .text.auxClkGet
                0x000000000000305c       0xcc ./gecko_sdk_3.2.3/platform/emlib/src/em_cmu.o
 .text.dbgClkGet
                0x0000000000003128       0x5c ./gecko_sdk_3.2.3/platform/emlib/src/em_cmu.o
 .text.flashWaitStateControl
                0x0000000000003184       0x50 ./gecko_sdk_3.2.3/platform/emlib/src/em_cmu.o
 .text.flashWaitStateMax
                0x00000000000031d4       0x44 ./gecko_sdk_3.2.3/platform/emlib/src/em_cmu.o
 .text.CMU_UpdateWaitStates
                0x0000000000003218       0x48 ./gecko_sdk_3.2.3/platform/emlib/src/em_cmu.o
                0x0000000000003218                CMU_UpdateWaitStates
 .text.lfClkGet
                0x0000000000003260      0x154 ./gecko_sdk_3.2.3/platform/emlib/src/em_cmu.o
 .text.syncReg  0x00000000000033b4       0x28 ./gecko_sdk_3.2.3/platform/emlib/src/em_cmu.o
 .text.hfperClkSafePrescaler
                0x00000000000033dc        0x4 ./gecko_sdk_3.2.3/platform/emlib/src/em_cmu.o
 .text.hfperClkOptimizedPrescaler
                0x00000000000033e0        0x4 ./gecko_sdk_3.2.3/platform/emlib/src/em_cmu.o
 .text.CMU_ClockDivGet
                0x00000000000033e4      0x120 ./gecko_sdk_3.2.3/platform/emlib/src/em_cmu.o
                0x00000000000033e4                CMU_ClockDivGet
 .text.CMU_ClockDivSet
                0x0000000000003504      0x214 ./gecko_sdk_3.2.3/platform/emlib/src/em_cmu.o
                0x0000000000003504                CMU_ClockDivSet
 .text.CMU_ClockEnable
                0x0000000000003718       0xc4 ./gecko_sdk_3.2.3/platform/emlib/src/em_cmu.o
                0x0000000000003718                CMU_ClockEnable
 .text.CMU_ClockFreqGet
                0x00000000000037dc      0x194 ./gecko_sdk_3.2.3/platform/emlib/src/em_cmu.o
                0x00000000000037dc                CMU_ClockFreqGet
 .text.CMU_ClockSelectGet
                0x0000000000003970      0x1ac ./gecko_sdk_3.2.3/platform/emlib/src/em_cmu.o
                0x0000000000003970                CMU_ClockSelectGet
 .text.CMU_ClockSelectSet
                0x0000000000003b1c      0x240 ./gecko_sdk_3.2.3/platform/emlib/src/em_cmu.o
                0x0000000000003b1c                CMU_ClockSelectSet
 .text.CMU_OscillatorEnable
                0x0000000000003d5c       0xec ./gecko_sdk_3.2.3/platform/emlib/src/em_cmu.o
                0x0000000000003d5c                CMU_OscillatorEnable
 .text.CORE_EnterCritical
                0x0000000000003e48       0x18 ./gecko_sdk_3.2.3/platform/emlib/src/em_core.o
                0x0000000000003e48                CORE_EnterCritical
 .text.CORE_ExitCritical
                0x0000000000003e60       0x14 ./gecko_sdk_3.2.3/platform/emlib/src/em_core.o
                0x0000000000003e60                CORE_ExitCritical
 .text.CORE_EnterAtomic
                0x0000000000003e74       0x18 ./gecko_sdk_3.2.3/platform/emlib/src/em_core.o
                0x0000000000003e74                CORE_EnterAtomic
 .text.CORE_ExitAtomic
                0x0000000000003e8c       0x14 ./gecko_sdk_3.2.3/platform/emlib/src/em_core.o
                0x0000000000003e8c                CORE_ExitAtomic
 .text.GPIO_PinOutClear
                0x0000000000003ea0       0xb4 ./gecko_sdk_3.2.3/platform/emlib/src/em_gpio.o
 .text.GPIO_PinOutSet
                0x0000000000003f54       0xb4 ./gecko_sdk_3.2.3/platform/emlib/src/em_gpio.o
 .text.GPIO_PinModeSet
                0x0000000000004008      0x1ac ./gecko_sdk_3.2.3/platform/emlib/src/em_gpio.o
                0x0000000000004008                GPIO_PinModeSet
 .text.I2C_IntClear
                0x00000000000041b4       0x12 ./gecko_sdk_3.2.3/platform/emlib/src/em_i2c.o
 *fill*         0x00000000000041c6        0x2 
 .text.BUS_RegBitWrite
                0x00000000000041c8       0x4c ./gecko_sdk_3.2.3/platform/emlib/src/em_i2c.o
 .text.BUS_RegMaskedWrite
                0x0000000000004214       0x36 ./gecko_sdk_3.2.3/platform/emlib/src/em_i2c.o
 *fill*         0x000000000000424a        0x2 
 .text.I2C_BusFreqSet
                0x000000000000424c      0x1d0 ./gecko_sdk_3.2.3/platform/emlib/src/em_i2c.o
                0x000000000000424c                I2C_BusFreqSet
 .text.I2C_Enable
                0x000000000000441c       0x44 ./gecko_sdk_3.2.3/platform/emlib/src/em_i2c.o
                0x000000000000441c                I2C_Enable
 .text.I2C_Init
                0x0000000000004460       0x78 ./gecko_sdk_3.2.3/platform/emlib/src/em_i2c.o
                0x0000000000004460                I2C_Init
 .text.LEUART_Sync
                0x00000000000044d8       0x24 ./gecko_sdk_3.2.3/platform/emlib/src/em_leaurt.o
 .text.LEUART_BaudrateSet
                0x00000000000044fc       0xac ./gecko_sdk_3.2.3/platform/emlib/src/em_leaurt.o
                0x00000000000044fc                LEUART_BaudrateSet
 .text.LEUART_Enable
                0x00000000000045a8       0x68 ./gecko_sdk_3.2.3/platform/emlib/src/em_leaurt.o
                0x00000000000045a8                LEUART_Enable
 .text.LEUART_FreezeEnable
                0x0000000000004610       0x34 ./gecko_sdk_3.2.3/platform/emlib/src/em_leaurt.o
                0x0000000000004610                LEUART_FreezeEnable
 .text.LEUART_Init
                0x0000000000004644       0x88 ./gecko_sdk_3.2.3/platform/emlib/src/em_leaurt.o
                0x0000000000004644                LEUART_Init
 .text.RTC_CompareSet
                0x00000000000046cc       0x5c ./gecko_sdk_3.2.3/platform/emlib/src/em_rtc.o
                0x00000000000046cc                RTC_CompareSet
 .text.RTC_Init
                0x0000000000004728       0x48 ./gecko_sdk_3.2.3/platform/emlib/src/em_rtc.o
                0x0000000000004728                RTC_Init
 .text.TIMER_Valid
                0x0000000000004770       0x3c ./gecko_sdk_3.2.3/platform/emlib/src/em_timer.o
 .text.TIMER_Init
                0x00000000000047ac       0xf8 ./gecko_sdk_3.2.3/platform/emlib/src/em_timer.o
                0x00000000000047ac                TIMER_Init
 .text.TIMER_InitCC
                0x00000000000048a4       0xc8 ./gecko_sdk_3.2.3/platform/emlib/src/em_timer.o
                0x00000000000048a4                TIMER_InitCC
 .text.prsRxInput
                0x000000000000496c       0x24 ./gecko_sdk_3.2.3/platform/emlib/src/em_usart.o
 .text.USART_BaudrateSyncSet
                0x0000000000004990       0x7c ./gecko_sdk_3.2.3/platform/emlib/src/em_usart.o
                0x0000000000004990                USART_BaudrateSyncSet
 .text.USART_Enable
                0x0000000000004a0c       0x64 ./gecko_sdk_3.2.3/platform/emlib/src/em_usart.o
                0x0000000000004a0c                USART_Enable
 .text.USART_InitSync
                0x0000000000004a70       0xe8 ./gecko_sdk_3.2.3/platform/emlib/src/em_usart.o
                0x0000000000004a70                USART_InitSync
 .text.USART_Reset
                0x0000000000004b58       0xa8 ./gecko_sdk_3.2.3/platform/emlib/src/em_usart.o
                0x0000000000004b58                USART_Reset
 .text.sl_device_init_emu
                0x0000000000004c00        0x6 ./gecko_sdk_3.2.3/platform/service/device_init/src/sl_device_init_emu_s0.o
                0x0000000000004c00                sl_device_init_emu
 *fill*         0x0000000000004c06        0x2 
 .text.__NVIC_SetPriority
                0x0000000000004c08       0xec ./gecko_sdk_3.2.3/platform/service/device_init/src/sl_device_init_nvic.o
 .text.sl_device_init_nvic
                0x0000000000004cf4       0x46 ./gecko_sdk_3.2.3/platform/service/device_init/src/sl_device_init_nvic.o
                0x0000000000004cf4                sl_device_init_nvic
 *fill*         0x0000000000004d3a        0x2 
 .text.sl_sleeptimer_init
                0x0000000000004d3c       0xa8 ./gecko_sdk_3.2.3/platform/service/sleeptimer/src/sl_sleeptimer.o
                0x0000000000004d3c                sl_sleeptimer_init
 .text.sl_sleeptimer_start_periodic_timer
                0x0000000000004de4       0x60 ./gecko_sdk_3.2.3/platform/service/sleeptimer/src/sl_sleeptimer.o
                0x0000000000004de4                sl_sleeptimer_start_periodic_timer
 .text.sl_sleeptimer_is_timer_running
                0x0000000000004e44       0x6c ./gecko_sdk_3.2.3/platform/service/sleeptimer/src/sl_sleeptimer.o
                0x0000000000004e44                sl_sleeptimer_is_timer_running
 .text.sl_sleeptimer_ms32_to_tick
                0x0000000000004eb0       0x60 ./gecko_sdk_3.2.3/platform/service/sleeptimer/src/sl_sleeptimer.o
                0x0000000000004eb0                sl_sleeptimer_ms32_to_tick
 .text.process_timer_irq
                0x0000000000004f10      0x228 ./gecko_sdk_3.2.3/platform/service/sleeptimer/src/sl_sleeptimer.o
                0x0000000000004f10                process_timer_irq
 .text.delta_list_insert_timer
                0x0000000000005138       0xb0 ./gecko_sdk_3.2.3/platform/service/sleeptimer/src/sl_sleeptimer.o
 .text.delta_list_remove_timer
                0x00000000000051e8       0x74 ./gecko_sdk_3.2.3/platform/service/sleeptimer/src/sl_sleeptimer.o
 .text.set_comparator_for_next_timer
                0x000000000000525c       0x34 ./gecko_sdk_3.2.3/platform/service/sleeptimer/src/sl_sleeptimer.o
 .text.update_delta_list
                0x0000000000005290       0x70 ./gecko_sdk_3.2.3/platform/service/sleeptimer/src/sl_sleeptimer.o
 .text.create_timer
                0x0000000000005300       0xb0 ./gecko_sdk_3.2.3/platform/service/sleeptimer/src/sl_sleeptimer.o
 .text.update_next_timer_to_expire_is_power_manager
                0x00000000000053b0       0x58 ./gecko_sdk_3.2.3/platform/service/sleeptimer/src/sl_sleeptimer.o
 .text.__NVIC_EnableIRQ
                0x0000000000005408       0x34 ./gecko_sdk_3.2.3/platform/service/sleeptimer/src/sl_sleeptimer_hal_rtc.o
 .text.__NVIC_ClearPendingIRQ
                0x000000000000543c       0x38 ./gecko_sdk_3.2.3/platform/service/sleeptimer/src/sl_sleeptimer_hal_rtc.o
 .text.RTC_CounterGet
                0x0000000000005474        0xc ./gecko_sdk_3.2.3/platform/service/sleeptimer/src/sl_sleeptimer_hal_rtc.o
 .text.RTC_CounterSet
                0x0000000000005480       0x14 ./gecko_sdk_3.2.3/platform/service/sleeptimer/src/sl_sleeptimer_hal_rtc.o
 .text.RTC_IntClear
                0x0000000000005494       0x14 ./gecko_sdk_3.2.3/platform/service/sleeptimer/src/sl_sleeptimer_hal_rtc.o
 .text.RTC_IntDisable
                0x00000000000054a8       0x1c ./gecko_sdk_3.2.3/platform/service/sleeptimer/src/sl_sleeptimer_hal_rtc.o
 .text.RTC_IntEnable
                0x00000000000054c4       0x1c ./gecko_sdk_3.2.3/platform/service/sleeptimer/src/sl_sleeptimer_hal_rtc.o
 .text.RTC_IntGet
                0x00000000000054e0        0xc ./gecko_sdk_3.2.3/platform/service/sleeptimer/src/sl_sleeptimer_hal_rtc.o
 .text.sleeptimer_hal_init_timer
                0x00000000000054ec       0x64 ./gecko_sdk_3.2.3/platform/service/sleeptimer/src/sl_sleeptimer_hal_rtc.o
                0x00000000000054ec                sleeptimer_hal_init_timer
 .text.sleeptimer_hal_get_counter
                0x0000000000005550       0x50 ./gecko_sdk_3.2.3/platform/service/sleeptimer/src/sl_sleeptimer_hal_rtc.o
                0x0000000000005550                sleeptimer_hal_get_counter
 .text.sleeptimer_hal_set_compare
                0x00000000000055a0       0x94 ./gecko_sdk_3.2.3/platform/service/sleeptimer/src/sl_sleeptimer_hal_rtc.o
                0x00000000000055a0                sleeptimer_hal_set_compare
 .text.sleeptimer_hal_enable_int
                0x0000000000005634       0x60 ./gecko_sdk_3.2.3/platform/service/sleeptimer/src/sl_sleeptimer_hal_rtc.o
                0x0000000000005634                sleeptimer_hal_enable_int
 .text.sleeptimer_hal_disable_int
                0x0000000000005694       0x50 ./gecko_sdk_3.2.3/platform/service/sleeptimer/src/sl_sleeptimer_hal_rtc.o
                0x0000000000005694                sleeptimer_hal_disable_int
 .text.sleeptimer_hal_get_timer_frequency
                0x00000000000056e4       0x14 ./gecko_sdk_3.2.3/platform/service/sleeptimer/src/sl_sleeptimer_hal_rtc.o
                0x00000000000056e4                sleeptimer_hal_get_timer_frequency
 .text.RTC_IRQHandler
                0x00000000000056f8       0xd8 ./gecko_sdk_3.2.3/platform/service/sleeptimer/src/sl_sleeptimer_hal_rtc.o
                0x00000000000056f8                RTC_IRQHandler
 .text.get_time_diff
                0x00000000000057d0       0x12 ./gecko_sdk_3.2.3/platform/service/sleeptimer/src/sl_sleeptimer_hal_rtc.o
 .text.sl_system_init
                0x00000000000057e2       0x1a ./gecko_sdk_3.2.3/platform/service/system/src/sl_system_init.o
                0x00000000000057e2                sl_system_init
 .text.sl_system_process_action
                0x00000000000057fc       0x16 ./gecko_sdk_3.2.3/platform/service/system/src/sl_system_process_action.o
                0x00000000000057fc                sl_system_process_action
 *fill*         0x0000000000005812        0x2 
 .text          0x0000000000005814      0x114 /Applications/Simplicity Studio.app/Contents/Eclipse/developer/toolchains/gnu_arm/10.2_2020q4/bin/../lib/gcc/arm-none-eabi/10.2.1/thumb/v6-m/nofp/libgcc.a(_udivsi3.o)
                0x0000000000005814                __udivsi3
                0x0000000000005814                __aeabi_uidiv
                0x0000000000005920                __aeabi_uidivmod
 .text          0x0000000000005928        0x4 /Applications/Simplicity Studio.app/Contents/Eclipse/developer/toolchains/gnu_arm/10.2_2020q4/bin/../lib/gcc/arm-none-eabi/10.2.1/thumb/v6-m/nofp/libgcc.a(_dvmd_tls.o)
                0x0000000000005928                __aeabi_ldiv0
                0x0000000000005928                __aeabi_idiv0
 .text          0x000000000000592c       0x74 /Applications/Simplicity Studio.app/Contents/Eclipse/developer/toolchains/gnu_arm/10.2_2020q4/bin/../lib/gcc/arm-none-eabi/10.2.1/thumb/v6-m/nofp/libgcc.a(_arm_cmpsf2.o)
                0x000000000000592c                __aeabi_cfrcmple
                0x0000000000005934                __aeabi_cfcmple
                0x0000000000005934                __aeabi_cfcmpeq
                0x0000000000005944                __aeabi_fcmpeq
                0x0000000000005950                __aeabi_fcmplt
                0x0000000000005964                __aeabi_fcmple
                0x0000000000005978                __aeabi_fcmpgt
                0x000000000000598c                __aeabi_fcmpge
 .text          0x00000000000059a0       0x3c /Applications/Simplicity Studio.app/Contents/Eclipse/developer/toolchains/gnu_arm/10.2_2020q4/bin/../lib/gcc/arm-none-eabi/10.2.1/thumb/v6-m/nofp/libgcc.a(_clzsi2.o)
                0x00000000000059a0                __clzsi2
 .text          0x00000000000059dc       0x40 /Applications/Simplicity Studio.app/Contents/Eclipse/developer/toolchains/gnu_arm/10.2_2020q4/bin/../lib/gcc/arm-none-eabi/10.2.1/thumb/v6-m/nofp/libgcc.a(_aeabi_uldivmod.o)
                0x00000000000059dc                __aeabi_uldivmod
 .text          0x0000000000005a1c       0x5c /Applications/Simplicity Studio.app/Contents/Eclipse/developer/toolchains/gnu_arm/10.2_2020q4/bin/../lib/gcc/arm-none-eabi/10.2.1/thumb/v6-m/nofp/libgcc.a(_muldi3.o)
                0x0000000000005a1c                __aeabi_lmul
                0x0000000000005a1c                __muldi3
 .text          0x0000000000005a78       0x3c /Applications/Simplicity Studio.app/Contents/Eclipse/developer/toolchains/gnu_arm/10.2_2020q4/bin/../lib/gcc/arm-none-eabi/10.2.1/thumb/v6-m/nofp/libgcc.a(_fixunsdfsi.o)
                0x0000000000005a78                __fixunsdfsi
                0x0000000000005a78                __aeabi_d2uiz
 .text          0x0000000000005ab4      0x198 /Applications/Simplicity Studio.app/Contents/Eclipse/developer/toolchains/gnu_arm/10.2_2020q4/bin/../lib/gcc/arm-none-eabi/10.2.1/thumb/v6-m/nofp/libgcc.a(_udivmoddi4.o)
                0x0000000000005ab4                __udivmoddi4
 .text          0x0000000000005c4c      0x33c /Applications/Simplicity Studio.app/Contents/Eclipse/developer/toolchains/gnu_arm/10.2_2020q4/bin/../lib/gcc/arm-none-eabi/10.2.1/thumb/v6-m/nofp/libgcc.a(addsf3.o)
                0x0000000000005c4c                __aeabi_fadd
 .text          0x0000000000005f88      0x230 /Applications/Simplicity Studio.app/Contents/Eclipse/developer/toolchains/gnu_arm/10.2_2020q4/bin/../lib/gcc/arm-none-eabi/10.2.1/thumb/v6-m/nofp/libgcc.a(divsf3.o)
                0x0000000000005f88                __aeabi_fdiv
 .text          0x00000000000061b8       0x4c /Applications/Simplicity Studio.app/Contents/Eclipse/developer/toolchains/gnu_arm/10.2_2020q4/bin/../lib/gcc/arm-none-eabi/10.2.1/thumb/v6-m/nofp/libgcc.a(eqsf2.o)
                0x00000000000061b8                __nesf2
                0x00000000000061b8                __eqsf2
 .text          0x0000000000006204       0x8c /Applications/Simplicity Studio.app/Contents/Eclipse/developer/toolchains/gnu_arm/10.2_2020q4/bin/../lib/gcc/arm-none-eabi/10.2.1/thumb/v6-m/nofp/libgcc.a(gesf2.o)
                0x0000000000006204                __gtsf2
                0x0000000000006204                __gesf2
 .text          0x0000000000006290       0x88 /Applications/Simplicity Studio.app/Contents/Eclipse/developer/toolchains/gnu_arm/10.2_2020q4/bin/../lib/gcc/arm-none-eabi/10.2.1/thumb/v6-m/nofp/libgcc.a(lesf2.o)
                0x0000000000006290                __lesf2
                0x0000000000006290                __ltsf2
 .text          0x0000000000006318      0x24c /Applications/Simplicity Studio.app/Contents/Eclipse/developer/toolchains/gnu_arm/10.2_2020q4/bin/../lib/gcc/arm-none-eabi/10.2.1/thumb/v6-m/nofp/libgcc.a(mulsf3.o)
                0x0000000000006318                __aeabi_fmul
 .text          0x0000000000006564      0x35c /Applications/Simplicity Studio.app/Contents/Eclipse/developer/toolchains/gnu_arm/10.2_2020q4/bin/../lib/gcc/arm-none-eabi/10.2.1/thumb/v6-m/nofp/libgcc.a(subsf3.o)
                0x0000000000006564                __aeabi_fsub
 .text          0x00000000000068c0       0x40 /Applications/Simplicity Studio.app/Contents/Eclipse/developer/toolchains/gnu_arm/10.2_2020q4/bin/../lib/gcc/arm-none-eabi/10.2.1/thumb/v6-m/nofp/libgcc.a(fixsfsi.o)
                0x00000000000068c0                __aeabi_f2iz
 .text          0x0000000000006900       0x84 /Applications/Simplicity Studio.app/Contents/Eclipse/developer/toolchains/gnu_arm/10.2_2020q4/bin/../lib/gcc/arm-none-eabi/10.2.1/thumb/v6-m/nofp/libgcc.a(floatunsisf.o)
                0x0000000000006900                __aeabi_ui2f
 .text          0x0000000000006984      0x5ec /Applications/Simplicity Studio.app/Contents/Eclipse/developer/toolchains/gnu_arm/10.2_2020q4/bin/../lib/gcc/arm-none-eabi/10.2.1/thumb/v6-m/nofp/libgcc.a(divdf3.o)
                0x0000000000006984                __aeabi_ddiv
 .text          0x0000000000006f70      0x4dc /Applications/Simplicity Studio.app/Contents/Eclipse/developer/toolchains/gnu_arm/10.2_2020q4/bin/../lib/gcc/arm-none-eabi/10.2.1/thumb/v6-m/nofp/libgcc.a(muldf3.o)
                0x0000000000006f70                __aeabi_dmul
 .text          0x000000000000744c      0x724 /Applications/Simplicity Studio.app/Contents/Eclipse/developer/toolchains/gnu_arm/10.2_2020q4/bin/../lib/gcc/arm-none-eabi/10.2.1/thumb/v6-m/nofp/libgcc.a(subdf3.o)
                0x000000000000744c                __aeabi_dsub
 .text          0x0000000000007b70       0x6c /Applications/Simplicity Studio.app/Contents/Eclipse/developer/toolchains/gnu_arm/10.2_2020q4/bin/../lib/gcc/arm-none-eabi/10.2.1/thumb/v6-m/nofp/libgcc.a(fixdfsi.o)
                0x0000000000007b70                __aeabi_d2iz
 .text          0x0000000000007bdc       0x4c /Applications/Simplicity Studio.app/Contents/Eclipse/developer/toolchains/gnu_arm/10.2_2020q4/bin/../lib/gcc/arm-none-eabi/10.2.1/thumb/v6-m/nofp/libgcc.a(floatunsidf.o)
                0x0000000000007bdc                __aeabi_ui2d
 .text          0x0000000000007c28       0x7c /Applications/Simplicity Studio.app/Contents/Eclipse/developer/toolchains/gnu_arm/10.2_2020q4/bin/../lib/gcc/arm-none-eabi/10.2.1/thumb/v6-m/nofp/libgcc.a(_arm_cmpdf2.o)
                0x0000000000007c28                __aeabi_cdrcmple
                0x0000000000007c38                __aeabi_cdcmple
                0x0000000000007c38                __aeabi_cdcmpeq
                0x0000000000007c48                __aeabi_dcmpeq
                0x0000000000007c54                __aeabi_dcmplt
                0x0000000000007c68                __aeabi_dcmple
                0x0000000000007c7c                __aeabi_dcmpgt
                0x0000000000007c90                __aeabi_dcmpge
 .text          0x0000000000007ca4       0x18 /Applications/Simplicity Studio.app/Contents/Eclipse/developer/toolchains/gnu_arm/10.2_2020q4/bin/../lib/gcc/arm-none-eabi/10.2.1/thumb/v6-m/nofp/libgcc.a(_clzdi2.o)
                0x0000000000007ca4                __clzdi2
 .text          0x0000000000007cbc       0x84 /Applications/Simplicity Studio.app/Contents/Eclipse/developer/toolchains/gnu_arm/10.2_2020q4/bin/../lib/gcc/arm-none-eabi/10.2.1/thumb/v6-m/nofp/libgcc.a(eqdf2.o)
                0x0000000000007cbc                __eqdf2
                0x0000000000007cbc                __nedf2
 .text          0x0000000000007d40       0xcc /Applications/Simplicity Studio.app/Contents/Eclipse/developer/toolchains/gnu_arm/10.2_2020q4/bin/../lib/gcc/arm-none-eabi/10.2.1/thumb/v6-m/nofp/libgcc.a(gedf2.o)
                0x0000000000007d40                __gtdf2
                0x0000000000007d40                __gedf2
 .text          0x0000000000007e0c       0xc8 /Applications/Simplicity Studio.app/Contents/Eclipse/developer/toolchains/gnu_arm/10.2_2020q4/bin/../lib/gcc/arm-none-eabi/10.2.1/thumb/v6-m/nofp/libgcc.a(ledf2.o)
                0x0000000000007e0c                __ltdf2
                0x0000000000007e0c                __ledf2
 .text.atoi     0x0000000000007ed4        0xc /Applications/Simplicity Studio.app/Contents/Eclipse/developer/toolchains/gnu_arm/10.2_2020q4/bin/../lib/gcc/arm-none-eabi/10.2.1/../../../../arm-none-eabi/lib/thumb/v6-m/nofp/libc_nano.a(lib_a-atoi.o)
                0x0000000000007ed4                atoi
 .text.exit     0x0000000000007ee0       0x2c /Applications/Simplicity Studio.app/Contents/Eclipse/developer/toolchains/gnu_arm/10.2_2020q4/bin/../lib/gcc/arm-none-eabi/10.2.1/../../../../arm-none-eabi/lib/thumb/v6-m/nofp/libc_nano.a(lib_a-exit.o)
                0x0000000000007ee0                exit
 .text.__libc_init_array
                0x0000000000007f0c       0x48 /Applications/Simplicity Studio.app/Contents/Eclipse/developer/toolchains/gnu_arm/10.2_2020q4/bin/../lib/gcc/arm-none-eabi/10.2.1/../../../../arm-none-eabi/lib/thumb/v6-m/nofp/libc_nano.a(lib_a-init.o)
                0x0000000000007f0c                __libc_init_array
 .text.malloc   0x0000000000007f54       0x14 /Applications/Simplicity Studio.app/Contents/Eclipse/developer/toolchains/gnu_arm/10.2_2020q4/bin/../lib/gcc/arm-none-eabi/10.2.1/../../../../arm-none-eabi/lib/thumb/v6-m/nofp/libc_nano.a(lib_a-malloc.o)
                0x0000000000007f54                malloc
 .text.free     0x0000000000007f68       0x14 /Applications/Simplicity Studio.app/Contents/Eclipse/developer/toolchains/gnu_arm/10.2_2020q4/bin/../lib/gcc/arm-none-eabi/10.2.1/../../../../arm-none-eabi/lib/thumb/v6-m/nofp/libc_nano.a(lib_a-malloc.o)
                0x0000000000007f68                free
 .text.memset   0x0000000000007f7c       0x10 /Applications/Simplicity Studio.app/Contents/Eclipse/developer/toolchains/gnu_arm/10.2_2020q4/bin/../lib/gcc/arm-none-eabi/10.2.1/../../../../arm-none-eabi/lib/thumb/v6-m/nofp/libc_nano.a(lib_a-memset.o)
                0x0000000000007f7c                memset
 .text._free_r  0x0000000000007f8c       0x94 /Applications/Simplicity Studio.app/Contents/Eclipse/developer/toolchains/gnu_arm/10.2_2020q4/bin/../lib/gcc/arm-none-eabi/10.2.1/../../../../arm-none-eabi/lib/thumb/v6-m/nofp/libc_nano.a(lib_a-nano-freer.o)
                0x0000000000007f8c                _free_r
 .text._malloc_r
                0x0000000000008020       0xbc /Applications/Simplicity Studio.app/Contents/Eclipse/developer/toolchains/gnu_arm/10.2_2020q4/bin/../lib/gcc/arm-none-eabi/10.2.1/../../../../arm-none-eabi/lib/thumb/v6-m/nofp/libc_nano.a(lib_a-nano-mallocr.o)
                0x0000000000008020                _malloc_r
 .text._sbrk_r  0x00000000000080dc       0x24 /Applications/Simplicity Studio.app/Contents/Eclipse/developer/toolchains/gnu_arm/10.2_2020q4/bin/../lib/gcc/arm-none-eabi/10.2.1/../../../../arm-none-eabi/lib/thumb/v6-m/nofp/libc_nano.a(lib_a-sbrkr.o)
                0x00000000000080dc                _sbrk_r
 .text.sprintf  0x0000000000008100       0x40 /Applications/Simplicity Studio.app/Contents/Eclipse/developer/toolchains/gnu_arm/10.2_2020q4/bin/../lib/gcc/arm-none-eabi/10.2.1/../../../../arm-none-eabi/lib/thumb/v6-m/nofp/libc_nano.a(lib_a-sprintf.o)
                0x0000000000008100                sprintf
                0x0000000000008100                siprintf
 .text.strcat   0x0000000000008140       0x1a /Applications/Simplicity Studio.app/Contents/Eclipse/developer/toolchains/gnu_arm/10.2_2020q4/bin/../lib/gcc/arm-none-eabi/10.2.1/../../../../arm-none-eabi/lib/thumb/v6-m/nofp/libc_nano.a(lib_a-strcat.o)
                0x0000000000008140                strcat
 .text.strcpy   0x000000000000815a       0x10 /Applications/Simplicity Studio.app/Contents/Eclipse/developer/toolchains/gnu_arm/10.2_2020q4/bin/../lib/gcc/arm-none-eabi/10.2.1/../../../../arm-none-eabi/lib/thumb/v6-m/nofp/libc_nano.a(lib_a-strcpy.o)
                0x000000000000815a                strcpy
 .text          0x000000000000816a        0xe /Applications/Simplicity Studio.app/Contents/Eclipse/developer/toolchains/gnu_arm/10.2_2020q4/bin/../lib/gcc/arm-none-eabi/10.2.1/../../../../arm-none-eabi/lib/thumb/v6-m/nofp/libc_nano.a(lib_a-strlen.o)
                0x000000000000816a                strlen
 .text.strtok   0x0000000000008178       0x68 /Applications/Simplicity Studio.app/Contents/Eclipse/developer/toolchains/gnu_arm/10.2_2020q4/bin/../lib/gcc/arm-none-eabi/10.2.1/../../../../arm-none-eabi/lib/thumb/v6-m/nofp/libc_nano.a(lib_a-strtok.o)
                0x0000000000008178                strtok
 .text.__strtok_r
                0x00000000000081e0       0x5e /Applications/Simplicity Studio.app/Contents/Eclipse/developer/toolchains/gnu_arm/10.2_2020q4/bin/../lib/gcc/arm-none-eabi/10.2.1/../../../../arm-none-eabi/lib/thumb/v6-m/nofp/libc_nano.a(lib_a-strtok_r.o)
                0x00000000000081e0                __strtok_r
 *fill*         0x000000000000823e        0x2 
 .text._strtol_l.constprop.0
                0x0000000000008240      0x11c /Applications/Simplicity Studio.app/Contents/Eclipse/developer/toolchains/gnu_arm/10.2_2020q4/bin/../lib/gcc/arm-none-eabi/10.2.1/../../../../arm-none-eabi/lib/thumb/v6-m/nofp/libc_nano.a(lib_a-strtol.o)
 .text.strtol   0x000000000000835c       0x18 /Applications/Simplicity Studio.app/Contents/Eclipse/developer/toolchains/gnu_arm/10.2_2020q4/bin/../lib/gcc/arm-none-eabi/10.2.1/../../../../arm-none-eabi/lib/thumb/v6-m/nofp/libc_nano.a(lib_a-strtol.o)
                0x000000000000835c                strtol
 .text.__assert_func
                0x0000000000008374       0x3c /Applications/Simplicity Studio.app/Contents/Eclipse/developer/toolchains/gnu_arm/10.2_2020q4/bin/../lib/gcc/arm-none-eabi/10.2.1/../../../../arm-none-eabi/lib/thumb/v6-m/nofp/libc_nano.a(lib_a-assert.o)
                0x0000000000008374                __assert_func
 .text.__errno  0x00000000000083b0        0xc /Applications/Simplicity Studio.app/Contents/Eclipse/developer/toolchains/gnu_arm/10.2_2020q4/bin/../lib/gcc/arm-none-eabi/10.2.1/../../../../arm-none-eabi/lib/thumb/v6-m/nofp/libc_nano.a(lib_a-errno.o)
                0x00000000000083b0                __errno
 .text.fprintf  0x00000000000083bc       0x20 /Applications/Simplicity Studio.app/Contents/Eclipse/developer/toolchains/gnu_arm/10.2_2020q4/bin/../lib/gcc/arm-none-eabi/10.2.1/../../../../arm-none-eabi/lib/thumb/v6-m/nofp/libc_nano.a(lib_a-fprintf.o)
                0x00000000000083bc                fprintf
                0x00000000000083bc                fiprintf
 .text.__malloc_lock
                0x00000000000083dc       0x10 /Applications/Simplicity Studio.app/Contents/Eclipse/developer/toolchains/gnu_arm/10.2_2020q4/bin/../lib/gcc/arm-none-eabi/10.2.1/../../../../arm-none-eabi/lib/thumb/v6-m/nofp/libc_nano.a(lib_a-mlock.o)
                0x00000000000083dc                __malloc_lock
 .text.__malloc_unlock
                0x00000000000083ec       0x10 /Applications/Simplicity Studio.app/Contents/Eclipse/developer/toolchains/gnu_arm/10.2_2020q4/bin/../lib/gcc/arm-none-eabi/10.2.1/../../../../arm-none-eabi/lib/thumb/v6-m/nofp/libc_nano.a(lib_a-mlock.o)
                0x00000000000083ec                __malloc_unlock
 .text.__ssputs_r
                0x00000000000083fc       0xc4 /Applications/Simplicity Studio.app/Contents/Eclipse/developer/toolchains/gnu_arm/10.2_2020q4/bin/../lib/gcc/arm-none-eabi/10.2.1/../../../../arm-none-eabi/lib/thumb/v6-m/nofp/libc_nano.a(lib_a-nano-svfprintf.o)
                0x00000000000083fc                __ssputs_r
 .text._svfprintf_r
                0x00000000000084c0      0x200 /Applications/Simplicity Studio.app/Contents/Eclipse/developer/toolchains/gnu_arm/10.2_2020q4/bin/../lib/gcc/arm-none-eabi/10.2.1/../../../../arm-none-eabi/lib/thumb/v6-m/nofp/libc_nano.a(lib_a-nano-svfprintf.o)
                0x00000000000084c0                _svfprintf_r
                0x00000000000084c0                _svfiprintf_r
 .text.__sfputc_r
                0x00000000000086c0       0x2a /Applications/Simplicity Studio.app/Contents/Eclipse/developer/toolchains/gnu_arm/10.2_2020q4/bin/../lib/gcc/arm-none-eabi/10.2.1/../../../../arm-none-eabi/lib/thumb/v6-m/nofp/libc_nano.a(lib_a-nano-vfprintf.o)
 .text.__sfputs_r
                0x00000000000086ea       0x24 /Applications/Simplicity Studio.app/Contents/Eclipse/developer/toolchains/gnu_arm/10.2_2020q4/bin/../lib/gcc/arm-none-eabi/10.2.1/../../../../arm-none-eabi/lib/thumb/v6-m/nofp/libc_nano.a(lib_a-nano-vfprintf.o)
                0x00000000000086ea                __sfputs_r
 *fill*         0x000000000000870e        0x2 
 .text._vfprintf_r
                0x0000000000008710      0x274 /Applications/Simplicity Studio.app/Contents/Eclipse/developer/toolchains/gnu_arm/10.2_2020q4/bin/../lib/gcc/arm-none-eabi/10.2.1/../../../../arm-none-eabi/lib/thumb/v6-m/nofp/libc_nano.a(lib_a-nano-vfprintf.o)
                0x0000000000008710                _vfiprintf_r
                0x0000000000008710                _vfprintf_r
 .text._printf_common
                0x0000000000008984       0xde /Applications/Simplicity Studio.app/Contents/Eclipse/developer/toolchains/gnu_arm/10.2_2020q4/bin/../lib/gcc/arm-none-eabi/10.2.1/../../../../arm-none-eabi/lib/thumb/v6-m/nofp/libc_nano.a(lib_a-nano-vfprintf_i.o)
                0x0000000000008984                _printf_common
 *fill*         0x0000000000008a62        0x2 
 .text._printf_i
                0x0000000000008a64      0x224 /Applications/Simplicity Studio.app/Contents/Eclipse/developer/toolchains/gnu_arm/10.2_2020q4/bin/../lib/gcc/arm-none-eabi/10.2.1/../../../../arm-none-eabi/lib/thumb/v6-m/nofp/libc_nano.a(lib_a-nano-vfprintf_i.o)
                0x0000000000008a64                _printf_i
 .text.__swbuf_r
                0x0000000000008c88       0xac /Applications/Simplicity Studio.app/Contents/Eclipse/developer/toolchains/gnu_arm/10.2_2020q4/bin/../lib/gcc/arm-none-eabi/10.2.1/../../../../arm-none-eabi/lib/thumb/v6-m/nofp/libc_nano.a(lib_a-wbuf.o)
                0x0000000000008c88                __swbuf_r
 .text.__swsetup_r
                0x0000000000008d34       0xf0 /Applications/Simplicity Studio.app/Contents/Eclipse/developer/toolchains/gnu_arm/10.2_2020q4/bin/../lib/gcc/arm-none-eabi/10.2.1/../../../../arm-none-eabi/lib/thumb/v6-m/nofp/libc_nano.a(lib_a-wsetup.o)
                0x0000000000008d34                __swsetup_r
 .text.abort    0x0000000000008e24        0xe /Applications/Simplicity Studio.app/Contents/Eclipse/developer/toolchains/gnu_arm/10.2_2020q4/bin/../lib/gcc/arm-none-eabi/10.2.1/../../../../arm-none-eabi/lib/thumb/v6-m/nofp/libc_nano.a(lib_a-abort.o)
                0x0000000000008e24                abort
 *fill*         0x0000000000008e32        0x2 
 .text.__sflush_r
                0x0000000000008e34      0x118 /Applications/Simplicity Studio.app/Contents/Eclipse/developer/toolchains/gnu_arm/10.2_2020q4/bin/../lib/gcc/arm-none-eabi/10.2.1/../../../../arm-none-eabi/lib/thumb/v6-m/nofp/libc_nano.a(lib_a-fflush.o)
                0x0000000000008e34                __sflush_r
 .text._fflush_r
                0x0000000000008f4c       0x80 /Applications/Simplicity Studio.app/Contents/Eclipse/developer/toolchains/gnu_arm/10.2_2020q4/bin/../lib/gcc/arm-none-eabi/10.2.1/../../../../arm-none-eabi/lib/thumb/v6-m/nofp/libc_nano.a(lib_a-fflush.o)
                0x0000000000008f4c                _fflush_r
 .text.std      0x0000000000008fcc       0x48 /Applications/Simplicity Studio.app/Contents/Eclipse/developer/toolchains/gnu_arm/10.2_2020q4/bin/../lib/gcc/arm-none-eabi/10.2.1/../../../../arm-none-eabi/lib/thumb/v6-m/nofp/libc_nano.a(lib_a-findfp.o)
 .text._cleanup_r
                0x0000000000009014       0x10 /Applications/Simplicity Studio.app/Contents/Eclipse/developer/toolchains/gnu_arm/10.2_2020q4/bin/../lib/gcc/arm-none-eabi/10.2.1/../../../../arm-none-eabi/lib/thumb/v6-m/nofp/libc_nano.a(lib_a-findfp.o)
                0x0000000000009014                _cleanup_r
 .text.__sfmoreglue
                0x0000000000009024       0x2c /Applications/Simplicity Studio.app/Contents/Eclipse/developer/toolchains/gnu_arm/10.2_2020q4/bin/../lib/gcc/arm-none-eabi/10.2.1/../../../../arm-none-eabi/lib/thumb/v6-m/nofp/libc_nano.a(lib_a-findfp.o)
                0x0000000000009024                __sfmoreglue
 .text.__sfp_lock_acquire
                0x0000000000009050       0x10 /Applications/Simplicity Studio.app/Contents/Eclipse/developer/toolchains/gnu_arm/10.2_2020q4/bin/../lib/gcc/arm-none-eabi/10.2.1/../../../../arm-none-eabi/lib/thumb/v6-m/nofp/libc_nano.a(lib_a-findfp.o)
                0x0000000000009050                __sfp_lock_acquire
 .text.__sfp_lock_release
                0x0000000000009060       0x10 /Applications/Simplicity Studio.app/Contents/Eclipse/developer/toolchains/gnu_arm/10.2_2020q4/bin/../lib/gcc/arm-none-eabi/10.2.1/../../../../arm-none-eabi/lib/thumb/v6-m/nofp/libc_nano.a(lib_a-findfp.o)
                0x0000000000009060                __sfp_lock_release
 .text.__sinit_lock_acquire
                0x0000000000009070       0x10 /Applications/Simplicity Studio.app/Contents/Eclipse/developer/toolchains/gnu_arm/10.2_2020q4/bin/../lib/gcc/arm-none-eabi/10.2.1/../../../../arm-none-eabi/lib/thumb/v6-m/nofp/libc_nano.a(lib_a-findfp.o)
                0x0000000000009070                __sinit_lock_acquire
 .text.__sinit_lock_release
                0x0000000000009080       0x10 /Applications/Simplicity Studio.app/Contents/Eclipse/developer/toolchains/gnu_arm/10.2_2020q4/bin/../lib/gcc/arm-none-eabi/10.2.1/../../../../arm-none-eabi/lib/thumb/v6-m/nofp/libc_nano.a(lib_a-findfp.o)
                0x0000000000009080                __sinit_lock_release
 .text.__sinit  0x0000000000009090       0x70 /Applications/Simplicity Studio.app/Contents/Eclipse/developer/toolchains/gnu_arm/10.2_2020q4/bin/../lib/gcc/arm-none-eabi/10.2.1/../../../../arm-none-eabi/lib/thumb/v6-m/nofp/libc_nano.a(lib_a-findfp.o)
                0x0000000000009090                __sinit
 .text.__sfp    0x0000000000009100       0x90 /Applications/Simplicity Studio.app/Contents/Eclipse/developer/toolchains/gnu_arm/10.2_2020q4/bin/../lib/gcc/arm-none-eabi/10.2.1/../../../../arm-none-eabi/lib/thumb/v6-m/nofp/libc_nano.a(lib_a-findfp.o)
                0x0000000000009100                __sfp
 .text._fwalk_reent
                0x0000000000009190       0x40 /Applications/Simplicity Studio.app/Contents/Eclipse/developer/toolchains/gnu_arm/10.2_2020q4/bin/../lib/gcc/arm-none-eabi/10.2.1/../../../../arm-none-eabi/lib/thumb/v6-m/nofp/libc_nano.a(lib_a-fwalk.o)
                0x0000000000009190                _fwalk_reent
 .text.__retarget_lock_init_recursive
                0x00000000000091d0        0x2 /Applications/Simplicity Studio.app/Contents/Eclipse/developer/toolchains/gnu_arm/10.2_2020q4/bin/../lib/gcc/arm-none-eabi/10.2.1/../../../../arm-none-eabi/lib/thumb/v6-m/nofp/libc_nano.a(lib_a-lock.o)
                0x00000000000091d0                __retarget_lock_init_recursive
 .text.__retarget_lock_acquire_recursive
                0x00000000000091d2        0x2 /Applications/Simplicity Studio.app/Contents/Eclipse/developer/toolchains/gnu_arm/10.2_2020q4/bin/../lib/gcc/arm-none-eabi/10.2.1/../../../../arm-none-eabi/lib/thumb/v6-m/nofp/libc_nano.a(lib_a-lock.o)
                0x00000000000091d2                __retarget_lock_acquire_recursive
 .text.__retarget_lock_release_recursive
                0x00000000000091d4        0x2 /Applications/Simplicity Studio.app/Contents/Eclipse/developer/toolchains/gnu_arm/10.2_2020q4/bin/../lib/gcc/arm-none-eabi/10.2.1/../../../../arm-none-eabi/lib/thumb/v6-m/nofp/libc_nano.a(lib_a-lock.o)
                0x00000000000091d4                __retarget_lock_release_recursive
 *fill*         0x00000000000091d6        0x2 
 .text.__swhatbuf_r
                0x00000000000091d8       0x50 /Applications/Simplicity Studio.app/Contents/Eclipse/developer/toolchains/gnu_arm/10.2_2020q4/bin/../lib/gcc/arm-none-eabi/10.2.1/../../../../arm-none-eabi/lib/thumb/v6-m/nofp/libc_nano.a(lib_a-makebuf.o)
                0x00000000000091d8                __swhatbuf_r
 .text.__smakebuf_r
                0x0000000000009228       0x88 /Applications/Simplicity Studio.app/Contents/Eclipse/developer/toolchains/gnu_arm/10.2_2020q4/bin/../lib/gcc/arm-none-eabi/10.2.1/../../../../arm-none-eabi/lib/thumb/v6-m/nofp/libc_nano.a(lib_a-makebuf.o)
                0x0000000000009228                __smakebuf_r
 .text.memchr   0x00000000000092b0       0x16 /Applications/Simplicity Studio.app/Contents/Eclipse/developer/toolchains/gnu_arm/10.2_2020q4/bin/../lib/gcc/arm-none-eabi/10.2.1/../../../../arm-none-eabi/lib/thumb/v6-m/nofp/libc_nano.a(lib_a-memchr-stub.o)
                0x00000000000092b0                memchr
 .text.memcpy   0x00000000000092c6       0x12 /Applications/Simplicity Studio.app/Contents/Eclipse/developer/toolchains/gnu_arm/10.2_2020q4/bin/../lib/gcc/arm-none-eabi/10.2.1/../../../../arm-none-eabi/lib/thumb/v6-m/nofp/libc_nano.a(lib_a-memcpy-stub.o)
                0x00000000000092c6                memcpy
 .text.memmove  0x00000000000092d8       0x26 /Applications/Simplicity Studio.app/Contents/Eclipse/developer/toolchains/gnu_arm/10.2_2020q4/bin/../lib/gcc/arm-none-eabi/10.2.1/../../../../arm-none-eabi/lib/thumb/v6-m/nofp/libc_nano.a(lib_a-memmove.o)
                0x00000000000092d8                memmove
 .text._realloc_r
                0x00000000000092fe       0x4c /Applications/Simplicity Studio.app/Contents/Eclipse/developer/toolchains/gnu_arm/10.2_2020q4/bin/../lib/gcc/arm-none-eabi/10.2.1/../../../../arm-none-eabi/lib/thumb/v6-m/nofp/libc_nano.a(lib_a-nano-reallocr.o)
                0x00000000000092fe                _realloc_r
 .text._raise_r
                0x000000000000934a       0x54 /Applications/Simplicity Studio.app/Contents/Eclipse/developer/toolchains/gnu_arm/10.2_2020q4/bin/../lib/gcc/arm-none-eabi/10.2.1/../../../../arm-none-eabi/lib/thumb/v6-m/nofp/libc_nano.a(lib_a-signal.o)
                0x000000000000934a                _raise_r
 *fill*         0x000000000000939e        0x2 
 .text.raise    0x00000000000093a0       0x14 /Applications/Simplicity Studio.app/Contents/Eclipse/developer/toolchains/gnu_arm/10.2_2020q4/bin/../lib/gcc/arm-none-eabi/10.2.1/../../../../arm-none-eabi/lib/thumb/v6-m/nofp/libc_nano.a(lib_a-signal.o)
                0x00000000000093a0                raise
 .text._kill_r  0x00000000000093b4       0x24 /Applications/Simplicity Studio.app/Contents/Eclipse/developer/toolchains/gnu_arm/10.2_2020q4/bin/../lib/gcc/arm-none-eabi/10.2.1/../../../../arm-none-eabi/lib/thumb/v6-m/nofp/libc_nano.a(lib_a-signalr.o)
                0x00000000000093b4                _kill_r
 .text._getpid_r
                0x00000000000093d8        0x8 /Applications/Simplicity Studio.app/Contents/Eclipse/developer/toolchains/gnu_arm/10.2_2020q4/bin/../lib/gcc/arm-none-eabi/10.2.1/../../../../arm-none-eabi/lib/thumb/v6-m/nofp/libc_nano.a(lib_a-signalr.o)
                0x00000000000093d8                _getpid_r
 .text.__sread  0x00000000000093e0       0x28 /Applications/Simplicity Studio.app/Contents/Eclipse/developer/toolchains/gnu_arm/10.2_2020q4/bin/../lib/gcc/arm-none-eabi/10.2.1/../../../../arm-none-eabi/lib/thumb/v6-m/nofp/libc_nano.a(lib_a-stdio.o)
                0x00000000000093e0                __sread
 .text.__swrite
                0x0000000000009408       0x38 /Applications/Simplicity Studio.app/Contents/Eclipse/developer/toolchains/gnu_arm/10.2_2020q4/bin/../lib/gcc/arm-none-eabi/10.2.1/../../../../arm-none-eabi/lib/thumb/v6-m/nofp/libc_nano.a(lib_a-stdio.o)
                0x0000000000009408                __swrite
 .text.__sseek  0x0000000000009440       0x2c /Applications/Simplicity Studio.app/Contents/Eclipse/developer/toolchains/gnu_arm/10.2_2020q4/bin/../lib/gcc/arm-none-eabi/10.2.1/../../../../arm-none-eabi/lib/thumb/v6-m/nofp/libc_nano.a(lib_a-stdio.o)
                0x0000000000009440                __sseek
 .text.__sclose
                0x000000000000946c        0xc /Applications/Simplicity Studio.app/Contents/Eclipse/developer/toolchains/gnu_arm/10.2_2020q4/bin/../lib/gcc/arm-none-eabi/10.2.1/../../../../arm-none-eabi/lib/thumb/v6-m/nofp/libc_nano.a(lib_a-stdio.o)
                0x000000000000946c                __sclose
 .text._write_r
                0x0000000000009478       0x28 /Applications/Simplicity Studio.app/Contents/Eclipse/developer/toolchains/gnu_arm/10.2_2020q4/bin/../lib/gcc/arm-none-eabi/10.2.1/../../../../arm-none-eabi/lib/thumb/v6-m/nofp/libc_nano.a(lib_a-writer.o)
                0x0000000000009478                _write_r
 .text._close_r
                0x00000000000094a0       0x24 /Applications/Simplicity Studio.app/Contents/Eclipse/developer/toolchains/gnu_arm/10.2_2020q4/bin/../lib/gcc/arm-none-eabi/10.2.1/../../../../arm-none-eabi/lib/thumb/v6-m/nofp/libc_nano.a(lib_a-closer.o)
                0x00000000000094a0                _close_r
 .text._fstat_r
                0x00000000000094c4       0x24 /Applications/Simplicity Studio.app/Contents/Eclipse/developer/toolchains/gnu_arm/10.2_2020q4/bin/../lib/gcc/arm-none-eabi/10.2.1/../../../../arm-none-eabi/lib/thumb/v6-m/nofp/libc_nano.a(lib_a-fstatr.o)
                0x00000000000094c4                _fstat_r
 .text._isatty_r
                0x00000000000094e8       0x24 /Applications/Simplicity Studio.app/Contents/Eclipse/developer/toolchains/gnu_arm/10.2_2020q4/bin/../lib/gcc/arm-none-eabi/10.2.1/../../../../arm-none-eabi/lib/thumb/v6-m/nofp/libc_nano.a(lib_a-isattyr.o)
                0x00000000000094e8                _isatty_r
 .text._lseek_r
                0x000000000000950c       0x28 /Applications/Simplicity Studio.app/Contents/Eclipse/developer/toolchains/gnu_arm/10.2_2020q4/bin/../lib/gcc/arm-none-eabi/10.2.1/../../../../arm-none-eabi/lib/thumb/v6-m/nofp/libc_nano.a(lib_a-lseekr.o)
                0x000000000000950c                _lseek_r
 .text._malloc_usable_size_r
                0x0000000000009534       0x10 /Applications/Simplicity Studio.app/Contents/Eclipse/developer/toolchains/gnu_arm/10.2_2020q4/bin/../lib/gcc/arm-none-eabi/10.2.1/../../../../arm-none-eabi/lib/thumb/v6-m/nofp/libc_nano.a(lib_a-nano-msizer.o)
                0x0000000000009534                _malloc_usable_size_r
 .text._read_r  0x0000000000009544       0x28 /Applications/Simplicity Studio.app/Contents/Eclipse/developer/toolchains/gnu_arm/10.2_2020q4/bin/../lib/gcc/arm-none-eabi/10.2.1/../../../../arm-none-eabi/lib/thumb/v6-m/nofp/libc_nano.a(lib_a-readr.o)
                0x0000000000009544                _read_r
 .text._close   0x000000000000956c       0x10 /Applications/Simplicity Studio.app/Contents/Eclipse/developer/toolchains/gnu_arm/10.2_2020q4/bin/../lib/gcc/arm-none-eabi/10.2.1/../../../../arm-none-eabi/lib/thumb/v6-m/nofp/libnosys.a(close.o)
                0x000000000000956c                _close
 .text._fstat   0x000000000000957c       0x10 /Applications/Simplicity Studio.app/Contents/Eclipse/developer/toolchains/gnu_arm/10.2_2020q4/bin/../lib/gcc/arm-none-eabi/10.2.1/../../../../arm-none-eabi/lib/thumb/v6-m/nofp/libnosys.a(fstat.o)
                0x000000000000957c                _fstat
 .text._getpid  0x000000000000958c       0x10 /Applications/Simplicity Studio.app/Contents/Eclipse/developer/toolchains/gnu_arm/10.2_2020q4/bin/../lib/gcc/arm-none-eabi/10.2.1/../../../../arm-none-eabi/lib/thumb/v6-m/nofp/libnosys.a(getpid.o)
                0x000000000000958c                _getpid
 .text._isatty  0x000000000000959c       0x10 /Applications/Simplicity Studio.app/Contents/Eclipse/developer/toolchains/gnu_arm/10.2_2020q4/bin/../lib/gcc/arm-none-eabi/10.2.1/../../../../arm-none-eabi/lib/thumb/v6-m/nofp/libnosys.a(isatty.o)
                0x000000000000959c                _isatty
 .text._kill    0x00000000000095ac       0x10 /Applications/Simplicity Studio.app/Contents/Eclipse/developer/toolchains/gnu_arm/10.2_2020q4/bin/../lib/gcc/arm-none-eabi/10.2.1/../../../../arm-none-eabi/lib/thumb/v6-m/nofp/libnosys.a(kill.o)
                0x00000000000095ac                _kill
 .text._lseek   0x00000000000095bc       0x10 /Applications/Simplicity Studio.app/Contents/Eclipse/developer/toolchains/gnu_arm/10.2_2020q4/bin/../lib/gcc/arm-none-eabi/10.2.1/../../../../arm-none-eabi/lib/thumb/v6-m/nofp/libnosys.a(lseek.o)
                0x00000000000095bc                _lseek
 .text._read    0x00000000000095cc       0x10 /Applications/Simplicity Studio.app/Contents/Eclipse/developer/toolchains/gnu_arm/10.2_2020q4/bin/../lib/gcc/arm-none-eabi/10.2.1/../../../../arm-none-eabi/lib/thumb/v6-m/nofp/libnosys.a(read.o)
                0x00000000000095cc                _read
 .text._write   0x00000000000095dc       0x10 /Applications/Simplicity Studio.app/Contents/Eclipse/developer/toolchains/gnu_arm/10.2_2020q4/bin/../lib/gcc/arm-none-eabi/10.2.1/../../../../arm-none-eabi/lib/thumb/v6-m/nofp/libnosys.a(write.o)
                0x00000000000095dc                _write
 .text._exit    0x00000000000095ec        0x4 /Applications/Simplicity Studio.app/Contents/Eclipse/developer/toolchains/gnu_arm/10.2_2020q4/bin/../lib/gcc/arm-none-eabi/10.2.1/../../../../arm-none-eabi/lib/thumb/v6-m/nofp/libnosys.a(_exit.o)
                0x00000000000095ec                _exit
 .text          0x00000000000095f0       0x14 /Applications/Simplicity Studio.app/Contents/Eclipse/developer/toolchains/gnu_arm/10.2_2020q4/bin/../lib/gcc/arm-none-eabi/10.2.1/thumb/v6-m/nofp/libgcc.a(_thumb1_case_shi.o)
                0x00000000000095f0                __gnu_thumb1_case_shi
                0x0000000000009604                linker_code_end = .
 *(.init)
 .init          0x0000000000009604        0x4 /Applications/Simplicity Studio.app/Contents/Eclipse/developer/toolchains/gnu_arm/10.2_2020q4/bin/../lib/gcc/arm-none-eabi/10.2.1/thumb/v6-m/nofp/crti.o
                0x0000000000009604                _init
 .init          0x0000000000009608        0x8 /Applications/Simplicity Studio.app/Contents/Eclipse/developer/toolchains/gnu_arm/10.2_2020q4/bin/../lib/gcc/arm-none-eabi/10.2.1/thumb/v6-m/nofp/crtn.o
 *(.fini)
 .fini          0x0000000000009610        0x4 /Applications/Simplicity Studio.app/Contents/Eclipse/developer/toolchains/gnu_arm/10.2_2020q4/bin/../lib/gcc/arm-none-eabi/10.2.1/thumb/v6-m/nofp/crti.o
                0x0000000000009610                _fini
 .fini          0x0000000000009614        0x8 /Applications/Simplicity Studio.app/Contents/Eclipse/developer/toolchains/gnu_arm/10.2_2020q4/bin/../lib/gcc/arm-none-eabi/10.2.1/thumb/v6-m/nofp/crtn.o
 *crtbegin.o(.ctors)
 *crtbegin?.o(.ctors)
 *(EXCLUDE_FILE(*crtend.o *crtend?.o) .ctors)
 *(SORT_BY_NAME(.ctors.*))
 *(.ctors)
 *crtbegin.o(.dtors)
 *crtbegin?.o(.dtors)
 *(EXCLUDE_FILE(*crtend.o *crtend?.o) .dtors)
 *(SORT_BY_NAME(.dtors.*))
 *(.dtors)
 *(.rodata*)
 .rodata        0x000000000000961c        0xc ./app.o
 .rodata        0x0000000000009628        0x9 ./i2c.o
 *fill*         0x0000000000009631        0x3 
 .rodata        0x0000000000009634       0x12 ./leuart.o
 *fill*         0x0000000000009646        0x2 
 .rodata        0x0000000000009648        0xd ./mfrc522.o
 *fill*         0x0000000000009655        0x3 
 .rodata        0x0000000000009658       0x77 ./motor.o
 *fill*         0x00000000000096cf        0x1 
 .rodata.execute_cmd
                0x00000000000096d0       0x30 ./motor.o
 .rodata        0x0000000000009700        0x7 ./path.o
 *fill*         0x0000000000009707        0x1 
 .rodata        0x0000000000009708       0xef ./timer.o
 *fill*         0x00000000000097f7        0x1 
 .rodata        0x00000000000097f8       0x9c ./usart.o
 .rodata.sl_led_led0
                0x0000000000009894       0x18 ./autogen/sl_simple_led_instances.o
                0x0000000000009894                sl_led_led0
 .rodata        0x00000000000098ac       0x77 ./gecko_sdk_3.2.3/platform/driver/leddrv/src/sl_simple_led.o
 *fill*         0x0000000000009923        0x1 
 .rodata        0x0000000000009924      0x1e1 ./gecko_sdk_3.2.3/platform/emlib/src/em_cmu.o
 *fill*         0x0000000000009b05        0x3 
 .rodata.CMU_ClockDivGet
                0x0000000000009b08       0x38 ./gecko_sdk_3.2.3/platform/emlib/src/em_cmu.o
 .rodata.CMU_ClockDivSet
                0x0000000000009b40       0x38 ./gecko_sdk_3.2.3/platform/emlib/src/em_cmu.o
 .rodata.CMU_ClockEnable
                0x0000000000009b78       0x2c ./gecko_sdk_3.2.3/platform/emlib/src/em_cmu.o
 .rodata.CMU_ClockSelectGet
                0x0000000000009ba4       0x1c ./gecko_sdk_3.2.3/platform/emlib/src/em_cmu.o
 .rodata.CMU_ClockSelectSet
                0x0000000000009bc0       0x68 ./gecko_sdk_3.2.3/platform/emlib/src/em_cmu.o
 .rodata.CMU_OscillatorEnable
                0x0000000000009c28       0x18 ./gecko_sdk_3.2.3/platform/emlib/src/em_cmu.o
 .rodata        0x0000000000009c40      0x166 ./gecko_sdk_3.2.3/platform/emlib/src/em_gpio.o
 *fill*         0x0000000000009da6        0x2 
 .rodata        0x0000000000009da8       0xa7 ./gecko_sdk_3.2.3/platform/emlib/src/em_i2c.o
 *fill*         0x0000000000009e4f        0x1 
 .rodata.i2cNSum
                0x0000000000009e50        0x4 ./gecko_sdk_3.2.3/platform/emlib/src/em_i2c.o
 .rodata        0x0000000000009e54       0x32 ./gecko_sdk_3.2.3/platform/emlib/src/em_leaurt.o
 *fill*         0x0000000000009e86        0x2 
 .rodata        0x0000000000009e88       0xed ./gecko_sdk_3.2.3/platform/emlib/src/em_rtc.o
 *fill*         0x0000000000009f75        0x3 
 .rodata        0x0000000000009f78       0xa9 ./gecko_sdk_3.2.3/platform/emlib/src/em_timer.o
 *fill*         0x000000000000a021        0x3 
 .rodata        0x000000000000a024       0x31 ./gecko_sdk_3.2.3/platform/emlib/src/em_usart.o
 *fill*         0x000000000000a055        0x3 
 .rodata        0x000000000000a058       0x89 ./gecko_sdk_3.2.3/platform/service/sleeptimer/src/sl_sleeptimer.o
 *fill*         0x000000000000a0e1        0x3 
 .rodata        0x000000000000a0e4        0x3 ./gecko_sdk_3.2.3/platform/service/sleeptimer/src/sl_sleeptimer_hal_rtc.o
 *fill*         0x000000000000a0e7        0x1 
 .rodata        0x000000000000a0e8       0x80 /Applications/Simplicity Studio.app/Contents/Eclipse/developer/toolchains/gnu_arm/10.2_2020q4/bin/../lib/gcc/arm-none-eabi/10.2.1/thumb/v6-m/nofp/libgcc.a(divsf3.o)
 .rodata        0x000000000000a168       0x40 /Applications/Simplicity Studio.app/Contents/Eclipse/developer/toolchains/gnu_arm/10.2_2020q4/bin/../lib/gcc/arm-none-eabi/10.2.1/thumb/v6-m/nofp/libgcc.a(mulsf3.o)
 .rodata        0x000000000000a1a8       0x40 /Applications/Simplicity Studio.app/Contents/Eclipse/developer/toolchains/gnu_arm/10.2_2020q4/bin/../lib/gcc/arm-none-eabi/10.2.1/thumb/v6-m/nofp/libgcc.a(divdf3.o)
 .rodata        0x000000000000a1e8       0x40 /Applications/Simplicity Studio.app/Contents/Eclipse/developer/toolchains/gnu_arm/10.2_2020q4/bin/../lib/gcc/arm-none-eabi/10.2.1/thumb/v6-m/nofp/libgcc.a(muldf3.o)
 .rodata._global_impure_ptr
                0x000000000000a228        0x4 /Applications/Simplicity Studio.app/Contents/Eclipse/developer/toolchains/gnu_arm/10.2_2020q4/bin/../lib/gcc/arm-none-eabi/10.2.1/../../../../arm-none-eabi/lib/thumb/v6-m/nofp/libc_nano.a(lib_a-impure.o)
                0x000000000000a228                _global_impure_ptr
 .rodata.strtok.str1.1
                0x000000000000a22c       0x72 /Applications/Simplicity Studio.app/Contents/Eclipse/developer/toolchains/gnu_arm/10.2_2020q4/bin/../lib/gcc/arm-none-eabi/10.2.1/../../../../arm-none-eabi/lib/thumb/v6-m/nofp/libc_nano.a(lib_a-strtok.o)
 .rodata.__assert_func.str1.1
                0x000000000000a29e       0x3c /Applications/Simplicity Studio.app/Contents/Eclipse/developer/toolchains/gnu_arm/10.2_2020q4/bin/../lib/gcc/arm-none-eabi/10.2.1/../../../../arm-none-eabi/lib/thumb/v6-m/nofp/libc_nano.a(lib_a-assert.o)
                                         0x3d (size before relaxing)
 .rodata._ctype_
                0x000000000000a2da      0x101 /Applications/Simplicity Studio.app/Contents/Eclipse/developer/toolchains/gnu_arm/10.2_2020q4/bin/../lib/gcc/arm-none-eabi/10.2.1/../../../../arm-none-eabi/lib/thumb/v6-m/nofp/libc_nano.a(lib_a-ctype_.o)
                0x000000000000a2da                _ctype_
 .rodata._svfprintf_r.str1.1
                0x000000000000a3db       0x11 /Applications/Simplicity Studio.app/Contents/Eclipse/developer/toolchains/gnu_arm/10.2_2020q4/bin/../lib/gcc/arm-none-eabi/10.2.1/../../../../arm-none-eabi/lib/thumb/v6-m/nofp/libc_nano.a(lib_a-nano-svfprintf.o)
 .rodata._vfprintf_r.str1.1
                0x000000000000a3ec       0x11 /Applications/Simplicity Studio.app/Contents/Eclipse/developer/toolchains/gnu_arm/10.2_2020q4/bin/../lib/gcc/arm-none-eabi/10.2.1/../../../../arm-none-eabi/lib/thumb/v6-m/nofp/libc_nano.a(lib_a-nano-vfprintf.o)
 .rodata._printf_i.str1.1
                0x000000000000a3ec       0x22 /Applications/Simplicity Studio.app/Contents/Eclipse/developer/toolchains/gnu_arm/10.2_2020q4/bin/../lib/gcc/arm-none-eabi/10.2.1/../../../../arm-none-eabi/lib/thumb/v6-m/nofp/libc_nano.a(lib_a-nano-vfprintf_i.o)
 *fill*         0x000000000000a40e        0x2 
 .rodata.__sf_fake_stderr
                0x000000000000a410       0x20 /Applications/Simplicity Studio.app/Contents/Eclipse/developer/toolchains/gnu_arm/10.2_2020q4/bin/../lib/gcc/arm-none-eabi/10.2.1/../../../../arm-none-eabi/lib/thumb/v6-m/nofp/libc_nano.a(lib_a-findfp.o)
                0x000000000000a410                __sf_fake_stderr
 .rodata.__sf_fake_stdin
                0x000000000000a430       0x20 /Applications/Simplicity Studio.app/Contents/Eclipse/developer/toolchains/gnu_arm/10.2_2020q4/bin/../lib/gcc/arm-none-eabi/10.2.1/../../../../arm-none-eabi/lib/thumb/v6-m/nofp/libc_nano.a(lib_a-findfp.o)
                0x000000000000a430                __sf_fake_stdin
 .rodata.__sf_fake_stdout
                0x000000000000a450       0x20 /Applications/Simplicity Studio.app/Contents/Eclipse/developer/toolchains/gnu_arm/10.2_2020q4/bin/../lib/gcc/arm-none-eabi/10.2.1/../../../../arm-none-eabi/lib/thumb/v6-m/nofp/libc_nano.a(lib_a-findfp.o)
                0x000000000000a450                __sf_fake_stdout
 *(.eh_frame*)
 .eh_frame      0x000000000000a470        0x0 /Applications/Simplicity Studio.app/Contents/Eclipse/developer/toolchains/gnu_arm/10.2_2020q4/bin/../lib/gcc/arm-none-eabi/10.2.1/thumb/v6-m/nofp/crtbegin.o

.glue_7         0x000000000000a470        0x0
 .glue_7        0x000000000000a470        0x0 linker stubs

.glue_7t        0x000000000000a470        0x0
 .glue_7t       0x000000000000a470        0x0 linker stubs

.vfp11_veneer   0x000000000000a470        0x0
 .vfp11_veneer  0x000000000000a470        0x0 linker stubs

.v4_bx          0x000000000000a470        0x0
 .v4_bx         0x000000000000a470        0x0 linker stubs

.iplt           0x000000000000a470        0x0
 .iplt          0x000000000000a470        0x0 /Applications/Simplicity Studio.app/Contents/Eclipse/developer/toolchains/gnu_arm/10.2_2020q4/bin/../lib/gcc/arm-none-eabi/10.2.1/thumb/v6-m/nofp/crtbegin.o

.ARM.extab
 *(.ARM.extab* .gnu.linkonce.armextab.*)
                0x000000000000a470                __exidx_start = .

.ARM.exidx      0x000000000000a470        0x8
 *(.ARM.exidx* .gnu.linkonce.armexidx.*)
 .ARM.exidx     0x000000000000a470        0x8 /Applications/Simplicity Studio.app/Contents/Eclipse/developer/toolchains/gnu_arm/10.2_2020q4/bin/../lib/gcc/arm-none-eabi/10.2.1/../../../../arm-none-eabi/lib/thumb/v6-m/nofp/crt0.o
                                         0x10 (size before relaxing)
 .ARM.exidx     0x000000000000a478        0x0 /Applications/Simplicity Studio.app/Contents/Eclipse/developer/toolchains/gnu_arm/10.2_2020q4/bin/../lib/gcc/arm-none-eabi/10.2.1/thumb/v6-m/nofp/libgcc.a(_udivmoddi4.o)
                                          0x8 (size before relaxing)
                0x000000000000a478                __exidx_end = .
                0x000000000000a478                __etext = .

.rel.dyn        0x000000000000a478        0x0
 .rel.iplt      0x000000000000a478        0x0 /Applications/Simplicity Studio.app/Contents/Eclipse/developer/toolchains/gnu_arm/10.2_2020q4/bin/../lib/gcc/arm-none-eabi/10.2.1/thumb/v6-m/nofp/crtbegin.o
                0x0000000020000000                . = ORIGIN (RAM)

.stack          0x0000000020000000      0x400
                0x0000000020000000                __StackLimit = .
 *(.stack*)
 .stack         0x0000000020000000        0x0 ./gecko_sdk_3.2.3/platform/Device/SiliconLabs/EFM32HG/Source/GCC/startup_efm32hg.o
 .stack         0x0000000020000000      0x400 ./gecko_sdk_3.2.3/platform/common/toolchain/src/sl_memory.o
                0x0000000020000400                . = ALIGN (0x4)
                0x0000000020000400                __StackTop = .
                0x0000000020000400                PROVIDE (__stack = __StackTop)

.noinit
 *(.noinit*)

.data           0x0000000020000400       0x84 load address 0x000000000000a478
                0x0000000020000400                . = ALIGN (0x4)
                0x0000000020000400                __data_start__ = .
 *(vtable)
 *(.data*)
 .data.simple_led0_context
                0x0000000020000400        0x3 ./autogen/sl_simple_led_instances.o
                0x0000000020000400                simple_led0_context
 *fill*         0x0000000020000403        0x1 
 .data.SystemHFXOClock
                0x0000000020000404        0x4 ./gecko_sdk_3.2.3/platform/Device/SiliconLabs/EFM32HG/Source/system_efm32hg.o
 .data.SystemLFXOClock
                0x0000000020000408        0x4 ./gecko_sdk_3.2.3/platform/Device/SiliconLabs/EFM32HG/Source/system_efm32hg.o
 .data.SystemCoreClock
                0x000000002000040c        0x4 ./gecko_sdk_3.2.3/platform/Device/SiliconLabs/EFM32HG/Source/system_efm32hg.o
                0x000000002000040c                SystemCoreClock
 .data.heap_end.0
                0x0000000020000410        0x4 ./gecko_sdk_3.2.3/platform/common/toolchain/src/sl_memory.o
 .data.comp_int_disabled
                0x0000000020000414        0x1 ./gecko_sdk_3.2.3/platform/service/sleeptimer/src/sl_sleeptimer_hal_rtc.o
 *fill*         0x0000000020000415        0x3 
 .data._impure_ptr
                0x0000000020000418        0x4 /Applications/Simplicity Studio.app/Contents/Eclipse/developer/toolchains/gnu_arm/10.2_2020q4/bin/../lib/gcc/arm-none-eabi/10.2.1/../../../../arm-none-eabi/lib/thumb/v6-m/nofp/libc_nano.a(lib_a-impure.o)
                0x0000000020000418                _impure_ptr
 .data.impure_data
                0x000000002000041c       0x60 /Applications/Simplicity Studio.app/Contents/Eclipse/developer/toolchains/gnu_arm/10.2_2020q4/bin/../lib/gcc/arm-none-eabi/10.2.1/../../../../arm-none-eabi/lib/thumb/v6-m/nofp/libc_nano.a(lib_a-impure.o)
                0x000000002000047c                . = ALIGN (0x4)
                [!provide]                        PROVIDE (__ram_func_section_start = .)
 *(.ram)
                [!provide]                        PROVIDE (__ram_func_section_end = .)
                0x000000002000047c                . = ALIGN (0x4)
                0x000000002000047c                PROVIDE (__preinit_array_start = .)
 *(.preinit_array)
                0x000000002000047c                PROVIDE (__preinit_array_end = .)
                0x000000002000047c                . = ALIGN (0x4)
                0x000000002000047c                PROVIDE (__init_array_start = .)
 *(SORT_BY_NAME(.init_array.*))
 *(.init_array)
 .init_array    0x000000002000047c        0x4 /Applications/Simplicity Studio.app/Contents/Eclipse/developer/toolchains/gnu_arm/10.2_2020q4/bin/../lib/gcc/arm-none-eabi/10.2.1/thumb/v6-m/nofp/crtbegin.o
                0x0000000020000480                PROVIDE (__init_array_end = .)
                0x0000000020000480                . = ALIGN (0x4)
                [!provide]                        PROVIDE (__fini_array_start = .)
 *(SORT_BY_NAME(.fini_array.*))
 *(.fini_array)
 .fini_array    0x0000000020000480        0x4 /Applications/Simplicity Studio.app/Contents/Eclipse/developer/toolchains/gnu_arm/10.2_2020q4/bin/../lib/gcc/arm-none-eabi/10.2.1/thumb/v6-m/nofp/crtbegin.o
                [!provide]                        PROVIDE (__fini_array_end = .)
                0x0000000020000484                . = ALIGN (0x4)
                0x0000000020000484                __data_end__ = .

.igot.plt       0x0000000020000484        0x0 load address 0x000000000000a4fc
 .igot.plt      0x0000000020000484        0x0 /Applications/Simplicity Studio.app/Contents/Eclipse/developer/toolchains/gnu_arm/10.2_2020q4/bin/../lib/gcc/arm-none-eabi/10.2.1/thumb/v6-m/nofp/crtbegin.o

.bss            0x0000000020000484      0x1cc load address 0x000000000000a4fc
                0x0000000020000484                . = ALIGN (0x4)
                0x0000000020000484                __bss_start__ = .
 *(.bss*)
 .bss           0x0000000020000484       0x1c /Applications/Simplicity Studio.app/Contents/Eclipse/developer/toolchains/gnu_arm/10.2_2020q4/bin/../lib/gcc/arm-none-eabi/10.2.1/thumb/v6-m/nofp/crtbegin.o
 .bss.timer     0x00000000200004a0       0x1c ./blink.o
                0x00000000200004a0                timer
 .bss.toggle_timeout
                0x00000000200004bc        0x1 ./blink.o
                0x00000000200004bc                toggle_timeout
 *fill*         0x00000000200004bd        0x3 
 .bss.I2C0_STATE_MACHINE
                0x00000000200004c0       0x24 ./i2c.o
 .bss.LEUART0_TX_STATE_MACHINE
                0x00000000200004e4       0x64 ./leuart.o
 .bss.LEUART0_RX_STATE_MACHINE
                0x0000000020000548       0x64 ./leuart.o
 .bss.max17043_read_result
                0x00000000200005ac        0x4 ./max17043.o
 .bss.read_data
                0x00000000200005b0        0x4 ./mfrc522.o
 .bss.head      0x00000000200005b4        0x4 ./path.o
 .bss.tail      0x00000000200005b8        0x4 ./path.o
 .bss.TIMER0_FLAG
                0x00000000200005bc        0x4 ./timer.o
 .bss.SPI0_STATE_MACHINE
                0x00000000200005c0       0x30 ./usart.o
 .bss.SPI1_STATE_MACHINE
                0x00000000200005f0       0x30 ./usart.o
 .bss.overflow_counter
                0x0000000020000620        0x2 ./gecko_sdk_3.2.3/platform/service/sleeptimer/src/sl_sleeptimer.o
 *fill*         0x0000000020000622        0x2 
 .bss.timer_frequency
                0x0000000020000624        0x4 ./gecko_sdk_3.2.3/platform/service/sleeptimer/src/sl_sleeptimer.o
 .bss.timer_head
                0x0000000020000628        0x4 ./gecko_sdk_3.2.3/platform/service/sleeptimer/src/sl_sleeptimer.o
 .bss.last_delta_update_count
                0x000000002000062c        0x4 ./gecko_sdk_3.2.3/platform/service/sleeptimer/src/sl_sleeptimer.o
 .bss.is_sleeptimer_initialized
                0x0000000020000630        0x1 ./gecko_sdk_3.2.3/platform/service/sleeptimer/src/sl_sleeptimer.o
 .bss.next_timer_to_expire_is_power_manager
                0x0000000020000631        0x1 ./gecko_sdk_3.2.3/platform/service/sleeptimer/src/sl_sleeptimer.o
 *fill*         0x0000000020000632        0x2 
 .bss.max_millisecond_conversion
                0x0000000020000634        0x4 ./gecko_sdk_3.2.3/platform/service/sleeptimer/src/sl_sleeptimer.o
 .bss.sleep_on_isr_exit
                0x0000000020000638        0x1 ./gecko_sdk_3.2.3/platform/service/sleeptimer/src/sl_sleeptimer.o
 .bss.rtc_overflow_count
                0x0000000020000639        0x1 ./gecko_sdk_3.2.3/platform/service/sleeptimer/src/sl_sleeptimer_hal_rtc.o
 *fill*         0x000000002000063a        0x2 
 .bss.compare_value_32
                0x000000002000063c        0x4 ./gecko_sdk_3.2.3/platform/service/sleeptimer/src/sl_sleeptimer_hal_rtc.o
 .bss.__malloc_free_list
                0x0000000020000640        0x4 /Applications/Simplicity Studio.app/Contents/Eclipse/developer/toolchains/gnu_arm/10.2_2020q4/bin/../lib/gcc/arm-none-eabi/10.2.1/../../../../arm-none-eabi/lib/thumb/v6-m/nofp/libc_nano.a(lib_a-nano-mallocr.o)
                0x0000000020000640                __malloc_free_list
 .bss.__malloc_sbrk_start
                0x0000000020000644        0x4 /Applications/Simplicity Studio.app/Contents/Eclipse/developer/toolchains/gnu_arm/10.2_2020q4/bin/../lib/gcc/arm-none-eabi/10.2.1/../../../../arm-none-eabi/lib/thumb/v6-m/nofp/libc_nano.a(lib_a-nano-mallocr.o)
                0x0000000020000644                __malloc_sbrk_start
 .bss.errno     0x0000000020000648        0x4 /Applications/Simplicity Studio.app/Contents/Eclipse/developer/toolchains/gnu_arm/10.2_2020q4/bin/../lib/gcc/arm-none-eabi/10.2.1/../../../../arm-none-eabi/lib/thumb/v6-m/nofp/libc_nano.a(lib_a-reent.o)
                0x0000000020000648                errno
 .bss.__lock___malloc_recursive_mutex
                0x000000002000064c        0x1 /Applications/Simplicity Studio.app/Contents/Eclipse/developer/toolchains/gnu_arm/10.2_2020q4/bin/../lib/gcc/arm-none-eabi/10.2.1/../../../../arm-none-eabi/lib/thumb/v6-m/nofp/libc_nano.a(lib_a-lock.o)
                0x000000002000064c                __lock___malloc_recursive_mutex
 .bss.__lock___sfp_recursive_mutex
                0x000000002000064d        0x1 /Applications/Simplicity Studio.app/Contents/Eclipse/developer/toolchains/gnu_arm/10.2_2020q4/bin/../lib/gcc/arm-none-eabi/10.2.1/../../../../arm-none-eabi/lib/thumb/v6-m/nofp/libc_nano.a(lib_a-lock.o)
                0x000000002000064d                __lock___sfp_recursive_mutex
 .bss.__lock___sinit_recursive_mutex
                0x000000002000064e        0x1 /Applications/Simplicity Studio.app/Contents/Eclipse/developer/toolchains/gnu_arm/10.2_2020q4/bin/../lib/gcc/arm-none-eabi/10.2.1/../../../../arm-none-eabi/lib/thumb/v6-m/nofp/libc_nano.a(lib_a-lock.o)
                0x000000002000064e                __lock___sinit_recursive_mutex
 *(COMMON)
                0x0000000020000650                . = ALIGN (0x4)
 *fill*         0x000000002000064f        0x1 
                0x0000000020000650                __bss_end__ = .

.heap           0x0000000020000650     0x19b0
                0x0000000020000650                __HeapBase = .
                0x0000000020000650                __end__ = .
                0x0000000020000650                end = __end__
                0x0000000020000650                _end = __end__
 *(.heap*)
                0x0000000020002000                . = (ORIGIN (RAM) + LENGTH (RAM))
 *fill*         0x0000000020000650     0x19b0 
                0x0000000020002000                __HeapLimit = .
                0x00000000000019b0                __heap_size = (__HeapLimit - __HeapBase)
                0x0000000000010000                __main_flash_end__ = 0x10000

.internal_storage
                0x000000000000a478        0x0
 *(.internal_storage*)

.nvm            0x000000000000a478        0x0
 *(.simee*)
                0x0000000000010000                linker_nvm_end = __main_flash_end__
                0x0000000000010000                linker_nvm_begin = (linker_nvm_end - SIZEOF (.nvm))
                0x0000000000000000                linker_nvm_size = SIZEOF (.nvm)
                0x0000000000010000                linker_storage_end = linker_nvm_begin
                0x0000000000010000                linker_storage_begin = (linker_storage_end - SIZEOF (.internal_storage))
                0x0000000000000000                linker_storage_size = SIZEOF (.internal_storage)
                0x0000000000010000                __nvm3Base = linker_nvm_begin
OUTPUT(EVEE_AT_ONE.axf elf32-littlearm)
LOAD linker stubs

.ARM.attributes
                0x0000000000000000       0x28
 .ARM.attributes
                0x0000000000000000       0x1e /Applications/Simplicity Studio.app/Contents/Eclipse/developer/toolchains/gnu_arm/10.2_2020q4/bin/../lib/gcc/arm-none-eabi/10.2.1/thumb/v6-m/nofp/crti.o
 .ARM.attributes
                0x000000000000001e       0x2c /Applications/Simplicity Studio.app/Contents/Eclipse/developer/toolchains/gnu_arm/10.2_2020q4/bin/../lib/gcc/arm-none-eabi/10.2.1/thumb/v6-m/nofp/crtbegin.o
 .ARM.attributes